Archive member included to satisfy reference by file (symbol)

/Users/georgerosar/Documents/GitHub/iridescentCoconutSynth/gcc-arm-none-eabi-10.3-2021.10/lib/gcc/arm-none-eabi/10.3.1/thumb/v7e-m+dp/hard/libmicropythonTeensy.a(string0.o)
                              /Users/georgerosar/Documents/GitHub/iridescentCoconutSynth/gcc-arm-none-eabi-10.3-2021.10/bin/../lib/gcc/arm-none-eabi/10.3.1/../../../../arm-none-eabi/lib/thumb/v7e-m+dp/hard/crt0.o (memset)
/Users/georgerosar/Documents/GitHub/iridescentCoconutSynth/gcc-arm-none-eabi-10.3-2021.10/lib/gcc/arm-none-eabi/10.3.1/thumb/v7e-m+dp/hard/libTeensy41Core.a(main.o)
                              /Users/georgerosar/Documents/GitHub/iridescentCoconutSynth/gcc-arm-none-eabi-10.3-2021.10/bin/../lib/gcc/arm-none-eabi/10.3.1/../../../../arm-none-eabi/lib/thumb/v7e-m+dp/hard/crt0.o (main)
/Users/georgerosar/Documents/GitHub/iridescentCoconutSynth/gcc-arm-none-eabi-10.3-2021.10/lib/gcc/arm-none-eabi/10.3.1/thumb/v7e-m+dp/hard/libTeensy41Core.a(delay.o)
                              /Users/georgerosar/Documents/GitHub/iridescentCoconutSynth/gcc-arm-none-eabi-10.3-2021.10/lib/gcc/arm-none-eabi/10.3.1/thumb/v7e-m+dp/hard/libTeensy41Core.a(main.o) (delay)
/Users/georgerosar/Documents/GitHub/iridescentCoconutSynth/gcc-arm-none-eabi-10.3-2021.10/lib/gcc/arm-none-eabi/10.3.1/thumb/v7e-m+dp/hard/libTeensy41Core.a(digital.o)
                              /Users/georgerosar/Documents/GitHub/iridescentCoconutSynth/gcc-arm-none-eabi-10.3-2021.10/lib/gcc/arm-none-eabi/10.3.1/thumb/v7e-m+dp/hard/libTeensy41Core.a(main.o) (pinMode)
/Users/georgerosar/Documents/GitHub/iridescentCoconutSynth/gcc-arm-none-eabi-10.3-2021.10/lib/gcc/arm-none-eabi/10.3.1/thumb/v7e-m+dp/hard/libTeensy41Core.a(yield.o)
                              /Users/georgerosar/Documents/GitHub/iridescentCoconutSynth/gcc-arm-none-eabi-10.3-2021.10/lib/gcc/arm-none-eabi/10.3.1/thumb/v7e-m+dp/hard/libTeensy41Core.a(delay.o) (yield)
/Users/georgerosar/Documents/GitHub/iridescentCoconutSynth/gcc-arm-none-eabi-10.3-2021.10/lib/gcc/arm-none-eabi/10.3.1/thumb/v7e-m+dp/hard/libTeensy41Core.a(clockspeed.o)
                              /Users/georgerosar/Documents/GitHub/iridescentCoconutSynth/gcc-arm-none-eabi-10.3-2021.10/lib/gcc/arm-none-eabi/10.3.1/thumb/v7e-m+dp/hard/libTeensy41Core.a(digital.o) (F_CPU_ACTUAL)
/Users/georgerosar/Documents/GitHub/iridescentCoconutSynth/gcc-arm-none-eabi-10.3-2021.10/lib/gcc/arm-none-eabi/10.3.1/thumb/v7e-m+dp/hard/libTeensy41Core.a(EventResponder.o)
                              /Users/georgerosar/Documents/GitHub/iridescentCoconutSynth/gcc-arm-none-eabi-10.3-2021.10/lib/gcc/arm-none-eabi/10.3.1/thumb/v7e-m+dp/hard/libTeensy41Core.a(yield.o) (EventResponder::runningFromYield)
/Users/georgerosar/Documents/GitHub/iridescentCoconutSynth/gcc-arm-none-eabi-10.3-2021.10/lib/gcc/arm-none-eabi/10.3.1/thumb/v7e-m+dp/hard/libTeensy41Core.a(HardwareSerial.o)
                              /Users/georgerosar/Documents/GitHub/iridescentCoconutSynth/gcc-arm-none-eabi-10.3-2021.10/lib/gcc/arm-none-eabi/10.3.1/thumb/v7e-m+dp/hard/libTeensy41Core.a(yield.o) (HardwareSerial::s_count_serials_with_serial_events)
/Users/georgerosar/Documents/GitHub/iridescentCoconutSynth/gcc-arm-none-eabi-10.3-2021.10/lib/gcc/arm-none-eabi/10.3.1/thumb/v7e-m+dp/hard/libTeensy41Core.a(Print.o)
                              /Users/georgerosar/Documents/GitHub/iridescentCoconutSynth/gcc-arm-none-eabi-10.3-2021.10/lib/gcc/arm-none-eabi/10.3.1/thumb/v7e-m+dp/hard/libTeensy41Core.a(HardwareSerial.o) (Print::write(unsigned char const*, unsigned int))
/Users/georgerosar/Documents/GitHub/iridescentCoconutSynth/gcc-arm-none-eabi-10.3-2021.10/lib/gcc/arm-none-eabi/10.3.1/thumb/v7e-m+dp/hard/libTeensy41Core.a(WString.o)
                              /Users/georgerosar/Documents/GitHub/iridescentCoconutSynth/gcc-arm-none-eabi-10.3-2021.10/lib/gcc/arm-none-eabi/10.3.1/thumb/v7e-m+dp/hard/libTeensy41Core.a(Print.o) (String::getBytes(unsigned char*, unsigned int, unsigned int) const)
/Users/georgerosar/Documents/GitHub/iridescentCoconutSynth/gcc-arm-none-eabi-10.3-2021.10/lib/gcc/arm-none-eabi/10.3.1/thumb/v7e-m+dp/hard/libTeensy41Core.a(nonstd.o)
                              /Users/georgerosar/Documents/GitHub/iridescentCoconutSynth/gcc-arm-none-eabi-10.3-2021.10/lib/gcc/arm-none-eabi/10.3.1/thumb/v7e-m+dp/hard/libTeensy41Core.a(WString.o) (ultoa)
/Users/georgerosar/Documents/GitHub/iridescentCoconutSynth/gcc-arm-none-eabi-10.3-2021.10/lib/gcc/arm-none-eabi/10.3.1/thumb/v7e-m+dp/hard/libTeensy41Core.a(pwm.o)
                              /Users/georgerosar/Documents/GitHub/iridescentCoconutSynth/gcc-arm-none-eabi-10.3-2021.10/lib/gcc/arm-none-eabi/10.3.1/thumb/v7e-m+dp/hard/libTeensy41Core.a(HardwareSerial.o) (xbar_connect)
/Users/georgerosar/Documents/GitHub/iridescentCoconutSynth/gcc-arm-none-eabi-10.3-2021.10/lib/gcc/arm-none-eabi/10.3.1/thumb/v7e-m+dp/hard/libTeensy41Core.a(startup.o)
[...]
Memory Configuration

Name             Origin             Length             Attributes
*default*        0x0000000000000000 0xffffffffffffffff

Linker script and memory map

LOAD /Users/georgerosar/Documents/GitHub/iridescentCoconutSynth/gcc-arm-none-eabi-10.3-2021.10/bin/../lib/gcc/arm-none-eabi/10.3.1/thumb/v7e-m+dp/hard/crti.o
LOAD /Users/georgerosar/Documents/GitHub/iridescentCoconutSynth/gcc-arm-none-eabi-10.3-2021.10/bin/../lib/gcc/arm-none-eabi/10.3.1/thumb/v7e-m+dp/hard/crtbegin.o
LOAD /Users/georgerosar/Documents/GitHub/iridescentCoconutSynth/gcc-arm-none-eabi-10.3-2021.10/bin/../lib/gcc/arm-none-eabi/10.3.1/../../../../arm-none-eabi/lib/thumb/v7e-m+dp/hard/crt0.o
LOAD ./VintageDreamsWavesvTwoAAA_samples.o
LOAD ./VintageDreamsWavesvTwoAAHS_samples.o
LOAD ./VintageDreamsWavesvTwoADDITIVEBELL_samples.o
LOAD ./VintageDreamsWavesvTwoADDITIVEThree_samples.o
LOAD ./VintageDreamsWavesvTwoANALOGBONGOHI_samples.o
LOAD ./VintageDreamsWavesvTwoANALOGBONGOLO_samples.o
LOAD ./VintageDreamsWavesvTwoANALOGBONGOMED_samples.o
LOAD ./VintageDreamsWavesvTwoANALOGBOOMKICK_samples.o
LOAD ./VintageDreamsWavesvTwoANALOGCLAPSOne_samples.o
LOAD ./VintageDreamsWavesvTwoANALOGCLAPSThree_samples.o
LOAD ./VintageDreamsWavesvTwoANALOGCLAPSTwo_samples.o
LOAD ./VintageDreamsWavesvTwoANALOGCLAVE_samples.o
LOAD ./VintageDreamsWavesvTwoANALOGCOWBELL_samples.o
LOAD ./VintageDreamsWavesvTwoANALOGCRASHCYMBALOne_samples.o
LOAD ./VintageDreamsWavesvTwoANALOGCRASHCYMBALTwo_samples.o
LOAD ./VintageDreamsWavesvTwoANALOGHATCLOSEDThree_samples.o
LOAD ./VintageDreamsWavesvTwoANALOGHATCLOSEDTwo_samples.o
LOAD ./VintageDreamsWavesvTwoANALOGHATCLOSED_samples.o
LOAD ./VintageDreamsWavesvTwoANALOGHATOPENThree_samples.o
LOAD ./VintageDreamsWavesvTwoANALOGHATOPENTwo_samples.o
LOAD ./VintageDreamsWavesvTwoANALOGHATOPEN_samples.o
LOAD ./VintageDreamsWavesvTwoANALOGHITOMOne_samples.o
LOAD ./VintageDreamsWavesvTwoANALOGHITOMTwo_samples.o
LOAD ./VintageDreamsWavesvTwoANALOGKICKOne_samples.o
LOAD ./VintageDreamsWavesvTwoANALOGKICKThree_samples.o
LOAD ./VintageDreamsWavesvTwoANALOGKICKTwo_samples.o
LOAD ./VintageDreamsWavesvTwoANALOGLASER_samples.o
LOAD ./VintageDreamsWavesvTwoANALOGLOTOMOne_samples.o
LOAD ./VintageDreamsWavesvTwoANALOGLOTOMTwo_samples.o
LOAD ./VintageDreamsWavesvTwoANALOGMARACAS_samples.o
LOAD ./VintageDreamsWavesvTwoANALOGMIDTOMOne_samples.o
LOAD ./VintageDreamsWavesvTwoANALOGMIDTOMTwo_samples.o
LOAD ./VintageDreamsWavesvTwoANALOGPHASER_samples.o
LOAD ./VintageDreamsWavesvTwoANALOGPOPSCLOne_samples.o
LOAD ./VintageDreamsWavesvTwoANALOGPOPSCLTwo_samples.o
LOAD ./VintageDreamsWavesvTwoANALOGPOPSOPOne_samples.o
LOAD ./VintageDreamsWavesvTwoANALOGPOPSOPTwo_samples.o
LOAD ./VintageDreamsWavesvTwoANALOGRIMSHOT_samples.o
LOAD ./VintageDreamsWavesvTwoANALOGSNAPPYBD_samples.o
LOAD ./VintageDreamsWavesvTwoANALOGSNAPSNARE_samples.o
LOAD ./VintageDreamsWavesvTwoANALOGSNAREEight_samples.o
LOAD ./VintageDreamsWavesvTwoANALOGSNAREFive_samples.o
LOAD ./VintageDreamsWavesvTwoANALOGSNAREFour_samples.o
LOAD ./VintageDreamsWavesvTwoANALOGSNARENine_samples.o
LOAD ./VintageDreamsWavesvTwoANALOGSNAREOne_samples.o
LOAD ./VintageDreamsWavesvTwoANALOGSNARESeven_samples.o
LOAD ./VintageDreamsWavesvTwoANALOGSNARESix_samples.o
LOAD ./VintageDreamsWavesvTwoANALOGSNAREThree_samples.o
LOAD ./VintageDreamsWavesvTwoANALOGSNARETwo_samples.o
LOAD ./VintageDreamsWavesvTwoANALOGTAMBOURINE_samples.o
LOAD ./VintageDreamsWavesvTwoANALOGTHROBKICK_samples.o
LOAD ./VintageDreamsWavesvTwoANALOGZAPCLOSED_samples.o
LOAD ./VintageDreamsWavesvTwoANALOGZAPOPEN_samples.o
LOAD ./VintageDreamsWavesvTwoBELLS_samples.o
LOAD ./VintageDreamsWavesvTwoBREEZE_samples.o
LOAD ./VintageDreamsWavesvTwoCLINK_samples.o
LOAD ./VintageDreamsWavesvTwoCRSevenEightBONGOHI_samples.o
LOAD ./VintageDreamsWavesvTwoCRSevenEightBONGOLO_samples.o
LOAD ./VintageDreamsWavesvTwoCRSevenEightBONGOMID_samples.o
LOAD ./VintageDreamsWavesvTwoCRSevenEightCLAVE_samples.o
LOAD ./VintageDreamsWavesvTwoCRSevenEightCOWBELL_samples.o
LOAD ./VintageDreamsWavesvTwoCRSevenEightGUIRO_samples.o
LOAD ./VintageDreamsWavesvTwoCRSevenEightHATCLOSED_samples.o
LOAD ./VintageDreamsWavesvTwoCRSevenEightHATOPEN_samples.o
LOAD ./VintageDreamsWavesvTwoCRSevenEightHITOMOne_samples.o
LOAD ./VintageDreamsWavesvTwoCRSevenEightHITOMTwo_samples.o
LOAD ./VintageDreamsWavesvTwoCRSevenEightKICKOne_samples.o
LOAD ./VintageDreamsWavesvTwoCRSevenEightKICKTwo_samples.o
LOAD ./VintageDreamsWavesvTwoCRSevenEightLOTOMOne_samples.o
LOAD ./VintageDreamsWavesvTwoCRSevenEightLOTOMTwo_samples.o
LOAD ./VintageDreamsWavesvTwoCRSevenEightMARACAS_samples.o
LOAD ./VintageDreamsWavesvTwoCRSevenEightMETAL_samples.o
LOAD ./VintageDreamsWavesvTwoCRSevenEightMIDTOMOne_samples.o
LOAD ./VintageDreamsWavesvTwoCRSevenEightMIDTOMTwo_samples.o
LOAD ./VintageDreamsWavesvTwoCRSevenEightRIMSHOT_samples.o
LOAD ./VintageDreamsWavesvTwoCRSevenEightSNAREOne_samples.o
LOAD ./VintageDreamsWavesvTwoCRSevenEightSNARETwo_samples.o
LOAD ./VintageDreamsWavesvTwoCRSevenEightTAMBOURINE_samples.o
LOAD ./VintageDreamsWavesvTwoDMOne_samples.o
LOAD ./VintageDreamsWavesvTwoDMThree_samples.o
LOAD ./VintageDreamsWavesvTwoDMTwo_samples.o
LOAD ./VintageDreamsWavesvTwoELECTRICBASS_samples.o
LOAD ./VintageDreamsWavesvTwoELECTRONICKICKOne_samples.o
LOAD ./VintageDreamsWavesvTwoELECTRONICKICKTwo_samples.o
LOAD ./VintageDreamsWavesvTwoELECTRONICSDOne_samples.o
LOAD ./VintageDreamsWavesvTwoELECTRONICSDTwo_samples.o
LOAD ./VintageDreamsWavesvTwoELECTRONICTOMHIOne_samples.o
LOAD ./VintageDreamsWavesvTwoELECTRONICTOMHITwo_samples.o
LOAD ./VintageDreamsWavesvTwoELECTRONICTOMLOOne_samples.o
LOAD ./VintageDreamsWavesvTwoELECTRONICTOMLOTwo_samples.o
LOAD ./VintageDreamsWavesvTwoELECTRONICTOMMIDOne_samples.o
LOAD ./VintageDreamsWavesvTwoELECTRONICTOMMIDTwo_samples.o
LOAD ./VintageDreamsWavesvTwoEightZeroEightBASSDRUMBOOMOne_samples.o
LOAD ./VintageDreamsWavesvTwoEightZeroEightBASSDRUMBOOMTwo_samples.o
LOAD ./VintageDreamsWavesvTwoEightZeroEightBASSDRUMHI_samples.o
LOAD ./VintageDreamsWavesvTwoEightZeroEightBASSDRUMLO_samples.o
LOAD ./VintageDreamsWavesvTwoEightZeroEightBASSDRUMMUTE_samples.o
LOAD ./VintageDreamsWavesvTwoEightZeroEightBASSDRUMSHORT_samples.o
LOAD ./VintageDreamsWavesvTwoEightZeroEightBONGOHI_samples.o
LOAD ./VintageDreamsWavesvTwoEightZeroEightBONGOLO_samples.o
LOAD ./VintageDreamsWavesvTwoEightZeroEightBONGOMID_samples.o
LOAD ./VintageDreamsWavesvTwoEightZeroEightCLAPFive_samples.o
LOAD ./VintageDreamsWavesvTwoEightZeroEightCLAVES_samples.o
LOAD ./VintageDreamsWavesvTwoEightZeroEightCOWBELLOne_samples.o
LOAD ./VintageDreamsWavesvTwoEightZeroEightCYMBALTwo_samples.o
LOAD ./VintageDreamsWavesvTwoEightZeroEightClap_samples.o
LOAD ./VintageDreamsWavesvTwoEightZeroEightClave_samples.o
LOAD ./VintageDreamsWavesvTwoEightZeroEightCongaHi_samples.o
LOAD ./VintageDreamsWavesvTwoEightZeroEightCongaLo_samples.o
LOAD ./VintageDreamsWavesvTwoEightZeroEightCongaMed_samples.o
LOAD ./VintageDreamsWavesvTwoEightZeroEightCowbell_samples.o
LOAD ./VintageDreamsWavesvTwoEightZeroEightCymbal_samples.o
LOAD ./VintageDreamsWavesvTwoEightZeroEightHATCLOSEDFour_samples.o
LOAD ./VintageDreamsWavesvTwoEightZeroEightHATOPENThree_samples.o
LOAD ./VintageDreamsWavesvTwoEightZeroEightHITOMOne_samples.o
LOAD ./VintageDreamsWavesvTwoEightZeroEightHITOMTwo_samples.o
LOAD ./VintageDreamsWavesvTwoEightZeroEightHatClosed_samples.o
LOAD ./VintageDreamsWavesvTwoEightZeroEightHatOpen_samples.o
LOAD ./VintageDreamsWavesvTwoEightZeroEightKickOne_samples.o
LOAD ./VintageDreamsWavesvTwoEightZeroEightKickTwo_samples.o
LOAD ./VintageDreamsWavesvTwoEightZeroEightLOTOMOne_samples.o
LOAD ./VintageDreamsWavesvTwoEightZeroEightLOTOMTwo_samples.o
LOAD ./VintageDreamsWavesvTwoEightZeroEightMARACASZero_samples.o
LOAD ./VintageDreamsWavesvTwoEightZeroEightMIDTOMOne_samples.o
LOAD ./VintageDreamsWavesvTwoEightZeroEightMIDTOMTwo_samples.o
LOAD ./VintageDreamsWavesvTwoEightZeroEightMaracas_samples.o
LOAD ./VintageDreamsWavesvTwoEightZeroEightRIMSHOT_samples.o
LOAD ./VintageDreamsWavesvTwoEightZeroEightRim_samples.o
LOAD ./VintageDreamsWavesvTwoEightZeroEightSNAREDRUMHI_samples.o
LOAD ./VintageDreamsWavesvTwoEightZeroEightSNAREDRUMLO_samples.o
LOAD ./VintageDreamsWavesvTwoEightZeroEightSNAREFILTERED_samples.o
LOAD ./VintageDreamsWavesvTwoEightZeroEightSNAREHIGH_samples.o
LOAD ./VintageDreamsWavesvTwoEightZeroEightSNARESHARP_samples.o
LOAD ./VintageDreamsWavesvTwoEightZeroEightSnareOne_samples.o
LOAD ./VintageDreamsWavesvTwoEightZeroEightSnareTwo_samples.o
LOAD ./VintageDreamsWavesvTwoEightZeroEightTomHiOne_samples.o
LOAD ./VintageDreamsWavesvTwoEightZeroEightTomHiTwo_samples.o
LOAD ./VintageDreamsWavesvTwoEightZeroEightTomLoOne_samples.o
LOAD ./VintageDreamsWavesvTwoEightZeroEightTomLoTwo_samples.o
LOAD ./VintageDreamsWavesvTwoEightZeroEightTomMedOne_samples.o
LOAD ./VintageDreamsWavesvTwoEightZeroEightTomMedTwo_samples.o
LOAD ./VintageDreamsWavesvTwoEightZeroEightULTRASNAPPY_samples.o
LOAD ./VintageDreamsWavesvTwoFAERIECHORAL_samples.o
LOAD ./VintageDreamsWavesvTwoFMBELLTwo_samples.o
LOAD ./VintageDreamsWavesvTwoFMCLANG_samples.o
LOAD ./VintageDreamsWavesvTwoFMOne_samples.o
LOAD ./VintageDreamsWavesvTwoFMThree_samples.o
LOAD ./VintageDreamsWavesvTwoFMTwo_samples.o
LOAD ./VintageDreamsWavesvTwoGRUNGE_samples.o
LOAD ./VintageDreamsWavesvTwoHALFRECTIFICATION_samples.o
LOAD ./VintageDreamsWavesvTwoHARSHFMBASS_samples.o
LOAD ./VintageDreamsWavesvTwoInstrumentEight_samples.o
LOAD ./VintageDreamsWavesvTwoInstrumentNine_samples.o
LOAD ./VintageDreamsWavesvTwoInstrumentOneFive_samples.o
LOAD ./VintageDreamsWavesvTwoInstrumentOneSix_samples.o
LOAD ./VintageDreamsWavesvTwoInstrumentThree_samples.o
LOAD ./VintageDreamsWavesvTwoKRAFTWERKBDFive_samples.o
LOAD ./VintageDreamsWavesvTwoKRAFTWERKBDFour_samples.o
LOAD ./VintageDreamsWavesvTwoKRAFTWERKBDOne_samples.o
LOAD ./VintageDreamsWavesvTwoKRAFTWERKBDThree_samples.o
LOAD ./VintageDreamsWavesvTwoKRAFTWERKBDTwo_samples.o
LOAD ./VintageDreamsWavesvTwoKRAFTWERKCYMBAL_samples.o
LOAD ./VintageDreamsWavesvTwoKRAFTWERKHATCL_samples.o
LOAD ./VintageDreamsWavesvTwoKRAFTWERKHATOP_samples.o
LOAD ./VintageDreamsWavesvTwoKRAFTWERKKLAPS_samples.o
LOAD ./VintageDreamsWavesvTwoKRAFTWERKRIMSHOT_samples.o
LOAD ./VintageDreamsWavesvTwoKRAFTWERKSDFive_samples.o
LOAD ./VintageDreamsWavesvTwoKRAFTWERKSDFour_samples.o
LOAD ./VintageDreamsWavesvTwoKRAFTWERKSDOne_samples.o
LOAD ./VintageDreamsWavesvTwoKRAFTWERKSDSeven_samples.o
LOAD ./VintageDreamsWavesvTwoKRAFTWERKSDSix_samples.o
LOAD ./VintageDreamsWavesvTwoKRAFTWERKSDThree_samples.o
LOAD ./VintageDreamsWavesvTwoKRAFTWERKSDTwo_samples.o
LOAD ./VintageDreamsWavesvTwoMELODICVIBRATO_samples.o
LOAD ./VintageDreamsWavesvTwoNineZeroNineBASSBOOM_samples.o
LOAD ./VintageDreamsWavesvTwoNineZeroNineBASSDRUMHI_samples.o
LOAD ./VintageDreamsWavesvTwoNineZeroNineBASSDRUMLO_samples.o
LOAD ./VintageDreamsWavesvTwoNineZeroNineBASSDRUMOne_samples.o
LOAD ./VintageDreamsWavesvTwoNineZeroNineBASSDRUMTwo_samples.o
LOAD ./VintageDreamsWavesvTwoNineZeroNineCLAP_samples.o
LOAD ./VintageDreamsWavesvTwoNineZeroNineHATCLOSED_samples.o
LOAD ./VintageDreamsWavesvTwoNineZeroNineHATOPEN_samples.o
LOAD ./VintageDreamsWavesvTwoNineZeroNineRIM_samples.o
LOAD ./VintageDreamsWavesvTwoNineZeroNineSNAREHI_samples.o
LOAD ./VintageDreamsWavesvTwoNineZeroNineSNARELO_samples.o
LOAD ./VintageDreamsWavesvTwoNineZeroNineSNAREOne_samples.o
LOAD ./VintageDreamsWavesvTwoNineZeroNineSNARETwo_samples.o
LOAD ./VintageDreamsWavesvTwoNineZeroNineTOMHIOne_samples.o
LOAD ./VintageDreamsWavesvTwoNineZeroNineTOMHITwo_samples.o
LOAD ./VintageDreamsWavesvTwoNineZeroNineTOMLOOne_samples.o
LOAD ./VintageDreamsWavesvTwoNineZeroNineTOMLOTwo_samples.o
LOAD ./VintageDreamsWavesvTwoNineZeroNineTOMMIDOne_samples.o
LOAD ./VintageDreamsWavesvTwoNineZeroNineTOMMIDTwo_samples.o
LOAD ./VintageDreamsWavesvTwoOINK_samples.o
LOAD ./VintageDreamsWavesvTwoOneZeroOneBONGOHI_samples.o
LOAD ./VintageDreamsWavesvTwoOneZeroOneBONGOLO_samples.o
LOAD ./VintageDreamsWavesvTwoOneZeroOneBONGOMID_samples.o
LOAD ./VintageDreamsWavesvTwoOneZeroOneCLAPS_samples.o
LOAD ./VintageDreamsWavesvTwoOneZeroOneCOWBELL_samples.o
LOAD ./VintageDreamsWavesvTwoOneZeroOneCYMBAL_samples.o
LOAD ./VintageDreamsWavesvTwoOneZeroOneHATCLEXTRA_samples.o
LOAD ./VintageDreamsWavesvTwoOneZeroOneHATCLOSED_samples.o
LOAD ./VintageDreamsWavesvTwoOneZeroOneHATOPEN_samples.o
LOAD ./VintageDreamsWavesvTwoOneZeroOneHATOPEXTRA_samples.o
LOAD ./VintageDreamsWavesvTwoOneZeroOneHITOMOne_samples.o
LOAD ./VintageDreamsWavesvTwoOneZeroOneHITOMTwo_samples.o
LOAD ./VintageDreamsWavesvTwoOneZeroOneKICKEXTRAOne_samples.o
LOAD ./VintageDreamsWavesvTwoOneZeroOneKICKEXTRAThree_samples.o
LOAD ./VintageDreamsWavesvTwoOneZeroOneKICKEXTRATwo_samples.o
LOAD ./VintageDreamsWavesvTwoOneZeroOneKICKOne_samples.o
LOAD ./VintageDreamsWavesvTwoOneZeroOneKICKTwo_samples.o
LOAD ./VintageDreamsWavesvTwoOneZeroOneLASEROne_samples.o
LOAD ./VintageDreamsWavesvTwoOneZeroOneLASERThree_samples.o
LOAD ./VintageDreamsWavesvTwoOneZeroOneLASERTwo_samples.o
LOAD ./VintageDreamsWavesvTwoOneZeroOneLOTOMOne_samples.o
LOAD ./VintageDreamsWavesvTwoOneZeroOneLOTOMTwo_samples.o
LOAD ./VintageDreamsWavesvTwoOneZeroOneMARACAS_samples.o
LOAD ./VintageDreamsWavesvTwoOneZeroOneMIDTOMOne_samples.o
LOAD ./VintageDreamsWavesvTwoOneZeroOneMIDTOMTwo_samples.o
LOAD ./VintageDreamsWavesvTwoOneZeroOneRIMSHOT_samples.o
LOAD ./VintageDreamsWavesvTwoOneZeroOneSHAKER_samples.o
LOAD ./VintageDreamsWavesvTwoOneZeroOneSNAREEXTRAOne_samples.o
LOAD ./VintageDreamsWavesvTwoOneZeroOneSNAREEXTRAThree_samples.o
LOAD ./VintageDreamsWavesvTwoOneZeroOneSNAREEXTRATwo_samples.o
LOAD ./VintageDreamsWavesvTwoOneZeroOneSNAREEXTRAZeroTwo_samples.o
LOAD ./VintageDreamsWavesvTwoOneZeroOneSNAREOne_samples.o
LOAD ./VintageDreamsWavesvTwoOneZeroOneSNARETwo_samples.o
LOAD ./VintageDreamsWavesvTwoOneZeroOneTAMBOURINE_samples.o
LOAD ./VintageDreamsWavesvTwoPIPES_samples.o
LOAD ./VintageDreamsWavesvTwoSAWTOOTH_samples.o
LOAD ./VintageDreamsWavesvTwoSINEWAVE_samples.o
LOAD ./VintageDreamsWavesvTwoSMOOTHSAW_samples.o
LOAD ./VintageDreamsWavesvTwoSMOOTHSQUARE_samples.o
LOAD ./VintageDreamsWavesvTwoSQUAREWAVE_samples.o
LOAD ./VintageDreamsWavesvTwoTRIANGLEWAVE_samples.o
LOAD ./VintageDreamsWavesvTwoVIBRAPHONE_samples.o
LOAD ./VintageDreamsWavesvTwoWHITENOISEThree_samples.o
LOAD ./VintageDreamsWavesvTwoWHITENOISEZero_samples.o
LOAD ./sample_VintageDreamsWavesvTwo_191_sample.o
LOAD ./sample_VintageDreamsWavesvTwo_1_sample.o
LOAD ./sample_VintageDreamsWavesvTwo_808BD_sample.o
LOAD ./sample_VintageDreamsWavesvTwo_909BD11_sample.o
LOAD ./sample_VintageDreamsWavesvTwo_AAH_sample.o
LOAD ./sample_VintageDreamsWavesvTwo_BD1_sample.o
LOAD ./sample_VintageDreamsWavesvTwo_BELL10000_sample.o
LOAD ./sample_VintageDreamsWavesvTwo_BELL4_sample.o
LOAD ./sample_VintageDreamsWavesvTwo_Bell20440_sample.o
LOAD ./sample_VintageDreamsWavesvTwo_CLAP21_sample.o
LOAD ./sample_VintageDreamsWavesvTwo_CLAP2_sample.o
LOAD ./sample_VintageDreamsWavesvTwo_CLICK_sample.o
LOAD ./sample_VintageDreamsWavesvTwo_FM40440_sample.o
LOAD ./sample_VintageDreamsWavesvTwo_FM50440_sample.o
LOAD ./sample_VintageDreamsWavesvTwo_FM90000_sample.o
LOAD ./sample_VintageDreamsWavesvTwo_Fm2_a1_sample.o
LOAD ./sample_VintageDreamsWavesvTwo_Fm2_a2_sample.o
LOAD ./sample_VintageDreamsWavesvTwo_Fm2_a3_sample.o
LOAD ./sample_VintageDreamsWavesvTwo_Fm2_a4_sample.o
LOAD ./sample_VintageDreamsWavesvTwo_Fm3_a1_sample.o
LOAD ./sample_VintageDreamsWavesvTwo_Fm3_a2_sample.o
LOAD ./sample_VintageDreamsWavesvTwo_Fm3_a3_sample.o
LOAD ./sample_VintageDreamsWavesvTwo_Fm3_a4_sample.o
LOAD ./sample_VintageDreamsWavesvTwo_GRUNGE_sample.o
LOAD ./sample_VintageDreamsWavesvTwo_HISS_sample.o
LOAD ./sample_VintageDreamsWavesvTwo_HOLLOW_sample.o
LOAD ./sample_VintageDreamsWavesvTwo_HR1_sample.o
LOAD ./sample_VintageDreamsWavesvTwo_HR2_sample.o
LOAD ./sample_VintageDreamsWavesvTwo_HR3_sample.o
LOAD ./sample_VintageDreamsWavesvTwo_HR4_sample.o
LOAD ./sample_VintageDreamsWavesvTwo_LASER1_sample.o
LOAD ./sample_VintageDreamsWavesvTwo_MOD2_C3_sample.o
LOAD ./sample_VintageDreamsWavesvTwo_NOISE3_sample.o
LOAD ./sample_VintageDreamsWavesvTwo_NOISE5_sample.o
LOAD ./sample_VintageDreamsWavesvTwo_NOISE6_sample.o
LOAD ./sample_VintageDreamsWavesvTwo_Noise3_20_sample.o
LOAD ./sample_VintageDreamsWavesvTwo_Noise4_sample.o
LOAD ./sample_VintageDreamsWavesvTwo_RIM_sample.o
LOAD ./sample_VintageDreamsWavesvTwo_SAW1_sample.o
LOAD ./sample_VintageDreamsWavesvTwo_SAW2_sample.o
LOAD ./sample_VintageDreamsWavesvTwo_SAW3_sample.o
LOAD ./sample_VintageDreamsWavesvTwo_SAW4_sample.o
LOAD ./sample_VintageDreamsWavesvTwo_SINE32_sample.o
LOAD ./sample_VintageDreamsWavesvTwo_SINEHI_0_sample.o
LOAD ./sample_VintageDreamsWavesvTwo_SINEHI_10_sample.o
LOAD ./sample_VintageDreamsWavesvTwo_SINEHI_11_sample.o
LOAD ./sample_VintageDreamsWavesvTwo_SINEHI_12_sample.o
LOAD ./sample_VintageDreamsWavesvTwo_SINEHI_13_sample.o
LOAD ./sample_VintageDreamsWavesvTwo_SINEHI_14_sample.o
LOAD ./sample_VintageDreamsWavesvTwo_SINEHI_15_sample.o
LOAD ./sample_VintageDreamsWavesvTwo_SINEHI_16_sample.o
LOAD ./sample_VintageDreamsWavesvTwo_SINEHI_17_sample.o
LOAD ./sample_VintageDreamsWavesvTwo_SINEHI_18_sample.o
LOAD ./sample_VintageDreamsWavesvTwo_SINEHI_19_sample.o
LOAD ./sample_VintageDreamsWavesvTwo_SINEHI_1_sample.o
LOAD ./sample_VintageDreamsWavesvTwo_SINEHI_2_sample.o
LOAD ./sample_VintageDreamsWavesvTwo_SINEHI_3_sample.o
LOAD ./sample_VintageDreamsWavesvTwo_SINEHI_4_sample.o
LOAD ./sample_VintageDreamsWavesvTwo_SINEHI_5_sample.o
LOAD ./sample_VintageDreamsWavesvTwo_SINEHI_6_sample.o
LOAD ./sample_VintageDreamsWavesvTwo_SINEHI_7_sample.o
LOAD ./sample_VintageDreamsWavesvTwo_SINEHI_8_sample.o
LOAD ./sample_VintageDreamsWavesvTwo_SINEHI_9_sample.o
LOAD ./sample_VintageDreamsWavesvTwo_SQ1_sample.o
LOAD ./sample_VintageDreamsWavesvTwo_SQ2_sample.o
LOAD ./sample_VintageDreamsWavesvTwo_SQ3_sample.o
LOAD ./sample_VintageDreamsWavesvTwo_SQ4_sample.o
LOAD ./sample_VintageDreamsWavesvTwo_SQUARE2_sample.o
LOAD ./sample_VintageDreamsWavesvTwo_SQUARELO_sample.o
LOAD ./sample_VintageDreamsWavesvTwo_Saw_a1_sample.o
LOAD ./sample_VintageDreamsWavesvTwo_Saw_a2_sample.o
LOAD ./sample_VintageDreamsWavesvTwo_Saw_a3_sample.o
LOAD ./sample_VintageDreamsWavesvTwo_Saw_a4_sample.o
LOAD ./sample_VintageDreamsWavesvTwo_SineWave_sample.o
LOAD ./sample_VintageDreamsWavesvTwo_Sine_a1_sample.o
LOAD ./sample_VintageDreamsWavesvTwo_Sine_a2_sample.o
LOAD ./sample_VintageDreamsWavesvTwo_Sine_a3_sample.o
LOAD ./sample_VintageDreamsWavesvTwo_Sine_a4_sample.o
LOAD ./sample_VintageDreamsWavesvTwo_Sq_a1_sample.o
LOAD ./sample_VintageDreamsWavesvTwo_Sq_a2_sample.o
LOAD ./sample_VintageDreamsWavesvTwo_Sq_a3_sample.o
LOAD ./sample_VintageDreamsWavesvTwo_Sq_a4_sample.o
LOAD ./sample_VintageDreamsWavesvTwo_THROBDRUM_sample.o
LOAD ./sample_VintageDreamsWavesvTwo_TR909BD_sample.o
LOAD ./sample_VintageDreamsWavesvTwo_TRIANGLE_sample.o
LOAD ./sample_VintageDreamsWavesvTwo_TRIHI_sample.o
LOAD ./sample_VintageDreamsWavesvTwo_Tri2_sample.o
LOAD ./sample_VintageDreamsWavesvTwo_TriSq_sample.o
LOAD ./sample_VintageDreamsWavesvTwo_Tri_a1_sample.o
LOAD ./sample_VintageDreamsWavesvTwo_Tri_a2_sample.o
LOAD ./sample_VintageDreamsWavesvTwo_Tri_a3_sample.o
LOAD ./sample_VintageDreamsWavesvTwo_Tri_a4_sample.o
LOAD ./sample_VintageDreamsWavesvTwo_W10000_sample.o
LOAD ./sample_VintageDreamsWavesvTwo_W12_1_sample.o
LOAD ./sample_VintageDreamsWavesvTwo_W12_2_sample.o
LOAD ./sample_VintageDreamsWavesvTwo_W12_4_sample.o
LOAD ./sample_VintageDreamsWavesvTwo_W13_3_sample.o
LOAD ./sample_VintageDreamsWavesvTwo_W6_1_sample.o
LOAD ./sample_VintageDreamsWavesvTwo_W6_2_sample.o
LOAD ./sample_VintageDreamsWavesvTwo_W6_3_sample.o
LOAD ./sample_VintageDreamsWavesvTwo_W6_4_sample.o
LOAD ./sample_VintageDreamsWavesvTwo_W7_1_sample.o
LOAD ./sample_VintageDreamsWavesvTwo_W7_2_sample.o
LOAD ./sample_VintageDreamsWavesvTwo_W7_3_sample.o
LOAD ./sample_VintageDreamsWavesvTwo_W7_4_sample.o
LOAD ./sample_VintageDreamsWavesvTwo_W8_1_sample.o
LOAD ./sample_VintageDreamsWavesvTwo_W8_2_sample.o
LOAD ./sample_VintageDreamsWavesvTwo_W8_3_sample.o
LOAD ./sample_VintageDreamsWavesvTwo_W8_4_sample.o
LOAD ./sample_VintageDreamsWavesvTwo_WAV5_sample.o
LOAD ./sample_VintageDreamsWavesvTwo_WHITE2_sample.o
LOAD ./sample_VintageDreamsWavesvTwo_WHITE3_sample.o
LOAD ./sample_VintageDreamsWavesvTwo_WHITE4_sample.o
LOAD ./sample_VintageDreamsWavesvTwo_add3_a1_sample.o
LOAD ./sample_VintageDreamsWavesvTwo_add3_a2_sample.o
LOAD ./sample_VintageDreamsWavesvTwo_add3_a3_sample.o
LOAD ./sample_VintageDreamsWavesvTwo_add3_a4_sample.o
LOAD ./sample_VintageDreamsWavesvTwo_bdloop_sample.o
LOAD ./sample_VintageDreamsWavesvTwo_claploop_sample.o
LOAD ./sample_VintageDreamsWavesvTwo_cowbell_sample.o
LOAD ./sample_VintageDreamsWavesvTwo_dm1_a1_sample.o
LOAD ./sample_VintageDreamsWavesvTwo_dm1_a2_sample.o
LOAD ./sample_VintageDreamsWavesvTwo_dm1_a3_sample.o
LOAD ./sample_VintageDreamsWavesvTwo_dm1_a4_sample.o
LOAD ./sample_VintageDreamsWavesvTwo_dm2_a1_sample.o
LOAD ./sample_VintageDreamsWavesvTwo_dm2_a2_sample.o
LOAD ./sample_VintageDreamsWavesvTwo_dm2_a3_sample.o
LOAD ./sample_VintageDreamsWavesvTwo_dm2_a4_sample.o
LOAD ./sample_VintageDreamsWavesvTwo_dm3_a1_sample.o
LOAD ./sample_VintageDreamsWavesvTwo_dm3_a2_sample.o
LOAD ./sample_VintageDreamsWavesvTwo_dm3_a3_sample.o
LOAD ./sample_VintageDreamsWavesvTwo_dm3_a4_sample.o
LOAD ./sample_VintageDreamsWavesvTwo_dm4_a1_sample.o
LOAD ./sample_VintageDreamsWavesvTwo_dm4_a2_sample.o
LOAD ./sample_VintageDreamsWavesvTwo_dm4_a3_sample.o
LOAD ./sample_VintageDreamsWavesvTwo_dm4_a4_sample.o
LOAD ./sample_VintageDreamsWavesvTwo_sinehi_sample.o
LOAD ./sample_VintageDreamsWavesvTwo_wav1_1_sample.o
LOAD ./sample_VintageDreamsWavesvTwo_wav1_2_sample.o
LOAD ./sample_VintageDreamsWavesvTwo_wav1_3_sample.o
LOAD ./sample_VintageDreamsWavesvTwo_wav1_4_sample.o
LOAD ./sample_VintageDreamsWavesvTwo_white5_sample.o
LOAD ./sample_VintageDreamsWavesvTwo_white8082_sample.o
LOAD /Users/georgerosar/Documents/GitHub/iridescentCoconutSynth/gcc-arm-none-eabi-10.3-2021.10/bin/../lib/gcc/arm-none-eabi/10.3.1/thumb/v7e-m+dp/hard/libgcc.a
LOAD /Users/georgerosar/Documents/GitHub/iridescentCoconutSynth/gcc-arm-none-eabi-10.3-2021.10/lib/gcc/arm-none-eabi/10.3.1/thumb/v7e-m+dp/hard/libarm_cortexM7lfsp_math.a
LOAD /Users/georgerosar/Documents/GitHub/iridescentCoconutSynth/gcc-arm-none-eabi-10.3-2021.10/bin/../lib/gcc/arm-none-eabi/10.3.1/../../../../arm-none-eabi/lib/thumb/v7e-m+dp/hard/libstdc++.a
LOAD /Users/georgerosar/Documents/GitHub/iridescentCoconutSynth/gcc-arm-none-eabi-10.3-2021.10/lib/gcc/arm-none-eabi/10.3.1/thumb/v7e-m+dp/hard/libmicropythonTeensy.a
LOAD /Users/georgerosar/Documents/GitHub/iridescentCoconutSynth/gcc-arm-none-eabi-10.3-2021.10/lib/gcc/arm-none-eabi/10.3.1/thumb/v7e-m+dp/hard/libTeensyStreamLib.a
LOAD /Users/georgerosar/Documents/GitHub/iridescentCoconutSynth/gcc-arm-none-eabi-10.3-2021.10/lib/gcc/arm-none-eabi/10.3.1/thumb/v7e-m+dp/hard/libTeensy41Core.a
LOAD /Users/georgerosar/Documents/GitHub/iridescentCoconutSynth/gcc-arm-none-eabi-10.3-2021.10/lib/gcc/arm-none-eabi/10.3.1/thumb/v7e-m+dp/hard/libTeensyWire.a
LOAD /Users/georgerosar/Documents/GitHub/iridescentCoconutSynth/gcc-arm-none-eabi-10.3-2021.10/lib/gcc/arm-none-eabi/10.3.1/thumb/v7e-m+dp/hard/libTeensySPI.a
LOAD /Users/georgerosar/Documents/GitHub/iridescentCoconutSynth/gcc-arm-none-eabi-10.3-2021.10/lib/gcc/arm-none-eabi/10.3.1/thumb/v7e-m+dp/hard/libTeensySerialFlash.a
LOAD /Users/georgerosar/Documents/GitHub/iridescentCoconutSynth/gcc-arm-none-eabi-10.3-2021.10/lib/gcc/arm-none-eabi/10.3.1/thumb/v7e-m+dp/hard/libTeensyAudio.a
LOAD /Users/georgerosar/Documents/GitHub/iridescentCoconutSynth/gcc-arm-none-eabi-10.3-2021.10/bin/../lib/gcc/arm-none-eabi/10.3.1/../../../../arm-none-eabi/lib/thumb/v7e-m+dp/hard/libstdc++.a
LOAD /Users/georgerosar/Documents/GitHub/iridescentCoconutSynth/gcc-arm-none-eabi-10.3-2021.10/bin/../lib/gcc/arm-none-eabi/10.3.1/../../../../arm-none-eabi/lib/thumb/v7e-m+dp/hard/libm.a
START GROUP
LOAD /Users/georgerosar/Documents/GitHub/iridescentCoconutSynth/gcc-arm-none-eabi-10.3-2021.10/lib/gcc/arm-none-eabi/10.3.1/thumb/v7e-m+dp/hard/libgcc.a
END GROUP
LOAD /Users/georgerosar/Documents/GitHub/iridescentCoconutSynth/gcc-arm-none-eabi-10.3-2021.10/bin/../lib/gcc/arm-none-eabi/10.3.1/thumb/v7e-m+dp/hard/crtend.o
LOAD /Users/georgerosar/Documents/GitHub/iridescentCoconutSynth/gcc-arm-none-eabi-10.3-2021.10/bin/../lib/gcc/arm-none-eabi/10.3.1/thumb/v7e-m+dp/hard/crtn.o
                0x00000000000000b4                . = (SEGMENT_START ("text-segment", 0x0) + SIZEOF_HEADERS)

.note.gnu.build-id
 *(.note.gnu.build-id)

.hash           0x00000000000000b4     0x1584
 *(.hash)
 .hash          0x00000000000000b4     0x1584 /Users/georgerosar/Documents/GitHub/iridescentCoconutSynth/gcc-arm-none-eabi-10.3-2021.10/bin/../lib/gcc/arm-none-eabi/10.3.1/thumb/v7e-m+dp/hard/crti.o

.gnu.hash
 *(.gnu.hash)

.dynsym         0x0000000000001638     0x3560
 *(.dynsym)
 .dynsym        0x0000000000001638     0x3560 /Users/georgerosar/Documents/GitHub/iridescentCoconutSynth/gcc-arm-none-eabi-10.3-2021.10/bin/../lib/gcc/arm-none-eabi/10.3.1/thumb/v7e-m+dp/hard/crti.o

.dynstr         0x0000000000004b98     0x6afe
 *(.dynstr)
 .dynstr        0x0000000000004b98     0x6afe /Users/georgerosar/Documents/GitHub/iridescentCoconutSynth/gcc-arm-none-eabi-10.3-2021.10/bin/../lib/gcc/arm-none-eabi/10.3.1/thumb/v7e-m+dp/hard/crti.o

.gnu.version    0x000000000000b696        0x0
 *(.gnu.version)
 .gnu.version   0x000000000000b696        0x0 /Users/georgerosar/Documents/GitHub/iridescentCoconutSynth/gcc-arm-none-eabi-10.3-2021.10/bin/../lib/gcc/arm-none-eabi/10.3.1/thumb/v7e-m+dp/hard/crti.o

.gnu.version_d  0x000000000000b698        0x0
 *(.gnu.version_d)
 .gnu.version_d
                0x000000000000b698        0x0 /Users/georgerosar/Documents/GitHub/iridescentCoconutSynth/gcc-arm-none-eabi-10.3-2021.10/bin/../lib/gcc/arm-none-eabi/10.3.1/thumb/v7e-m+dp/hard/crti.o

.gnu.version_r  0x000000000000b698        0x0
 *(.gnu.version_r)
 .gnu.version_r
                0x000000000000b698        0x0 /Users/georgerosar/Documents/GitHub/iridescentCoconutSynth/gcc-arm-none-eabi-10.3-2021.10/bin/../lib/gcc/arm-none-eabi/10.3.1/thumb/v7e-m+dp/hard/crti.o

.rel.dyn        0x000000000000b698     0x1de8
 *(.rel.init)
 *(.rel.text .rel.text.* .rel.gnu.linkonce.t.*)
 .rel.text      0x000000000000b698       0xa0 /Users/georgerosar/Documents/GitHub/iridescentCoconutSynth/gcc-arm-none-eabi-10.3-2021.10/bin/../lib/gcc/arm-none-eabi/10.3.1/thumb/v7e-m+dp/hard/crti.o
 .rel.text.delay
                0x000000000000b738       0x20 /Users/georgerosar/Documents/GitHub/iridescentCoconutSynth/gcc-arm-none-eabi-10.3-2021.10/bin/../lib/gcc/arm-none-eabi/10.3.1/thumb/v7e-m+dp/hard/crti.o
 .rel.text.micros
                0x000000000000b758       0x20 /Users/georgerosar/Documents/GitHub/iridescentCoconutSynth/gcc-arm-none-eabi-10.3-2021.10/bin/../lib/gcc/arm-none-eabi/10.3.1/thumb/v7e-m+dp/hard/crti.o
 .rel.text.digitalWrite.part.0
                0x000000000000b778        0x8 /Users/georgerosar/Documents/GitHub/iridescentCoconutSynth/gcc-arm-none-eabi-10.3-2021.10/bin/../lib/gcc/arm-none-eabi/10.3.1/thumb/v7e-m+dp/hard/crti.o
 .rel.text.digitalWrite
                0x000000000000b780        0x8 /Users/georgerosar/Documents/GitHub/iridescentCoconutSynth/gcc-arm-none-eabi-10.3-2021.10/bin/../lib/gcc/arm-none-eabi/10.3.1/thumb/v7e-m+dp/hard/crti.o
 .rel.text.digitalToggle
                0x000000000000b788        0x8 /Users/georgerosar/Documents/GitHub/iridescentCoconutSynth/gcc-arm-none-eabi-10.3-2021.10/bin/../lib/gcc/arm-none-eabi/10.3.1/thumb/v7e-m+dp/hard/crti.o
 .rel.text.digitalRead
                0x000000000000b790        0x8 /Users/georgerosar/Documents/GitHub/iridescentCoconutSynth/gcc-arm-none-eabi-10.3-2021.10/bin/../lib/gcc/arm-none-eabi/10.3.1/thumb/v7e-m+dp/hard/crti.o
 .rel.text.pinMode
                0x000000000000b798        0x8 /Users/georgerosar/Documents/GitHub/iridescentCoconutSynth/gcc-arm-none-eabi-10.3-2021.10/bin/../lib/gcc/arm-none-eabi/10.3.1/thumb/v7e-m+dp/hard/crti.o
 .rel.text.shiftOut_lsbFirst
                0x000000000000b7a0       0x10 /Users/georgerosar/Documents/GitHub/iridescentCoconutSynth/gcc-arm-none-eabi-10.3-2021.10/bin/../lib/gcc/arm-none-eabi/10.3.1/thumb/v7e-m+dp/hard/crti.o
 .rel.text.shiftIn_lsbFirst
                0x000000000000b7b0        0x8 /Users/georgerosar/Documents/GitHub/iridescentCoconutSynth/gcc-arm-none-eabi-10.3-2021.10/bin/../lib/gcc/arm-none-eabi/10.3.1/thumb/v7e-m+dp/hard/crti.o
 .rel.text.shiftIn_msbFirst
                0x000000000000b7b8        0x8 /Users/georgerosar/Documents/GitHub/iridescentCoconutSynth/gcc-arm-none-eabi-10.3-2021.10/bin/../lib/gcc/arm-none-eabi/10.3.1/thumb/v7e-m+dp/hard/crti.o
 .rel.text.pulseIn_high
                0x000000000000b7c0        0x8 /Users/georgerosar/Documents/GitHub/iridescentCoconutSynth/gcc-arm-none-eabi-10.3-2021.10/bin/../lib/gcc/arm-none-eabi/10.3.1/thumb/v7e-m+dp/hard/crti.o
 .rel.text.pulseIn_low
                0x000000000000b7c8        0x8 /Users/georgerosar/Documents/GitHub/iridescentCoconutSynth/gcc-arm-none-eabi-10.3-2021.10/bin/../lib/gcc/arm-none-eabi/10.3.1/thumb/v7e-m+dp/hard/crti.o
 .rel.text.yield
                0x000000000000b7d0       0x38 /Users/georgerosar/Documents/GitHub/iridescentCoconutSynth/gcc-arm-none-eabi-10.3-2021.10/bin/../lib/gcc/arm-none-eabi/10.3.1/thumb/v7e-m+dp/hard/crti.o
 .rel.text.set_arm_clock
                0x000000000000b808       0x18 /Users/georgerosar/Documents/GitHub/iridescentCoconutSynth/gcc-arm-none-eabi-10.3-2021.10/bin/../lib/gcc/arm-none-eabi/10.3.1/thumb/v7e-m+dp/hard/crti.o
 .rel.text._ZN14EventResponder24triggerEventNotImmediateEv
                0x000000000000b820       0x20 /Users/georgerosar/Documents/GitHub/iridescentCoconutSynth/gcc-arm-none-eabi-10.3-2021.10/bin/../lib/gcc/arm-none-eabi/10.3.1/thumb/v7e-m+dp/hard/crti.o
 .rel.text._ZN14EventResponder16runFromInterruptEv
                0x000000000000b840       0x10 /Users/georgerosar/Documents/GitHub/iridescentCoconutSynth/gcc-arm-none-eabi-10.3-2021.10/bin/../lib/gcc/arm-none-eabi/10.3.1/thumb/v7e-m+dp/hard/crti.o
 .rel.text._ZN14EventResponder10clearEventEv
                0x000000000000b850       0x20 /Users/georgerosar/Documents/GitHub/iridescentCoconutSynth/gcc-arm-none-eabi-10.3-2021.10/bin/../lib/gcc/arm-none-eabi/10.3.1/thumb/v7e-m+dp/hard/crti.o
 .rel.text._ZN14EventResponder18detachNoInterruptsEv
                0x000000000000b870       0x20 /Users/georgerosar/Documents/GitHub/iridescentCoconutSynth/gcc-arm-none-eabi-10.3-2021.10/bin/../lib/gcc/arm-none-eabi/10.3.1/thumb/v7e-m+dp/hard/crti.o
 .rel.text._ZN11MillisTimer16addToWaitingListEv
                0x000000000000b890        0x8 /Users/georgerosar/Documents/GitHub/iridescentCoconutSynth/gcc-arm-none-eabi-10.3-2021.10/bin/../lib/gcc/arm-none-eabi/10.3.1/thumb/v7e-m+dp/hard/crti.o
 .rel.text._ZN11MillisTimer15addToActiveListEv
                0x000000000000b898        0x8 /Users/georgerosar/Documents/GitHub/iridescentCoconutSynth/gcc-arm-none-eabi-10.3-2021.10/bin/../lib/gcc/arm-none-eabi/10.3.1/thumb/v7e-m+dp/hard/crti.o
 .rel.text._ZN11MillisTimer3endEv
                0x000000000000b8a0       0x10 /Users/georgerosar/Documents/GitHub/iridescentCoconutSynth/gcc-arm-none-eabi-10.3-2021.10/bin/../lib/gcc/arm-none-eabi/10.3.1/thumb/v7e-m+dp/hard/crti.o
 .rel.text._ZN11MillisTimer5beginEmR14EventResponder
                0x000000000000b8b0        0x8 /Users/georgerosar/Documents/GitHub/iridescentCoconutSynth/gcc-arm-none-eabi-10.3-2021.10/bin/../lib/gcc/arm-none-eabi/10.3.1/thumb/v7e-m+dp/hard/crti.o
 .rel.text._ZN11MillisTimer14beginRepeatingEmR14EventResponder
                0x000000000000b8b8        0x8 /Users/georgerosar/Documents/GitHub/iridescentCoconutSynth/gcc-arm-none-eabi-10.3-2021.10/bin/../lib/gcc/arm-none-eabi/10.3.1/thumb/v7e-m+dp/hard/crti.o
 .rel.text._ZN11MillisTimer12runFromTimerEv
                0x000000000000b8c0       0x18 /Users/georgerosar/Documents/GitHub/iridescentCoconutSynth/gcc-arm-none-eabi-10.3-2021.10/bin/../lib/gcc/arm-none-eabi/10.3.1/thumb/v7e-m+dp/hard/crti.o
 .rel.text.systick_isr
                0x000000000000b8d8       0x10 /Users/georgerosar/Documents/GitHub/iridescentCoconutSynth/gcc-arm-none-eabi-10.3-2021.10/bin/../lib/gcc/arm-none-eabi/10.3.1/thumb/v7e-m+dp/hard/crti.o
 .rel.text.systick_isr_with_timer_events
                0x000000000000b8e8       0x10 /Users/georgerosar/Documents/GitHub/iridescentCoconutSynth/gcc-arm-none-eabi-10.3-2021.10/bin/../lib/gcc/arm-none-eabi/10.3.1/thumb/v7e-m+dp/hard/crti.o
 .rel.text._ZN14HardwareSerial5beginEmt
                0x000000000000b8f8       0x28 /Users/georgerosar/Documents/GitHub/iridescentCoconutSynth/gcc-arm-none-eabi-10.3-2021.10/bin/../lib/gcc/arm-none-eabi/10.3.1/thumb/v7e-m+dp/hard/crti.o
 .rel.text._ZN14HardwareSerial3endEv
                0x000000000000b920        0x8 /Users/georgerosar/Documents/GitHub/iridescentCoconutSynth/gcc-arm-none-eabi-10.3-2021.10/bin/../lib/gcc/arm-none-eabi/10.3.1/thumb/v7e-m+dp/hard/crti.o
 .rel.text._ZN14HardwareSerial17transmitterEnableEh
                0x000000000000b928        0x8 /Users/georgerosar/Documents/GitHub/iridescentCoconutSynth/gcc-arm-none-eabi-10.3-2021.10/bin/../lib/gcc/arm-none-eabi/10.3.1/thumb/v7e-m+dp/hard/crti.o
 .rel.text._ZN14HardwareSerial5setRXEh
                0x000000000000b930       0x10 /Users/georgerosar/Documents/GitHub/iridescentCoconutSynth/gcc-arm-none-eabi-10.3-2021.10/bin/../lib/gcc/arm-none-eabi/10.3.1/thumb/v7e-m+dp/hard/crti.o
 .rel.text._ZN14HardwareSerial5setTXEhb
                0x000000000000b940        0x8 /Users/georgerosar/Documents/GitHub/iridescentCoconutSynth/gcc-arm-none-eabi-10.3-2021.10/bin/../lib/gcc/arm-none-eabi/10.3.1/thumb/v7e-m+dp/hard/crti.o
 .rel.text._ZN14HardwareSerial9attachRtsEh
                0x000000000000b948        0x8 /Users/georgerosar/Documents/GitHub/iridescentCoconutSynth/gcc-arm-none-eabi-10.3-2021.10/bin/../lib/gcc/arm-none-eabi/10.3.1/thumb/v7e-m+dp/hard/crti.o
 .rel.text._ZN14HardwareSerial9attachCtsEh
                0x000000000000b950       0x10 /Users/georgerosar/Documents/GitHub/iridescentCoconutSynth/gcc-arm-none-eabi-10.3-2021.10/bin/../lib/gcc/arm-none-eabi/10.3.1/thumb/v7e-m+dp/hard/crti.o
 .rel.text._ZN14HardwareSerial21addToSerialEventsListEv
                0x000000000000b960       0x18 /Users/georgerosar/Documents/GitHub/iridescentCoconutSynth/gcc-arm-none-eabi-10.3-2021.10/bin/../lib/gcc/arm-none-eabi/10.3.1/thumb/v7e-m+dp/hard/crti.o
 .rel.text._ZN5Print5writeEPKhj
                0x000000000000b978        0x8 /Users/georgerosar/Documents/GitHub/iridescentCoconutSynth/gcc-arm-none-eabi-10.3-2021.10/bin/../lib/gcc/arm-none-eabi/10.3.1/thumb/v7e-m+dp/hard/crti.o
 .rel.text._ZN5Print11printNumberEmhh
                0x000000000000b980        0x8 /Users/georgerosar/Documents/GitHub/iridescentCoconutSynth/gcc-arm-none-eabi-10.3-2021.10/bin/../lib/gcc/arm-none-eabi/10.3.1/thumb/v7e-m+dp/hard/crti.o
 .rel.text._ZN5Print10printFloatEdh
                0x000000000000b988       0x18 /Users/georgerosar/Documents/GitHub/iridescentCoconutSynth/gcc-arm-none-eabi-10.3-2021.10/bin/../lib/gcc/arm-none-eabi/10.3.1/thumb/v7e-m+dp/hard/crti.o
 .rel.text._ZN6StringixEj
                0x000000000000b9a0        0x8 /Users/georgerosar/Documents/GitHub/iridescentCoconutSynth/gcc-arm-none-eabi-10.3-2021.10/bin/../lib/gcc/arm-none-eabi/10.3.1/thumb/v7e-m+dp/hard/crti.o
 .rel.text.dtostrf
                0x000000000000b9a8       0x10 /Users/georgerosar/Documents/GitHub/iridescentCoconutSynth/gcc-arm-none-eabi-10.3-2021.10/bin/../lib/gcc/arm-none-eabi/10.3.1/thumb/v7e-m+dp/hard/crti.o
 .rel.text.flexpwmWrite
                0x000000000000b9b8        0x8 /Users/georgerosar/Documents/GitHub/iridescentCoconutSynth/gcc-arm-none-eabi-10.3-2021.10/bin/../lib/gcc/arm-none-eabi/10.3.1/thumb/v7e-m+dp/hard/crti.o
 .rel.text.flexpwmFrequency
                0x000000000000b9c0        0x8 /Users/georgerosar/Documents/GitHub/iridescentCoconutSynth/gcc-arm-none-eabi-10.3-2021.10/bin/../lib/gcc/arm-none-eabi/10.3.1/thumb/v7e-m+dp/hard/crti.o
 .rel.text.quadtimerWrite
                0x000000000000b9c8        0x8 /Users/georgerosar/Documents/GitHub/iridescentCoconutSynth/gcc-arm-none-eabi-10.3-2021.10/bin/../lib/gcc/arm-none-eabi/10.3.1/thumb/v7e-m+dp/hard/crti.o
 .rel.text.quadtimerFrequency
                0x000000000000b9d0        0x8 /Users/georgerosar/Documents/GitHub/iridescentCoconutSynth/gcc-arm-none-eabi-10.3-2021.10/bin/../lib/gcc/arm-none-eabi/10.3.1/thumb/v7e-m+dp/hard/crti.o
 .rel.text.analogWrite
                0x000000000000b9d8       0x18 /Users/georgerosar/Documents/GitHub/iridescentCoconutSynth/gcc-arm-none-eabi-10.3-2021.10/bin/../lib/gcc/arm-none-eabi/10.3.1/thumb/v7e-m+dp/hard/crti.o
 .rel.text.analogWriteFrequency
                0x000000000000b9f0        0x8 /Users/georgerosar/Documents/GitHub/iridescentCoconutSynth/gcc-arm-none-eabi-10.3-2021.10/bin/../lib/gcc/arm-none-eabi/10.3.1/thumb/v7e-m+dp/hard/crti.o
 .rel.text.analogWriteRes
                0x000000000000b9f8        0x8 /Users/georgerosar/Documents/GitHub/iridescentCoconutSynth/gcc-arm-none-eabi-10.3-2021.10/bin/../lib/gcc/arm-none-eabi/10.3.1/thumb/v7e-m+dp/hard/crti.o
 .rel.text.unused_interrupt_vector
                0x000000000000ba00        0x8 /Users/georgerosar/Documents/GitHub/iridescentCoconutSynth/gcc-arm-none-eabi-10.3-2021.10/bin/../lib/gcc/arm-none-eabi/10.3.1/thumb/v7e-m+dp/hard/crti.o
 .rel.text._sbrk
                0x000000000000ba08       0x10 /Users/georgerosar/Documents/GitHub/iridescentCoconutSynth/gcc-arm-none-eabi-10.3-2021.10/bin/../lib/gcc/arm-none-eabi/10.3.1/thumb/v7e-m+dp/hard/crti.o
 .rel.text.tempmonGetTemp
                0x000000000000ba18       0x20 /Users/georgerosar/Documents/GitHub/iridescentCoconutSynth/gcc-arm-none-eabi-10.3-2021.10/bin/../lib/gcc/arm-none-eabi/10.3.1/thumb/v7e-m+dp/hard/crti.o
 .rel.text.endpoint0_receive
                0x000000000000ba38       0x20 /Users/georgerosar/Documents/GitHub/iridescentCoconutSynth/gcc-arm-none-eabi-10.3-2021.10/bin/../lib/gcc/arm-none-eabi/10.3.1/thumb/v7e-m+dp/hard/crti.o
 .rel.text.endpoint0_transmit.constprop.0
                0x000000000000ba58       0x20 /Users/georgerosar/Documents/GitHub/iridescentCoconutSynth/gcc-arm-none-eabi-10.3-2021.10/bin/../lib/gcc/arm-none-eabi/10.3.1/thumb/v7e-m+dp/hard/crti.o
 .rel.text.usb_start_sof_interrupts
                0x000000000000ba78        0x8 /Users/georgerosar/Documents/GitHub/iridescentCoconutSynth/gcc-arm-none-eabi-10.3-2021.10/bin/../lib/gcc/arm-none-eabi/10.3.1/thumb/v7e-m+dp/hard/crti.o
 .rel.text.usb_stop_sof_interrupts
                0x000000000000ba80        0x8 /Users/georgerosar/Documents/GitHub/iridescentCoconutSynth/gcc-arm-none-eabi-10.3-2021.10/bin/../lib/gcc/arm-none-eabi/10.3.1/thumb/v7e-m+dp/hard/crti.o
 .rel.text.usb_isr
                0x000000000000ba88      0x118 /Users/georgerosar/Documents/GitHub/iridescentCoconutSynth/gcc-arm-none-eabi-10.3-2021.10/bin/../lib/gcc/arm-none-eabi/10.3.1/thumb/v7e-m+dp/hard/crti.o
 .rel.text.usb_config_rx
                0x000000000000bba0       0x10 /Users/georgerosar/Documents/GitHub/iridescentCoconutSynth/gcc-arm-none-eabi-10.3-2021.10/bin/../lib/gcc/arm-none-eabi/10.3.1/thumb/v7e-m+dp/hard/crti.o
 .rel.text.usb_config_tx
                0x000000000000bbb0       0x10 /Users/georgerosar/Documents/GitHub/iridescentCoconutSynth/gcc-arm-none-eabi-10.3-2021.10/bin/../lib/gcc/arm-none-eabi/10.3.1/thumb/v7e-m+dp/hard/crti.o
 .rel.text.usb_config_rx_iso
                0x000000000000bbc0       0x10 /Users/georgerosar/Documents/GitHub/iridescentCoconutSynth/gcc-arm-none-eabi-10.3-2021.10/bin/../lib/gcc/arm-none-eabi/10.3.1/thumb/v7e-m+dp/hard/crti.o
 .rel.text.usb_config_tx_iso
                0x000000000000bbd0       0x10 /Users/georgerosar/Documents/GitHub/iridescentCoconutSynth/gcc-arm-none-eabi-10.3-2021.10/bin/../lib/gcc/arm-none-eabi/10.3.1/thumb/v7e-m+dp/hard/crti.o
 .rel.text.usb_transmit
                0x000000000000bbe0        0x8 /Users/georgerosar/Documents/GitHub/iridescentCoconutSynth/gcc-arm-none-eabi-10.3-2021.10/bin/../lib/gcc/arm-none-eabi/10.3.1/thumb/v7e-m+dp/hard/crti.o
 .rel.text.usb_receive
                0x000000000000bbe8        0x8 /Users/georgerosar/Documents/GitHub/iridescentCoconutSynth/gcc-arm-none-eabi-10.3-2021.10/bin/../lib/gcc/arm-none-eabi/10.3.1/thumb/v7e-m+dp/hard/crti.o
 .rel.text.usb_init_serialnumber
                0x000000000000bbf0        0x8 /Users/georgerosar/Documents/GitHub/iridescentCoconutSynth/gcc-arm-none-eabi-10.3-2021.10/bin/../lib/gcc/arm-none-eabi/10.3.1/thumb/v7e-m+dp/hard/crti.o
 .rel.text.sysex_byte
                0x000000000000bbf8       0x18 /Users/georgerosar/Documents/GitHub/iridescentCoconutSynth/gcc-arm-none-eabi-10.3-2021.10/bin/../lib/gcc/arm-none-eabi/10.3.1/thumb/v7e-m+dp/hard/crti.o
 .rel.text.rx_queue_transfer
                0x000000000000bc10       0x30 /Users/georgerosar/Documents/GitHub/iridescentCoconutSynth/gcc-arm-none-eabi-10.3-2021.10/bin/../lib/gcc/arm-none-eabi/10.3.1/thumb/v7e-m+dp/hard/crti.o
 .rel.text.rx_event
                0x000000000000bc40       0x70 /Users/georgerosar/Documents/GitHub/iridescentCoconutSynth/gcc-arm-none-eabi-10.3-2021.10/bin/../lib/gcc/arm-none-eabi/10.3.1/thumb/v7e-m+dp/hard/crti.o
 .rel.text.usb_midi_write_packed.part.0
                0x000000000000bcb0       0x48 /Users/georgerosar/Documents/GitHub/iridescentCoconutSynth/gcc-arm-none-eabi-10.3-2021.10/bin/../lib/gcc/arm-none-eabi/10.3.1/thumb/v7e-m+dp/hard/crti.o
 .rel.text.usb_midi_configure
                0x000000000000bcf8       0x78 /Users/georgerosar/Documents/GitHub/iridescentCoconutSynth/gcc-arm-none-eabi-10.3-2021.10/bin/../lib/gcc/arm-none-eabi/10.3.1/thumb/v7e-m+dp/hard/crti.o
 .rel.text.usb_midi_write_packed
                0x000000000000bd70        0x8 /Users/georgerosar/Documents/GitHub/iridescentCoconutSynth/gcc-arm-none-eabi-10.3-2021.10/bin/../lib/gcc/arm-none-eabi/10.3.1/thumb/v7e-m+dp/hard/crti.o
 .rel.text.usb_midi_flush_output
                0x000000000000bd78       0x30 /Users/georgerosar/Documents/GitHub/iridescentCoconutSynth/gcc-arm-none-eabi-10.3-2021.10/bin/../lib/gcc/arm-none-eabi/10.3.1/thumb/v7e-m+dp/hard/crti.o
 .rel.text.usb_midi_send_sysex_buffer_has_term
                0x000000000000bda8        0x8 /Users/georgerosar/Documents/GitHub/iridescentCoconutSynth/gcc-arm-none-eabi-10.3-2021.10/bin/../lib/gcc/arm-none-eabi/10.3.1/thumb/v7e-m+dp/hard/crti.o
 .rel.text.usb_midi_send_sysex_add_term_bytes
                0x000000000000bdb0        0x8 /Users/georgerosar/Documents/GitHub/iridescentCoconutSynth/gcc-arm-none-eabi-10.3-2021.10/bin/../lib/gcc/arm-none-eabi/10.3.1/thumb/v7e-m+dp/hard/crti.o
 .rel.text.usb_midi_available
                0x000000000000bdb8        0x8 /Users/georgerosar/Documents/GitHub/iridescentCoconutSynth/gcc-arm-none-eabi-10.3-2021.10/bin/../lib/gcc/arm-none-eabi/10.3.1/thumb/v7e-m+dp/hard/crti.o
 .rel.text.usb_midi_read_message
                0x000000000000bdc0       0x38 /Users/georgerosar/Documents/GitHub/iridescentCoconutSynth/gcc-arm-none-eabi-10.3-2021.10/bin/../lib/gcc/arm-none-eabi/10.3.1/thumb/v7e-m+dp/hard/crti.o
 .rel.text.usb_midi_read
                0x000000000000bdf8      0x178 /Users/georgerosar/Documents/GitHub/iridescentCoconutSynth/gcc-arm-none-eabi-10.3-2021.10/bin/../lib/gcc/arm-none-eabi/10.3.1/thumb/v7e-m+dp/hard/crti.o
 .rel.text.usb_serial_flush_callback
                0x000000000000bf70       0x30 /Users/georgerosar/Documents/GitHub/iridescentCoconutSynth/gcc-arm-none-eabi-10.3-2021.10/bin/../lib/gcc/arm-none-eabi/10.3.1/thumb/v7e-m+dp/hard/crti.o
 .rel.text.usb_serial_write.part.0
                0x000000000000bfa0       0x40 /Users/georgerosar/Documents/GitHub/iridescentCoconutSynth/gcc-arm-none-eabi-10.3-2021.10/bin/../lib/gcc/arm-none-eabi/10.3.1/thumb/v7e-m+dp/hard/crti.o
 .rel.text.usb_serial_configure
                0x000000000000bfe0       0x78 /Users/georgerosar/Documents/GitHub/iridescentCoconutSynth/gcc-arm-none-eabi-10.3-2021.10/bin/../lib/gcc/arm-none-eabi/10.3.1/thumb/v7e-m+dp/hard/crti.o
 .rel.text.usb_serial_read
                0x000000000000c058       0x38 /Users/georgerosar/Documents/GitHub/iridescentCoconutSynth/gcc-arm-none-eabi-10.3-2021.10/bin/../lib/gcc/arm-none-eabi/10.3.1/thumb/v7e-m+dp/hard/crti.o
 .rel.text.usb_serial_peekchar
                0x000000000000c090       0x28 /Users/georgerosar/Documents/GitHub/iridescentCoconutSynth/gcc-arm-none-eabi-10.3-2021.10/bin/../lib/gcc/arm-none-eabi/10.3.1/thumb/v7e-m+dp/hard/crti.o
 .rel.text.usb_serial_available
                0x000000000000c0b8        0x8 /Users/georgerosar/Documents/GitHub/iridescentCoconutSynth/gcc-arm-none-eabi-10.3-2021.10/bin/../lib/gcc/arm-none-eabi/10.3.1/thumb/v7e-m+dp/hard/crti.o
 .rel.text.usb_serial_flush_input
                0x000000000000c0c0       0x30 /Users/georgerosar/Documents/GitHub/iridescentCoconutSynth/gcc-arm-none-eabi-10.3-2021.10/bin/../lib/gcc/arm-none-eabi/10.3.1/thumb/v7e-m+dp/hard/crti.o
 .rel.text.usb_serial_putchar
                0x000000000000c0f0        0x8 /Users/georgerosar/Documents/GitHub/iridescentCoconutSynth/gcc-arm-none-eabi-10.3-2021.10/bin/../lib/gcc/arm-none-eabi/10.3.1/thumb/v7e-m+dp/hard/crti.o
 .rel.text.usb_serial_write
                0x000000000000c0f8        0x8 /Users/georgerosar/Documents/GitHub/iridescentCoconutSynth/gcc-arm-none-eabi-10.3-2021.10/bin/../lib/gcc/arm-none-eabi/10.3.1/thumb/v7e-m+dp/hard/crti.o
 .rel.text.usb_serial_write_buffer_free
                0x000000000000c100       0x18 /Users/georgerosar/Documents/GitHub/iridescentCoconutSynth/gcc-arm-none-eabi-10.3-2021.10/bin/../lib/gcc/arm-none-eabi/10.3.1/thumb/v7e-m+dp/hard/crti.o
 .rel.text.usb_serial_flush_output
                0x000000000000c118       0x30 /Users/georgerosar/Documents/GitHub/iridescentCoconutSynth/gcc-arm-none-eabi-10.3-2021.10/bin/../lib/gcc/arm-none-eabi/10.3.1/thumb/v7e-m+dp/hard/crti.o
 .rel.text._ZL10sync_eventP15transfer_struct
                0x000000000000c148       0x28 /Users/georgerosar/Documents/GitHub/iridescentCoconutSynth/gcc-arm-none-eabi-10.3-2021.10/bin/../lib/gcc/arm-none-eabi/10.3.1/thumb/v7e-m+dp/hard/crti.o
 .rel.text._ZN13AudioInputUSB6updateEv
                0x000000000000c170       0x30 /Users/georgerosar/Documents/GitHub/iridescentCoconutSynth/gcc-arm-none-eabi-10.3-2021.10/bin/../lib/gcc/arm-none-eabi/10.3.1/thumb/v7e-m+dp/hard/crti.o
 .rel.text._ZN14AudioOutputUSB6updateEv
                0x000000000000c1a0       0x30 /Users/georgerosar/Documents/GitHub/iridescentCoconutSynth/gcc-arm-none-eabi-10.3-2021.10/bin/../lib/gcc/arm-none-eabi/10.3.1/thumb/v7e-m+dp/hard/crti.o
 .rel.text._ZN13AudioInputUSB5beginEv
                0x000000000000c1d0       0x38 /Users/georgerosar/Documents/GitHub/iridescentCoconutSynth/gcc-arm-none-eabi-10.3-2021.10/bin/../lib/gcc/arm-none-eabi/10.3.1/thumb/v7e-m+dp/hard/crti.o
 .rel.text.usb_audio_receive_callback
                0x000000000000c208       0x40 /Users/georgerosar/Documents/GitHub/iridescentCoconutSynth/gcc-arm-none-eabi-10.3-2021.10/bin/../lib/gcc/arm-none-eabi/10.3.1/thumb/v7e-m+dp/hard/crti.o
 .rel.text._ZL8rx_eventP15transfer_struct
                0x000000000000c248       0x10 /Users/georgerosar/Documents/GitHub/iridescentCoconutSynth/gcc-arm-none-eabi-10.3-2021.10/bin/../lib/gcc/arm-none-eabi/10.3.1/thumb/v7e-m+dp/hard/crti.o
 .rel.text._ZN14AudioOutputUSB5beginEv
                0x000000000000c258       0x18 /Users/georgerosar/Documents/GitHub/iridescentCoconutSynth/gcc-arm-none-eabi-10.3-2021.10/bin/../lib/gcc/arm-none-eabi/10.3.1/thumb/v7e-m+dp/hard/crti.o
 .rel.text.usb_audio_transmit_callback
                0x000000000000c270       0x38 /Users/georgerosar/Documents/GitHub/iridescentCoconutSynth/gcc-arm-none-eabi-10.3-2021.10/bin/../lib/gcc/arm-none-eabi/10.3.1/thumb/v7e-m+dp/hard/crti.o
 .rel.text._ZL8tx_eventP15transfer_struct
                0x000000000000c2a8       0x28 /Users/georgerosar/Documents/GitHub/iridescentCoconutSynth/gcc-arm-none-eabi-10.3-2021.10/bin/../lib/gcc/arm-none-eabi/10.3.1/thumb/v7e-m+dp/hard/crti.o
 .rel.text.usb_audio_configure
                0x000000000000c2d0       0x68 /Users/georgerosar/Documents/GitHub/iridescentCoconutSynth/gcc-arm-none-eabi-10.3-2021.10/bin/../lib/gcc/arm-none-eabi/10.3.1/thumb/v7e-m+dp/hard/crti.o
 .rel.text.usb_audio_get_feature
                0x000000000000c338        0x8 /Users/georgerosar/Documents/GitHub/iridescentCoconutSynth/gcc-arm-none-eabi-10.3-2021.10/bin/../lib/gcc/arm-none-eabi/10.3.1/thumb/v7e-m+dp/hard/crti.o
 .rel.text.usb_audio_set_feature
                0x000000000000c340        0x8 /Users/georgerosar/Documents/GitHub/iridescentCoconutSynth/gcc-arm-none-eabi-10.3-2021.10/bin/../lib/gcc/arm-none-eabi/10.3.1/thumb/v7e-m+dp/hard/crti.o
 .rel.text.analogRead
                0x000000000000c348       0x10 /Users/georgerosar/Documents/GitHub/iridescentCoconutSynth/gcc-arm-none-eabi-10.3-2021.10/bin/../lib/gcc/arm-none-eabi/10.3.1/thumb/v7e-m+dp/hard/crti.o
 .rel.text.sm_set_default_pool
                0x000000000000c358        0x8 /Users/georgerosar/Documents/GitHub/iridescentCoconutSynth/gcc-arm-none-eabi-10.3-2021.10/bin/../lib/gcc/arm-none-eabi/10.3.1/thumb/v7e-m+dp/hard/crti.o
 .rel.text.sm_release_default_pool
                0x000000000000c360        0x8 /Users/georgerosar/Documents/GitHub/iridescentCoconutSynth/gcc-arm-none-eabi-10.3-2021.10/bin/../lib/gcc/arm-none-eabi/10.3.1/thumb/v7e-m+dp/hard/crti.o
 .rel.text._Z12software_isrv
                0x000000000000c368       0x18 /Users/georgerosar/Documents/GitHub/iridescentCoconutSynth/gcc-arm-none-eabi-10.3-2021.10/bin/../lib/gcc/arm-none-eabi/10.3.1/thumb/v7e-m+dp/hard/crti.o
 .rel.text._ZN11AudioStream8allocateEv
                0x000000000000c380       0x28 /Users/georgerosar/Documents/GitHub/iridescentCoconutSynth/gcc-arm-none-eabi-10.3-2021.10/bin/../lib/gcc/arm-none-eabi/10.3.1/thumb/v7e-m+dp/hard/crti.o
 .rel.text._ZN11AudioStream7releaseEP18audio_block_struct
                0x000000000000c3a8       0x18 /Users/georgerosar/Documents/GitHub/iridescentCoconutSynth/gcc-arm-none-eabi-10.3-2021.10/bin/../lib/gcc/arm-none-eabi/10.3.1/thumb/v7e-m+dp/hard/crti.o
 .rel.text._ZN15AudioConnection10disconnectEv.part.0
                0x000000000000c3c0        0x8 /Users/georgerosar/Documents/GitHub/iridescentCoconutSynth/gcc-arm-none-eabi-10.3-2021.10/bin/../lib/gcc/arm-none-eabi/10.3.1/thumb/v7e-m+dp/hard/crti.o
 .rel.text._ZN15AudioConnectionD2Ev
                0x000000000000c3c8        0x8 /Users/georgerosar/Documents/GitHub/iridescentCoconutSynth/gcc-arm-none-eabi-10.3-2021.10/bin/../lib/gcc/arm-none-eabi/10.3.1/thumb/v7e-m+dp/hard/crti.o
 .rel.text._ZN15AudioConnection7connectEv
                0x000000000000c3d0       0x10 /Users/georgerosar/Documents/GitHub/iridescentCoconutSynth/gcc-arm-none-eabi-10.3-2021.10/bin/../lib/gcc/arm-none-eabi/10.3.1/thumb/v7e-m+dp/hard/crti.o
 .rel.text._ZN15AudioConnectionC2ER11AudioStreamhS1_h
                0x000000000000c3e0        0x8 /Users/georgerosar/Documents/GitHub/iridescentCoconutSynth/gcc-arm-none-eabi-10.3-2021.10/bin/../lib/gcc/arm-none-eabi/10.3.1/thumb/v7e-m+dp/hard/crti.o
 .rel.text._ZN15AudioConnectionC2ER11AudioStreamS1_
                0x000000000000c3e8        0x8 /Users/georgerosar/Documents/GitHub/iridescentCoconutSynth/gcc-arm-none-eabi-10.3-2021.10/bin/../lib/gcc/arm-none-eabi/10.3.1/thumb/v7e-m+dp/hard/crti.o
 .rel.text._ZN11AudioStream12update_setupEv
                0x000000000000c3f0       0x18 /Users/georgerosar/Documents/GitHub/iridescentCoconutSynth/gcc-arm-none-eabi-10.3-2021.10/bin/../lib/gcc/arm-none-eabi/10.3.1/thumb/v7e-m+dp/hard/crti.o
 .rel.text._ZN11AudioStream11update_stopEv
                0x000000000000c408        0x8 /Users/georgerosar/Documents/GitHub/iridescentCoconutSynth/gcc-arm-none-eabi-10.3-2021.10/bin/../lib/gcc/arm-none-eabi/10.3.1/thumb/v7e-m+dp/hard/crti.o
 .rel.text._ZL7pit_isrv
                0x000000000000c410        0x8 /Users/georgerosar/Documents/GitHub/iridescentCoconutSynth/gcc-arm-none-eabi-10.3-2021.10/bin/../lib/gcc/arm-none-eabi/10.3.1/thumb/v7e-m+dp/hard/crti.o
 .rel.text._ZN13IntervalTimer11beginCyclesEPFvvEm
                0x000000000000c418       0x20 /Users/georgerosar/Documents/GitHub/iridescentCoconutSynth/gcc-arm-none-eabi-10.3-2021.10/bin/../lib/gcc/arm-none-eabi/10.3.1/thumb/v7e-m+dp/hard/crti.o
 .rel.text._ZN13IntervalTimer3endEv
                0x000000000000c438       0x10 /Users/georgerosar/Documents/GitHub/iridescentCoconutSynth/gcc-arm-none-eabi-10.3-2021.10/bin/../lib/gcc/arm-none-eabi/10.3.1/thumb/v7e-m+dp/hard/crti.o
 *(.rel.fini)
 *(.rel.rodata .rel.rodata.* .rel.gnu.linkonce.r.*)
 .rel.rodata._ZTV14HardwareSerial
                0x000000000000c448       0x38 /Users/georgerosar/Documents/GitHub/iridescentCoconutSynth/gcc-arm-none-eabi-10.3-2021.10/bin/../lib/gcc/arm-none-eabi/10.3.1/thumb/v7e-m+dp/hard/crti.o
 .rel.rodata._ZTV5Print
                0x000000000000c480       0x20 /Users/georgerosar/Documents/GitHub/iridescentCoconutSynth/gcc-arm-none-eabi-10.3-2021.10/bin/../lib/gcc/arm-none-eabi/10.3.1/thumb/v7e-m+dp/hard/crti.o
 .rel.rodata.usb_descriptor_list
                0x000000000000c4a0       0x40 /Users/georgerosar/Documents/GitHub/iridescentCoconutSynth/gcc-arm-none-eabi-10.3-2021.10/bin/../lib/gcc/arm-none-eabi/10.3.1/thumb/v7e-m+dp/hard/crti.o
 .rel.rodata._ZTV13AudioInputUSB
                0x000000000000c4e0        0x8 /Users/georgerosar/Documents/GitHub/iridescentCoconutSynth/gcc-arm-none-eabi-10.3-2021.10/bin/../lib/gcc/arm-none-eabi/10.3.1/thumb/v7e-m+dp/hard/crti.o
 .rel.rodata._ZTV14AudioOutputUSB
                0x000000000000c4e8        0x8 /Users/georgerosar/Documents/GitHub/iridescentCoconutSynth/gcc-arm-none-eabi-10.3-2021.10/bin/../lib/gcc/arm-none-eabi/10.3.1/thumb/v7e-m+dp/hard/crti.o
 *(.rel.data.rel.ro .rel.data.rel.ro.* .rel.gnu.linkonce.d.rel.ro.*)
 *(.rel.data .rel.data.* .rel.gnu.linkonce.d.*)
 .rel.data.__brkval
                0x000000000000c4f0        0x8 /Users/georgerosar/Documents/GitHub/iridescentCoconutSynth/gcc-arm-none-eabi-10.3-2021.10/bin/../lib/gcc/arm-none-eabi/10.3.1/thumb/v7e-m+dp/hard/crti.o
 *(.rel.tdata .rel.tdata.* .rel.gnu.linkonce.td.*)
 *(.rel.tbss .rel.tbss.* .rel.gnu.linkonce.tb.*)
 *(.rel.ctors)
 *(.rel.dtors)
 *(.rel.got)
 .rel.got       0x000000000000c4f8        0x0 /Users/georgerosar/Documents/GitHub/iridescentCoconutSynth/gcc-arm-none-eabi-10.3-2021.10/bin/../lib/gcc/arm-none-eabi/10.3.1/thumb/v7e-m+dp/hard/crti.o
 *(.rel.bss .rel.bss.* .rel.gnu.linkonce.b.*)
 *(.rel.iplt)
 .rel.iplt      0x000000000000c4f8        0x0 /Users/georgerosar/Documents/GitHub/iridescentCoconutSynth/gcc-arm-none-eabi-10.3-2021.10/bin/../lib/gcc/arm-none-eabi/10.3.1/thumb/v7e-m+dp/hard/crti.o
 .rel.init_array
                0x000000000000c4f8        0x8 /Users/georgerosar/Documents/GitHub/iridescentCoconutSynth/gcc-arm-none-eabi-10.3-2021.10/bin/../lib/gcc/arm-none-eabi/10.3.1/thumb/v7e-m+dp/hard/crti.o
 .rel.fini_array
                0x000000000000c500        0x8 /Users/georgerosar/Documents/GitHub/iridescentCoconutSynth/gcc-arm-none-eabi-10.3-2021.10/bin/../lib/gcc/arm-none-eabi/10.3.1/thumb/v7e-m+dp/hard/crti.o
 .rel.flashmem  0x000000000000c508      0xef8 /Users/georgerosar/Documents/GitHub/iridescentCoconutSynth/gcc-arm-none-eabi-10.3-2021.10/bin/../lib/gcc/arm-none-eabi/10.3.1/thumb/v7e-m+dp/hard/crti.o
 .rel.startup   0x000000000000d400       0x80 /Users/georgerosar/Documents/GitHub/iridescentCoconutSynth/gcc-arm-none-eabi-10.3-2021.10/bin/../lib/gcc/arm-none-eabi/10.3.1/thumb/v7e-m+dp/hard/crti.o

.rela.dyn
 *(.rela.init)
 *(.rela.text .rela.text.* .rela.gnu.linkonce.t.*)
 *(.rela.fini)
 *(.rela.rodata .rela.rodata.* .rela.gnu.linkonce.r.*)
 *(.rela.data .rela.data.* .rela.gnu.linkonce.d.*)
 *(.rela.tdata .rela.tdata.* .rela.gnu.linkonce.td.*)
 *(.rela.tbss .rela.tbss.* .rela.gnu.linkonce.tb.*)
 *(.rela.ctors)
 *(.rela.dtors)
 *(.rela.got)
 *(.rela.bss .rela.bss.* .rela.gnu.linkonce.b.*)
 *(.rela.iplt)

.rel.plt        0x000000000000d480      0x388
 *(.rel.plt)
 .rel.plt       0x000000000000d480      0x388 /Users/georgerosar/Documents/GitHub/iridescentCoconutSynth/gcc-arm-none-eabi-10.3-2021.10/bin/../lib/gcc/arm-none-eabi/10.3.1/thumb/v7e-m+dp/hard/crti.o

.rela.plt
 *(.rela.plt)

.init           0x000000000000d808        0xc
 *(SORT_NONE(.init))
 .init          0x000000000000d808        0x4 /Users/georgerosar/Documents/GitHub/iridescentCoconutSynth/gcc-arm-none-eabi-10.3-2021.10/bin/../lib/gcc/arm-none-eabi/10.3.1/thumb/v7e-m+dp/hard/crti.o
                0x000000000000d808                _init
 .init          0x000000000000d80c        0x8 /Users/georgerosar/Documents/GitHub/iridescentCoconutSynth/gcc-arm-none-eabi-10.3-2021.10/bin/../lib/gcc/arm-none-eabi/10.3.1/thumb/v7e-m+dp/hard/crtn.o

.plt            0x000000000000d814      0x720
 *(.plt)
 .plt           0x000000000000d814      0x720 /Users/georgerosar/Documents/GitHub/iridescentCoconutSynth/gcc-arm-none-eabi-10.3-2021.10/bin/../lib/gcc/arm-none-eabi/10.3.1/thumb/v7e-m+dp/hard/crti.o

.iplt           0x000000000000df34        0x0
 *(.iplt)
 .iplt          0x000000000000df34        0x0 /Users/georgerosar/Documents/GitHub/iridescentCoconutSynth/gcc-arm-none-eabi-10.3-2021.10/bin/../lib/gcc/arm-none-eabi/10.3.1/thumb/v7e-m+dp/hard/crti.o

.text           0x000000000000df38     0x7ae0
 *(.text.unlikely .text.*_unlikely .text.unlikely.*)
 .text.unlikely.abort
                0x000000000000df38        0x4 /Users/georgerosar/Documents/GitHub/iridescentCoconutSynth/gcc-arm-none-eabi-10.3-2021.10/lib/gcc/arm-none-eabi/10.3.1/thumb/v7e-m+dp/hard/libTeensy41Core.a(startup.o)
                0x000000000000df38                abort
 *(.text.exit .text.exit.*)
 *(.text.startup .text.startup.*)
 .text.startup.main
                0x000000000000df3c       0x2c /Users/georgerosar/Documents/GitHub/iridescentCoconutSynth/gcc-arm-none-eabi-10.3-2021.10/lib/gcc/arm-none-eabi/10.3.1/thumb/v7e-m+dp/hard/libTeensy41Core.a(main.o)
                0x000000000000df3c                main
 *(.text.hot .text.hot.*)
 *(SORT_BY_NAME(.text.sorted.*))
 *(.text .stub .text.* .gnu.linkonce.t.*)
 .text          0x000000000000df68       0x40 /Users/georgerosar/Documents/GitHub/iridescentCoconutSynth/gcc-arm-none-eabi-10.3-2021.10/bin/../lib/gcc/arm-none-eabi/10.3.1/thumb/v7e-m+dp/hard/crtbegin.o
 .text          0x000000000000dfa8       0x7c /Users/georgerosar/Documents/GitHub/iridescentCoconutSynth/gcc-arm-none-eabi-10.3-2021.10/bin/../lib/gcc/arm-none-eabi/10.3.1/../../../../arm-none-eabi/lib/thumb/v7e-m+dp/hard/crt0.o
                0x000000000000dfa8                _stack_init
                0x000000000000dfb0                _mainCRTStartup
                0x000000000000dfb0                _start
 .text.memcpy   0x000000000000e024       0x4e /Users/georgerosar/Documents/GitHub/iridescentCoconutSynth/gcc-arm-none-eabi-10.3-2021.10/lib/gcc/arm-none-eabi/10.3.1/thumb/v7e-m+dp/hard/libmicropythonTeensy.a(string0.o)
                0x000000000000e024                memcpy
 .text.__memcpy_chk
                0x000000000000e072        0xc /Users/georgerosar/Documents/GitHub/iridescentCoconutSynth/gcc-arm-none-eabi-10.3-2021.10/lib/gcc/arm-none-eabi/10.3.1/thumb/v7e-m+dp/hard/libmicropythonTeensy.a(string0.o)
                0x000000000000e072                __memcpy_chk
 .text.memmove  0x000000000000e07e       0x30 /Users/georgerosar/Documents/GitHub/iridescentCoconutSynth/gcc-arm-none-eabi-10.3-2021.10/lib/gcc/arm-none-eabi/10.3.1/thumb/v7e-m+dp/hard/libmicropythonTeensy.a(string0.o)
                0x000000000000e07e                memmove
 .text.memset   0x000000000000e0ae       0x44 /Users/georgerosar/Documents/GitHub/iridescentCoconutSynth/gcc-arm-none-eabi-10.3-2021.10/lib/gcc/arm-none-eabi/10.3.1/thumb/v7e-m+dp/hard/libmicropythonTeensy.a(string0.o)
                0x000000000000e0ae                memset
 .text.memcmp   0x000000000000e0f2       0x24 /Users/georgerosar/Documents/GitHub/iridescentCoconutSynth/gcc-arm-none-eabi-10.3-2021.10/lib/gcc/arm-none-eabi/10.3.1/thumb/v7e-m+dp/hard/libmicropythonTeensy.a(string0.o)
                0x000000000000e0f2                memcmp
 .text.memchr   0x000000000000e116       0x1e /Users/georgerosar/Documents/GitHub/iridescentCoconutSynth/gcc-arm-none-eabi-10.3-2021.10/lib/gcc/arm-none-eabi/10.3.1/thumb/v7e-m+dp/hard/libmicropythonTeensy.a(string0.o)
                0x000000000000e116                memchr
 .text.strlen   0x000000000000e134        0xe /Users/georgerosar/Documents/GitHub/iridescentCoconutSynth/gcc-arm-none-eabi-10.3-2021.10/lib/gcc/arm-none-eabi/10.3.1/thumb/v7e-m+dp/hard/libmicropythonTeensy.a(string0.o)
                0x000000000000e134                strlen
 .text.strcmp   0x000000000000e142       0x2c /Users/georgerosar/Documents/GitHub/iridescentCoconutSynth/gcc-arm-none-eabi-10.3-2021.10/lib/gcc/arm-none-eabi/10.3.1/thumb/v7e-m+dp/hard/libmicropythonTeensy.a(string0.o)
                0x000000000000e142                strcmp
 .text.strncmp  0x000000000000e16e       0x40 /Users/georgerosar/Documents/GitHub/iridescentCoconutSynth/gcc-arm-none-eabi-10.3-2021.10/lib/gcc/arm-none-eabi/10.3.1/thumb/v7e-m+dp/hard/libmicropythonTeensy.a(string0.o)
                0x000000000000e16e                strncmp
 .text.strcpy   0x000000000000e1ae       0x14 /Users/georgerosar/Documents/GitHub/iridescentCoconutSynth/gcc-arm-none-eabi-10.3-2021.10/lib/gcc/arm-none-eabi/10.3.1/thumb/v7e-m+dp/hard/libmicropythonTeensy.a(string0.o)
                0x000000000000e1ae                strcpy
 .text.strncpy  0x000000000000e1c2       0x1e /Users/georgerosar/Documents/GitHub/iridescentCoconutSynth/gcc-arm-none-eabi-10.3-2021.10/lib/gcc/arm-none-eabi/10.3.1/thumb/v7e-m+dp/hard/libmicropythonTeensy.a(string0.o)
                0x000000000000e1c2                strncpy
 .text.stpcpy   0x000000000000e1e0       0x12 /Users/georgerosar/Documents/GitHub/iridescentCoconutSynth/gcc-arm-none-eabi-10.3-2021.10/lib/gcc/arm-none-eabi/10.3.1/thumb/v7e-m+dp/hard/libmicropythonTeensy.a(string0.o)
                0x000000000000e1e0                stpcpy
 .text.strcat   0x000000000000e1f2       0x20 /Users/georgerosar/Documents/GitHub/iridescentCoconutSynth/gcc-arm-none-eabi-10.3-2021.10/lib/gcc/arm-none-eabi/10.3.1/thumb/v7e-m+dp/hard/libmicropythonTeensy.a(string0.o)
                0x000000000000e1f2                strcat
 .text.strchr   0x000000000000e212       0x1a /Users/georgerosar/Documents/GitHub/iridescentCoconutSynth/gcc-arm-none-eabi-10.3-2021.10/lib/gcc/arm-none-eabi/10.3.1/thumb/v7e-m+dp/hard/libmicropythonTeensy.a(string0.o)
                0x000000000000e212                strchr
 .text.strstr   0x000000000000e22c       0x32 /Users/georgerosar/Documents/GitHub/iridescentCoconutSynth/gcc-arm-none-eabi-10.3-2021.10/lib/gcc/arm-none-eabi/10.3.1/thumb/v7e-m+dp/hard/libmicropythonTeensy.a(string0.o)
                0x000000000000e22c                strstr
 .text.strspn   0x000000000000e25e       0x1e /Users/georgerosar/Documents/GitHub/iridescentCoconutSynth/gcc-arm-none-eabi-10.3-2021.10/lib/gcc/arm-none-eabi/10.3.1/thumb/v7e-m+dp/hard/libmicropythonTeensy.a(string0.o)
                0x000000000000e25e                strspn
 .text.strcspn  0x000000000000e27c       0x1e /Users/georgerosar/Documents/GitHub/iridescentCoconutSynth/gcc-arm-none-eabi-10.3-2021.10/lib/gcc/arm-none-eabi/10.3.1/thumb/v7e-m+dp/hard/libmicropythonTeensy.a(string0.o)
                0x000000000000e27c                strcspn
 *fill*         0x000000000000e29a        0x2 
 .text.delay    0x000000000000e29c       0xac /Users/georgerosar/Documents/GitHub/iridescentCoconutSynth/gcc-arm-none-eabi-10.3-2021.10/lib/gcc/arm-none-eabi/10.3.1/thumb/v7e-m+dp/hard/libTeensy41Core.a(delay.o)
                0x000000000000e29c                delay
 .text.micros   0x000000000000e348       0x54 /Users/georgerosar/Documents/GitHub/iridescentCoconutSynth/gcc-arm-none-eabi-10.3-2021.10/lib/gcc/arm-none-eabi/10.3.1/thumb/v7e-m+dp/hard/libTeensy41Core.a(delay.o)
                0x000000000000e348                micros
 .text.digitalWrite.part.0
                0x000000000000e39c       0x50 /Users/georgerosar/Documents/GitHub/iridescentCoconutSynth/gcc-arm-none-eabi-10.3-2021.10/lib/gcc/arm-none-eabi/10.3.1/thumb/v7e-m+dp/hard/libTeensy41Core.a(digital.o)
 .text.digitalWrite
                0x000000000000e3ec       0x54 /Users/georgerosar/Documents/GitHub/iridescentCoconutSynth/gcc-arm-none-eabi-10.3-2021.10/lib/gcc/arm-none-eabi/10.3.1/thumb/v7e-m+dp/hard/libTeensy41Core.a(digital.o)
                0x000000000000e3ec                digitalWrite
 .text.digitalToggle
                0x000000000000e440       0x1c /Users/georgerosar/Documents/GitHub/iridescentCoconutSynth/gcc-arm-none-eabi-10.3-2021.10/lib/gcc/arm-none-eabi/10.3.1/thumb/v7e-m+dp/hard/libTeensy41Core.a(digital.o)
                0x000000000000e440                digitalToggle
 .text.digitalRead
                0x000000000000e45c       0x24 /Users/georgerosar/Documents/GitHub/iridescentCoconutSynth/gcc-arm-none-eabi-10.3-2021.10/lib/gcc/arm-none-eabi/10.3.1/thumb/v7e-m+dp/hard/libTeensy41Core.a(digital.o)
                0x000000000000e45c                digitalRead
 .text.pinMode  0x000000000000e480       0x70 /Users/georgerosar/Documents/GitHub/iridescentCoconutSynth/gcc-arm-none-eabi-10.3-2021.10/lib/gcc/arm-none-eabi/10.3.1/thumb/v7e-m+dp/hard/libTeensy41Core.a(digital.o)
                0x000000000000e480                pinMode
 .text.shiftOut_lsbFirst
                0x000000000000e4f0      0x15c /Users/georgerosar/Documents/GitHub/iridescentCoconutSynth/gcc-arm-none-eabi-10.3-2021.10/lib/gcc/arm-none-eabi/10.3.1/thumb/v7e-m+dp/hard/libTeensy41Core.a(digital.o)
                0x000000000000e4f0                shiftOut_lsbFirst
 .text.shiftOut_msbFirst
                0x000000000000e64c        0xc /Users/georgerosar/Documents/GitHub/iridescentCoconutSynth/gcc-arm-none-eabi-10.3-2021.10/lib/gcc/arm-none-eabi/10.3.1/thumb/v7e-m+dp/hard/libTeensy41Core.a(digital.o)
                0x000000000000e64c                shiftOut_msbFirst
 .text._shiftOut
                0x000000000000e658       0x10 /Users/georgerosar/Documents/GitHub/iridescentCoconutSynth/gcc-arm-none-eabi-10.3-2021.10/lib/gcc/arm-none-eabi/10.3.1/thumb/v7e-m+dp/hard/libTeensy41Core.a(digital.o)
                0x000000000000e658                _shiftOut
 .text.shiftIn_lsbFirst
                0x000000000000e668       0xac /Users/georgerosar/Documents/GitHub/iridescentCoconutSynth/gcc-arm-none-eabi-10.3-2021.10/lib/gcc/arm-none-eabi/10.3.1/thumb/v7e-m+dp/hard/libTeensy41Core.a(digital.o)
                0x000000000000e668                shiftIn_lsbFirst
 .text.shiftIn_msbFirst
                0x000000000000e714       0xa8 /Users/georgerosar/Documents/GitHub/iridescentCoconutSynth/gcc-arm-none-eabi-10.3-2021.10/lib/gcc/arm-none-eabi/10.3.1/thumb/v7e-m+dp/hard/libTeensy41Core.a(digital.o)
                0x000000000000e714                shiftIn_msbFirst
 .text._shiftIn
                0x000000000000e7bc        0xc /Users/georgerosar/Documents/GitHub/iridescentCoconutSynth/gcc-arm-none-eabi-10.3-2021.10/lib/gcc/arm-none-eabi/10.3.1/thumb/v7e-m+dp/hard/libTeensy41Core.a(digital.o)
                0x000000000000e7bc                _shiftIn
 .text.pulseIn_high
                0x000000000000e7c8       0x70 /Users/georgerosar/Documents/GitHub/iridescentCoconutSynth/gcc-arm-none-eabi-10.3-2021.10/lib/gcc/arm-none-eabi/10.3.1/thumb/v7e-m+dp/hard/libTeensy41Core.a(digital.o)
                0x000000000000e7c8                pulseIn_high
 .text.pulseIn_low
                0x000000000000e838       0x70 /Users/georgerosar/Documents/GitHub/iridescentCoconutSynth/gcc-arm-none-eabi-10.3-2021.10/lib/gcc/arm-none-eabi/10.3.1/thumb/v7e-m+dp/hard/libTeensy41Core.a(digital.o)
                0x000000000000e838                pulseIn_low
 .text.pulseIn  0x000000000000e8a8       0x18 /Users/georgerosar/Documents/GitHub/iridescentCoconutSynth/gcc-arm-none-eabi-10.3-2021.10/lib/gcc/arm-none-eabi/10.3.1/thumb/v7e-m+dp/hard/libTeensy41Core.a(digital.o)
                0x000000000000e8a8                pulseIn
 .text.yield    0x000000000000e8c0       0xc0 /Users/georgerosar/Documents/GitHub/iridescentCoconutSynth/gcc-arm-none-eabi-10.3-2021.10/lib/gcc/arm-none-eabi/10.3.1/thumb/v7e-m+dp/hard/libTeensy41Core.a(yield.o)
                0x000000000000e8c0                yield
 .text.set_arm_clock
                0x000000000000e980      0x2d8 /Users/georgerosar/Documents/GitHub/iridescentCoconutSynth/gcc-arm-none-eabi-10.3-2021.10/lib/gcc/arm-none-eabi/10.3.1/thumb/v7e-m+dp/hard/libTeensy41Core.a(clockspeed.o)
                0x000000000000e980                set_arm_clock
 .text._ZN14EventResponder24triggerEventNotImmediateEv
                0x000000000000ec58       0x88 /Users/georgerosar/Documents/GitHub/iridescentCoconutSynth/gcc-arm-none-eabi-10.3-2021.10/lib/gcc/arm-none-eabi/10.3.1/thumb/v7e-m+dp/hard/libTeensy41Core.a(EventResponder.o)
                0x000000000000ec58                EventResponder::triggerEventNotImmediate()
 .text._ZN14EventResponder12triggerEventEiPv
                0x000000000000ece0       0x18 /Users/georgerosar/Documents/GitHub/iridescentCoconutSynth/gcc-arm-none-eabi-10.3-2021.10/lib/gcc/arm-none-eabi/10.3.1/thumb/v7e-m+dp/hard/libTeensy41Core.a(EventResponder.o)
                0x000000000000ece0                EventResponder::triggerEvent(int, void*)
 .text._ZN14EventResponder16runFromInterruptEv
                0x000000000000ecf8       0x44 /Users/georgerosar/Documents/GitHub/iridescentCoconutSynth/gcc-arm-none-eabi-10.3-2021.10/lib/gcc/arm-none-eabi/10.3.1/thumb/v7e-m+dp/hard/libTeensy41Core.a(EventResponder.o)
                0x000000000000ecf8                EventResponder::runFromInterrupt()
 .text.pendablesrvreq_isr
                0x000000000000ed3c        0x4 /Users/georgerosar/Documents/GitHub/iridescentCoconutSynth/gcc-arm-none-eabi-10.3-2021.10/lib/gcc/arm-none-eabi/10.3.1/thumb/v7e-m+dp/hard/libTeensy41Core.a(EventResponder.o)
                0x000000000000ed3c                pendablesrvreq_isr
 .text._ZN14EventResponder10clearEventEv
                0x000000000000ed40       0x74 /Users/georgerosar/Documents/GitHub/iridescentCoconutSynth/gcc-arm-none-eabi-10.3-2021.10/lib/gcc/arm-none-eabi/10.3.1/thumb/v7e-m+dp/hard/libTeensy41Core.a(EventResponder.o)
                0x000000000000ed40                EventResponder::clearEvent()
 .text._ZN14EventResponder18detachNoInterruptsEv
                0x000000000000edb4       0x64 /Users/georgerosar/Documents/GitHub/iridescentCoconutSynth/gcc-arm-none-eabi-10.3-2021.10/lib/gcc/arm-none-eabi/10.3.1/thumb/v7e-m+dp/hard/libTeensy41Core.a(EventResponder.o)
                0x000000000000edb4                EventResponder::detachNoInterrupts()
 .text._ZN11MillisTimer16addToWaitingListEv
                0x000000000000ee18       0x24 /Users/georgerosar/Documents/GitHub/iridescentCoconutSynth/gcc-arm-none-eabi-10.3-2021.10/lib/gcc/arm-none-eabi/10.3.1/thumb/v7e-m+dp/hard/libTeensy41Core.a(EventResponder.o)
                0x000000000000ee18                MillisTimer::addToWaitingList()
 .text._ZN11MillisTimer15addToActiveListEv
                0x000000000000ee3c       0x74 /Users/georgerosar/Documents/GitHub/iridescentCoconutSynth/gcc-arm-none-eabi-10.3-2021.10/lib/gcc/arm-none-eabi/10.3.1/thumb/v7e-m+dp/hard/libTeensy41Core.a(EventResponder.o)
                0x000000000000ee3c                MillisTimer::addToActiveList()
 .text._ZN11MillisTimer3endEv
                0x000000000000eeb0       0x84 /Users/georgerosar/Documents/GitHub/iridescentCoconutSynth/gcc-arm-none-eabi-10.3-2021.10/lib/gcc/arm-none-eabi/10.3.1/thumb/v7e-m+dp/hard/libTeensy41Core.a(EventResponder.o)
                0x000000000000eeb0                MillisTimer::end()
 .text._ZN11MillisTimer5beginEmR14EventResponder
                0x000000000000ef34       0x4c /Users/georgerosar/Documents/GitHub/iridescentCoconutSynth/gcc-arm-none-eabi-10.3-2021.10/lib/gcc/arm-none-eabi/10.3.1/thumb/v7e-m+dp/hard/libTeensy41Core.a(EventResponder.o)
                0x000000000000ef34                MillisTimer::begin(unsigned long, EventResponder&)
 .text._ZN11MillisTimer14beginRepeatingEmR14EventResponder
                0x000000000000ef80       0x50 /Users/georgerosar/Documents/GitHub/iridescentCoconutSynth/gcc-arm-none-eabi-10.3-2021.10/lib/gcc/arm-none-eabi/10.3.1/thumb/v7e-m+dp/hard/libTeensy41Core.a(EventResponder.o)
                0x000000000000ef80                MillisTimer::beginRepeating(unsigned long, EventResponder&)
 .text._ZN11MillisTimer12runFromTimerEv
                0x000000000000efd0       0x94 /Users/georgerosar/Documents/GitHub/iridescentCoconutSynth/gcc-arm-none-eabi-10.3-2021.10/lib/gcc/arm-none-eabi/10.3.1/thumb/v7e-m+dp/hard/libTeensy41Core.a(EventResponder.o)
                0x000000000000efd0                MillisTimer::runFromTimer()
 .text.systick_isr
                0x000000000000f064       0x20 /Users/georgerosar/Documents/GitHub/iridescentCoconutSynth/gcc-arm-none-eabi-10.3-2021.10/lib/gcc/arm-none-eabi/10.3.1/thumb/v7e-m+dp/hard/libTeensy41Core.a(EventResponder.o)
                0x000000000000f064                systick_isr
 .text.systick_isr_with_timer_events
                0x000000000000f084       0x20 /Users/georgerosar/Documents/GitHub/iridescentCoconutSynth/gcc-arm-none-eabi-10.3-2021.10/lib/gcc/arm-none-eabi/10.3.1/thumb/v7e-m+dp/hard/libTeensy41Core.a(EventResponder.o)
                0x000000000000f084                systick_isr_with_timer_events
 .text._ZN14HardwareSerial17availableForWriteEv
                0x000000000000f0a4       0x20 /Users/georgerosar/Documents/GitHub/iridescentCoconutSynth/gcc-arm-none-eabi-10.3-2021.10/lib/gcc/arm-none-eabi/10.3.1/thumb/v7e-m+dp/hard/libTeensy41Core.a(HardwareSerial.o)
                0x000000000000f0a4                HardwareSerial::availableForWrite()
 .text._ZN14HardwareSerial9availableEv
                0x000000000000f0c4       0x28 /Users/georgerosar/Documents/GitHub/iridescentCoconutSynth/gcc-arm-none-eabi-10.3-2021.10/lib/gcc/arm-none-eabi/10.3.1/thumb/v7e-m+dp/hard/libTeensy41Core.a(HardwareSerial.o)
                0x000000000000f0c4                HardwareSerial::available()
 .text._ZN14HardwareSerial4peekEv
                0x000000000000f0ec       0x74 /Users/georgerosar/Documents/GitHub/iridescentCoconutSynth/gcc-arm-none-eabi-10.3-2021.10/lib/gcc/arm-none-eabi/10.3.1/thumb/v7e-m+dp/hard/libTeensy41Core.a(HardwareSerial.o)
                0x000000000000f0ec                HardwareSerial::peek()
 .text._ZN14HardwareSerial4readEv
                0x000000000000f160       0x90 /Users/georgerosar/Documents/GitHub/iridescentCoconutSynth/gcc-arm-none-eabi-10.3-2021.10/lib/gcc/arm-none-eabi/10.3.1/thumb/v7e-m+dp/hard/libTeensy41Core.a(HardwareSerial.o)
                0x000000000000f160                HardwareSerial::read()
 .text._ZN14HardwareSerial5flushEv
                0x000000000000f1f0       0x1c /Users/georgerosar/Documents/GitHub/iridescentCoconutSynth/gcc-arm-none-eabi-10.3-2021.10/lib/gcc/arm-none-eabi/10.3.1/thumb/v7e-m+dp/hard/libTeensy41Core.a(HardwareSerial.o)
                0x000000000000f1f0                HardwareSerial::flush()
 .text._Z23nvic_execution_priorityv
                0x000000000000f20c       0x40 /Users/georgerosar/Documents/GitHub/iridescentCoconutSynth/gcc-arm-none-eabi-10.3-2021.10/lib/gcc/arm-none-eabi/10.3.1/thumb/v7e-m+dp/hard/libTeensy41Core.a(HardwareSerial.o)
                0x000000000000f20c                nvic_execution_priority()
 .text._ZN14HardwareSerial5beginEmt
                0x000000000000f24c      0x29c /Users/georgerosar/Documents/GitHub/iridescentCoconutSynth/gcc-arm-none-eabi-10.3-2021.10/lib/gcc/arm-none-eabi/10.3.1/thumb/v7e-m+dp/hard/libTeensy41Core.a(HardwareSerial.o)
                0x000000000000f24c                HardwareSerial::begin(unsigned long, unsigned short)
 .text._ZN14HardwareSerial3endEv
                0x000000000000f4e8       0x6c /Users/georgerosar/Documents/GitHub/iridescentCoconutSynth/gcc-arm-none-eabi-10.3-2021.10/lib/gcc/arm-none-eabi/10.3.1/thumb/v7e-m+dp/hard/libTeensy41Core.a(HardwareSerial.o)
                0x000000000000f4e8                HardwareSerial::end()
 .text._ZN14HardwareSerial17transmitterEnableEh
                0x000000000000f554       0x30 /Users/georgerosar/Documents/GitHub/iridescentCoconutSynth/gcc-arm-none-eabi-10.3-2021.10/lib/gcc/arm-none-eabi/10.3.1/thumb/v7e-m+dp/hard/libTeensy41Core.a(HardwareSerial.o)
                0x000000000000f554                HardwareSerial::transmitterEnable(unsigned char)
 .text._ZN14HardwareSerial5setRXEh
                0x000000000000f584       0xcc /Users/georgerosar/Documents/GitHub/iridescentCoconutSynth/gcc-arm-none-eabi-10.3-2021.10/lib/gcc/arm-none-eabi/10.3.1/thumb/v7e-m+dp/hard/libTeensy41Core.a(HardwareSerial.o)
                0x000000000000f584                HardwareSerial::setRX(unsigned char)
 .text._ZN14HardwareSerial5setTXEhb
                0x000000000000f650       0x88 /Users/georgerosar/Documents/GitHub/iridescentCoconutSynth/gcc-arm-none-eabi-10.3-2021.10/lib/gcc/arm-none-eabi/10.3.1/thumb/v7e-m+dp/hard/libTeensy41Core.a(HardwareSerial.o)
                0x000000000000f650                HardwareSerial::setTX(unsigned char, bool)
 .text._ZN14HardwareSerial9attachRtsEh
                0x000000000000f6d8       0x4c /Users/georgerosar/Documents/GitHub/iridescentCoconutSynth/gcc-arm-none-eabi-10.3-2021.10/lib/gcc/arm-none-eabi/10.3.1/thumb/v7e-m+dp/hard/libTeensy41Core.a(HardwareSerial.o)
                0x000000000000f6d8                HardwareSerial::attachRts(unsigned char)
 .text._ZN14HardwareSerial9attachCtsEh
                0x000000000000f724       0xb8 /Users/georgerosar/Documents/GitHub/iridescentCoconutSynth/gcc-arm-none-eabi-10.3-2021.10/lib/gcc/arm-none-eabi/10.3.1/thumb/v7e-m+dp/hard/libTeensy41Core.a(HardwareSerial.o)
                0x000000000000f724                HardwareSerial::attachCts(unsigned char)
 .text._ZN14HardwareSerial5clearEv
                0x000000000000f7dc       0x18 /Users/georgerosar/Documents/GitHub/iridescentCoconutSynth/gcc-arm-none-eabi-10.3-2021.10/lib/gcc/arm-none-eabi/10.3.1/thumb/v7e-m+dp/hard/libTeensy41Core.a(HardwareSerial.o)
                0x000000000000f7dc                HardwareSerial::clear()
 .text._ZN14HardwareSerial16addMemoryForReadEPvj
                0x000000000000f7f4       0x34 /Users/georgerosar/Documents/GitHub/iridescentCoconutSynth/gcc-arm-none-eabi-10.3-2021.10/lib/gcc/arm-none-eabi/10.3.1/thumb/v7e-m+dp/hard/libTeensy41Core.a(HardwareSerial.o)
                0x000000000000f7f4                HardwareSerial::addMemoryForRead(void*, unsigned int)
 .text._ZN14HardwareSerial17addMemoryForWriteEPvj
                0x000000000000f828       0x1c /Users/georgerosar/Documents/GitHub/iridescentCoconutSynth/gcc-arm-none-eabi-10.3-2021.10/lib/gcc/arm-none-eabi/10.3.1/thumb/v7e-m+dp/hard/libTeensy41Core.a(HardwareSerial.o)
                0x000000000000f828                HardwareSerial::addMemoryForWrite(void*, unsigned int)
 .text._ZN14HardwareSerial9write9bitEm
                0x000000000000f844       0xd8 /Users/georgerosar/Documents/GitHub/iridescentCoconutSynth/gcc-arm-none-eabi-10.3-2021.10/lib/gcc/arm-none-eabi/10.3.1/thumb/v7e-m+dp/hard/libTeensy41Core.a(HardwareSerial.o)
                0x000000000000f844                HardwareSerial::write9bit(unsigned long)
 .text._ZN14HardwareSerial5writeEh
                0x000000000000f91c        0x4 /Users/georgerosar/Documents/GitHub/iridescentCoconutSynth/gcc-arm-none-eabi-10.3-2021.10/lib/gcc/arm-none-eabi/10.3.1/thumb/v7e-m+dp/hard/libTeensy41Core.a(HardwareSerial.o)
                0x000000000000f91c                HardwareSerial::write(unsigned char)
 .text._ZN14HardwareSerial10IRQHandlerEv
                0x000000000000f920      0x164 /Users/georgerosar/Documents/GitHub/iridescentCoconutSynth/gcc-arm-none-eabi-10.3-2021.10/lib/gcc/arm-none-eabi/10.3.1/thumb/v7e-m+dp/hard/libTeensy41Core.a(HardwareSerial.o)
                0x000000000000f920                HardwareSerial::IRQHandler()
 .text._ZN14HardwareSerial21addToSerialEventsListEv
                0x000000000000fa84       0x50 /Users/georgerosar/Documents/GitHub/iridescentCoconutSynth/gcc-arm-none-eabi-10.3-2021.10/lib/gcc/arm-none-eabi/10.3.1/thumb/v7e-m+dp/hard/libTeensy41Core.a(HardwareSerial.o)
                0x000000000000fa84                HardwareSerial::addToSerialEventsList()
 .text._ZN5Print17availableForWriteEv
                0x000000000000fad4        0x4 /Users/georgerosar/Documents/GitHub/iridescentCoconutSynth/gcc-arm-none-eabi-10.3-2021.10/lib/gcc/arm-none-eabi/10.3.1/thumb/v7e-m+dp/hard/libTeensy41Core.a(Print.o)
                0x000000000000fad4                Print::availableForWrite()
 .text._ZN5Print5flushEv
                0x000000000000fad8        0x4 /Users/georgerosar/Documents/GitHub/iridescentCoconutSynth/gcc-arm-none-eabi-10.3-2021.10/lib/gcc/arm-none-eabi/10.3.1/thumb/v7e-m+dp/hard/libTeensy41Core.a(Print.o)
                0x000000000000fad8                Print::flush()
 .text._ZN16usb_serial_class5writeEh
                0x000000000000fadc        0x8 /Users/georgerosar/Documents/GitHub/iridescentCoconutSynth/gcc-arm-none-eabi-10.3-2021.10/lib/gcc/arm-none-eabi/10.3.1/thumb/v7e-m+dp/hard/libTeensy41Core.a(Print.o)
                0x000000000000fadc                usb_serial_class::write(unsigned char)
 .text._ZN5Print11printNumberEmhh.part.0
                0x000000000000fae4       0x80 /Users/georgerosar/Documents/GitHub/iridescentCoconutSynth/gcc-arm-none-eabi-10.3-2021.10/lib/gcc/arm-none-eabi/10.3.1/thumb/v7e-m+dp/hard/libTeensy41Core.a(Print.o)
 .text._ZN5Print5writeEPKhj
                0x000000000000fb64       0x50 /Users/georgerosar/Documents/GitHub/iridescentCoconutSynth/gcc-arm-none-eabi-10.3-2021.10/lib/gcc/arm-none-eabi/10.3.1/thumb/v7e-m+dp/hard/libTeensy41Core.a(Print.o)
                0x000000000000fb64                Print::write(unsigned char const*, unsigned int)
 .text._ZN5Print5printERK6String
                0x000000000000fbb4       0x4c /Users/georgerosar/Documents/GitHub/iridescentCoconutSynth/gcc-arm-none-eabi-10.3-2021.10/lib/gcc/arm-none-eabi/10.3.1/thumb/v7e-m+dp/hard/libTeensy41Core.a(Print.o)
                0x000000000000fbb4                Print::print(String const&)
 .text._ZN5Print5printEl
                0x000000000000fc00       0x18 /Users/georgerosar/Documents/GitHub/iridescentCoconutSynth/gcc-arm-none-eabi-10.3-2021.10/lib/gcc/arm-none-eabi/10.3.1/thumb/v7e-m+dp/hard/libTeensy41Core.a(Print.o)
                0x000000000000fc00                Print::print(long)
 .text._ZN5Print7printlnEv
                0x000000000000fc18       0x1c /Users/georgerosar/Documents/GitHub/iridescentCoconutSynth/gcc-arm-none-eabi-10.3-2021.10/lib/gcc/arm-none-eabi/10.3.1/thumb/v7e-m+dp/hard/libTeensy41Core.a(Print.o)
                0x000000000000fc18                Print::println()
 .text._write   0x000000000000fc34       0x10 /Users/georgerosar/Documents/GitHub/iridescentCoconutSynth/gcc-arm-none-eabi-10.3-2021.10/lib/gcc/arm-none-eabi/10.3.1/thumb/v7e-m+dp/hard/libTeensy41Core.a(Print.o)
                0x000000000000fc34                _write
 .text._ZN5Print6printfEPKcz
                0x000000000000fc44       0x1c /Users/georgerosar/Documents/GitHub/iridescentCoconutSynth/gcc-arm-none-eabi-10.3-2021.10/lib/gcc/arm-none-eabi/10.3.1/thumb/v7e-m+dp/hard/libTeensy41Core.a(Print.o)
                0x000000000000fc44                Print::printf(char const*, ...)
 .text._ZN5Print6printfEPK19__FlashStringHelperz
                0x000000000000fc60       0x1c /Users/georgerosar/Documents/GitHub/iridescentCoconutSynth/gcc-arm-none-eabi-10.3-2021.10/lib/gcc/arm-none-eabi/10.3.1/thumb/v7e-m+dp/hard/libTeensy41Core.a(Print.o)
                0x000000000000fc60                Print::printf(__FlashStringHelper const*, ...)
 .text._ZN5Print11printNumberEmhh
                0x000000000000fc7c       0x28 /Users/georgerosar/Documents/GitHub/iridescentCoconutSynth/gcc-arm-none-eabi-10.3-2021.10/lib/gcc/arm-none-eabi/10.3.1/thumb/v7e-m+dp/hard/libTeensy41Core.a(Print.o)
                0x000000000000fc7c                Print::printNumber(unsigned long, unsigned char, unsigned char)
 .text._ZN5Print13printNumber64Eyhh
                0x000000000000fca4       0xa4 /Users/georgerosar/Documents/GitHub/iridescentCoconutSynth/gcc-arm-none-eabi-10.3-2021.10/lib/gcc/arm-none-eabi/10.3.1/thumb/v7e-m+dp/hard/libTeensy41Core.a(Print.o)
                0x000000000000fca4                Print::printNumber64(unsigned long long, unsigned char, unsigned char)
 .text._ZN5Print5printEx
                0x000000000000fd48       0x34 /Users/georgerosar/Documents/GitHub/iridescentCoconutSynth/gcc-arm-none-eabi-10.3-2021.10/lib/gcc/arm-none-eabi/10.3.1/thumb/v7e-m+dp/hard/libTeensy41Core.a(Print.o)
                0x000000000000fd48                Print::print(long long)
 *fill*         0x000000000000fd7c        0x4 
 .text._ZN5Print10printFloatEdh
                0x000000000000fd80      0x15c /Users/georgerosar/Documents/GitHub/iridescentCoconutSynth/gcc-arm-none-eabi-10.3-2021.10/lib/gcc/arm-none-eabi/10.3.1/thumb/v7e-m+dp/hard/libTeensy41Core.a(Print.o)
                0x000000000000fd80                Print::printFloat(double, unsigned char)
 .text._ZN6StringC2EPK19__FlashStringHelper
                0x000000000000fedc       0x3c /Users/georgerosar/Documents/GitHub/iridescentCoconutSynth/gcc-arm-none-eabi-10.3-2021.10/lib/gcc/arm-none-eabi/10.3.1/thumb/v7e-m+dp/hard/libTeensy41Core.a(WString.o)
                0x000000000000fedc                String::String(__FlashStringHelper const*)
                0x000000000000fedc                String::String(__FlashStringHelper const*)
 .text._ZN6StringC2ERKS_
                0x000000000000ff18       0x44 /Users/georgerosar/Documents/GitHub/iridescentCoconutSynth/gcc-arm-none-eabi-10.3-2021.10/lib/gcc/arm-none-eabi/10.3.1/thumb/v7e-m+dp/hard/libTeensy41Core.a(WString.o)
                0x000000000000ff18                String::String(String const&)
                0x000000000000ff18                String::String(String const&)
 .text._ZN6StringC2EOS_
                0x000000000000ff5c       0x2c /Users/georgerosar/Documents/GitHub/iridescentCoconutSynth/gcc-arm-none-eabi-10.3-2021.10/lib/gcc/arm-none-eabi/10.3.1/thumb/v7e-m+dp/hard/libTeensy41Core.a(WString.o)
                0x000000000000ff5c                String::String(String&&)
                0x000000000000ff5c                String::String(String&&)
 .text._ZN6StringC2EO15StringSumHelper
                0x000000000000ff88       0x2c /Users/georgerosar/Documents/GitHub/iridescentCoconutSynth/gcc-arm-none-eabi-10.3-2021.10/lib/gcc/arm-none-eabi/10.3.1/thumb/v7e-m+dp/hard/libTeensy41Core.a(WString.o)
                0x000000000000ff88                String::String(StringSumHelper&&)
                0x000000000000ff88                String::String(StringSumHelper&&)
 .text._ZN6StringC2Ec
                0x000000000000ffb4       0x3c /Users/georgerosar/Documents/GitHub/iridescentCoconutSynth/gcc-arm-none-eabi-10.3-2021.10/lib/gcc/arm-none-eabi/10.3.1/thumb/v7e-m+dp/hard/libTeensy41Core.a(WString.o)
                0x000000000000ffb4                String::String(char)
                0x000000000000ffb4                String::String(char)
 .text._ZN6StringD2Ev
                0x000000000000fff0       0x10 /Users/georgerosar/Documents/GitHub/iridescentCoconutSynth/gcc-arm-none-eabi-10.3-2021.10/lib/gcc/arm-none-eabi/10.3.1/thumb/v7e-m+dp/hard/libTeensy41Core.a(WString.o)
                0x000000000000fff0                String::~String()
                0x000000000000fff0                String::~String()
 .text._ZN6String7reserveEj
                0x0000000000010000       0x30 /Users/georgerosar/Documents/GitHub/iridescentCoconutSynth/gcc-arm-none-eabi-10.3-2021.10/lib/gcc/arm-none-eabi/10.3.1/thumb/v7e-m+dp/hard/libTeensy41Core.a(WString.o)
                0x0000000000010000                String::reserve(unsigned int)
 .text._ZN6String12changeBufferEj
                0x0000000000010030       0x1c /Users/georgerosar/Documents/GitHub/iridescentCoconutSynth/gcc-arm-none-eabi-10.3-2021.10/lib/gcc/arm-none-eabi/10.3.1/thumb/v7e-m+dp/hard/libTeensy41Core.a(WString.o)
                0x0000000000010030                String::changeBuffer(unsigned int)
 .text._ZN6String4copyEPKcj
                0x000000000001004c       0x68 /Users/georgerosar/Documents/GitHub/iridescentCoconutSynth/gcc-arm-none-eabi-10.3-2021.10/lib/gcc/arm-none-eabi/10.3.1/thumb/v7e-m+dp/hard/libTeensy41Core.a(WString.o)
                0x000000000001004c                String::copy(char const*, unsigned int)
 .text._ZN6StringC2EPKc
                0x00000000000100b4       0x28 /Users/georgerosar/Documents/GitHub/iridescentCoconutSynth/gcc-arm-none-eabi-10.3-2021.10/lib/gcc/arm-none-eabi/10.3.1/thumb/v7e-m+dp/hard/libTeensy41Core.a(WString.o)
                0x00000000000100b4                String::String(char const*)
                0x00000000000100b4                String::String(char const*)
 .text._ZN6StringC2Emh
                0x00000000000100dc       0x30 /Users/georgerosar/Documents/GitHub/iridescentCoconutSynth/gcc-arm-none-eabi-10.3-2021.10/lib/gcc/arm-none-eabi/10.3.1/thumb/v7e-m+dp/hard/libTeensy41Core.a(WString.o)
                0x00000000000100dc                String::String(unsigned long, unsigned char)
                0x00000000000100dc                String::String(unsigned long, unsigned char)
 .text._ZN6StringC2Eh
                0x000000000001010c       0x30 /Users/georgerosar/Documents/GitHub/iridescentCoconutSynth/gcc-arm-none-eabi-10.3-2021.10/lib/gcc/arm-none-eabi/10.3.1/thumb/v7e-m+dp/hard/libTeensy41Core.a(WString.o)
                0x000000000001010c                String::String(unsigned char)
                0x000000000001010c                String::String(unsigned char)
 .text._ZN6StringC2Eih
                0x000000000001013c       0x30 /Users/georgerosar/Documents/GitHub/iridescentCoconutSynth/gcc-arm-none-eabi-10.3-2021.10/lib/gcc/arm-none-eabi/10.3.1/thumb/v7e-m+dp/hard/libTeensy41Core.a(WString.o)
                0x000000000001013c                String::String(int, unsigned char)
                0x000000000001013c                String::String(int, unsigned char)
 .text._ZN6StringC2Ejh
                0x000000000001016c       0x30 /Users/georgerosar/Documents/GitHub/iridescentCoconutSynth/gcc-arm-none-eabi-10.3-2021.10/lib/gcc/arm-none-eabi/10.3.1/thumb/v7e-m+dp/hard/libTeensy41Core.a(WString.o)
                0x000000000001016c                String::String(unsigned int, unsigned char)
                0x000000000001016c                String::String(unsigned int, unsigned char)
 .text._ZN6StringC2Elh
                0x000000000001019c       0x30 /Users/georgerosar/Documents/GitHub/iridescentCoconutSynth/gcc-arm-none-eabi-10.3-2021.10/lib/gcc/arm-none-eabi/10.3.1/thumb/v7e-m+dp/hard/libTeensy41Core.a(WString.o)
                0x000000000001019c                String::String(long, unsigned char)
                0x000000000001019c                String::String(long, unsigned char)
 .text._ZN6StringC2Efh
                0x00000000000101cc       0x38 /Users/georgerosar/Documents/GitHub/iridescentCoconutSynth/gcc-arm-none-eabi-10.3-2021.10/lib/gcc/arm-none-eabi/10.3.1/thumb/v7e-m+dp/hard/libTeensy41Core.a(WString.o)
                0x00000000000101cc                String::String(float, unsigned char)
                0x00000000000101cc                String::String(float, unsigned char)
 .text._ZN6String4moveERS_
                0x0000000000010204       0x2c /Users/georgerosar/Documents/GitHub/iridescentCoconutSynth/gcc-arm-none-eabi-10.3-2021.10/lib/gcc/arm-none-eabi/10.3.1/thumb/v7e-m+dp/hard/libTeensy41Core.a(WString.o)
                0x0000000000010204                String::move(String&)
 .text._ZN6StringaSERKS_
                0x0000000000010230       0x10 /Users/georgerosar/Documents/GitHub/iridescentCoconutSynth/gcc-arm-none-eabi-10.3-2021.10/lib/gcc/arm-none-eabi/10.3.1/thumb/v7e-m+dp/hard/libTeensy41Core.a(WString.o)
                0x0000000000010230                String::operator=(String const&)
 .text._ZN6StringaSEOS_
                0x0000000000010240       0x2c /Users/georgerosar/Documents/GitHub/iridescentCoconutSynth/gcc-arm-none-eabi-10.3-2021.10/lib/gcc/arm-none-eabi/10.3.1/thumb/v7e-m+dp/hard/libTeensy41Core.a(WString.o)
                0x0000000000010240                String::operator=(String&&)
 .text._ZN6StringaSEO15StringSumHelper
                0x000000000001026c       0x2c /Users/georgerosar/Documents/GitHub/iridescentCoconutSynth/gcc-arm-none-eabi-10.3-2021.10/lib/gcc/arm-none-eabi/10.3.1/thumb/v7e-m+dp/hard/libTeensy41Core.a(WString.o)
                0x000000000001026c                String::operator=(StringSumHelper&&)
 .text._ZN6StringaSEPKc
                0x0000000000010298       0x24 /Users/georgerosar/Documents/GitHub/iridescentCoconutSynth/gcc-arm-none-eabi-10.3-2021.10/lib/gcc/arm-none-eabi/10.3.1/thumb/v7e-m+dp/hard/libTeensy41Core.a(WString.o)
                0x0000000000010298                String::operator=(char const*)
 .text._ZN6StringaSEPK19__FlashStringHelper
                0x00000000000102bc       0x20 /Users/georgerosar/Documents/GitHub/iridescentCoconutSynth/gcc-arm-none-eabi-10.3-2021.10/lib/gcc/arm-none-eabi/10.3.1/thumb/v7e-m+dp/hard/libTeensy41Core.a(WString.o)
                0x00000000000102bc                String::operator=(__FlashStringHelper const*)
 .text._ZN6StringaSEc
                0x00000000000102dc       0x5c /Users/georgerosar/Documents/GitHub/iridescentCoconutSynth/gcc-arm-none-eabi-10.3-2021.10/lib/gcc/arm-none-eabi/10.3.1/thumb/v7e-m+dp/hard/libTeensy41Core.a(WString.o)
                0x00000000000102dc                String::operator=(char)
 .text._ZN6String6appendEPKcj
                0x0000000000010338       0x7c /Users/georgerosar/Documents/GitHub/iridescentCoconutSynth/gcc-arm-none-eabi-10.3-2021.10/lib/gcc/arm-none-eabi/10.3.1/thumb/v7e-m+dp/hard/libTeensy41Core.a(WString.o)
                0x0000000000010338                String::append(char const*, unsigned int)
 .text._ZN6String6appendERKS_
                0x00000000000103b4        0x8 /Users/georgerosar/Documents/GitHub/iridescentCoconutSynth/gcc-arm-none-eabi-10.3-2021.10/lib/gcc/arm-none-eabi/10.3.1/thumb/v7e-m+dp/hard/libTeensy41Core.a(WString.o)
                0x00000000000103b4                String::append(String const&)
 .text._ZN6String6appendEPKc
                0x00000000000103bc       0x1c /Users/georgerosar/Documents/GitHub/iridescentCoconutSynth/gcc-arm-none-eabi-10.3-2021.10/lib/gcc/arm-none-eabi/10.3.1/thumb/v7e-m+dp/hard/libTeensy41Core.a(WString.o)
                0x00000000000103bc                String::append(char const*)
 .text._ZN6String6appendEc