# Path: build-shared/micropython
# Arch: x86_64
# Object files:
[  0] linker synthesized
[  1] build-shared/py/mpstate.o
[  2] build-shared/py/nlr.o
[  3] build-shared/py/nlrx64.o
[  4] build-shared/py/malloc.o
[  5] build-shared/py/gc.o
[  6] build-shared/py/qstr.o
[  7] build-shared/py/vstr.o
[  8] build-shared/py/mpprint.o
[  9] build-shared/py/unicode.o
[ 10] build-shared/py/mpz.o
[ 11] build-shared/py/reader.o
[ 12] build-shared/py/lexer.o
[ 13] build-shared/py/parse.o
[ 14] build-shared/py/scope.o
[ 15] build-shared/py/compile.o
[ 16] build-shared/py/emitcommon.o
[ 17] build-shared/py/emitbc.o
[ 18] build-shared/py/asmbase.o
[ 19] build-shared/py/asmx64.o
[ 20] build-shared/py/emitnx64.o
[ 21] build-shared/py/formatfloat.o
[ 22] build-shared/py/parsenumbase.o
[ 23] build-shared/py/parsenum.o
[ 24] build-shared/py/emitglue.o
[ 25] build-shared/py/persistentcode.o
[ 26] build-shared/py/runtime.o
[ 27] build-shared/py/runtime_utils.o
[ 28] build-shared/py/scheduler.o
[ 29] build-shared/py/nativeglue.o
[ 30] build-shared/py/pairheap.o
[ 31] build-shared/py/ringbuf.o
[ 32] build-shared/py/stackctrl.o
[ 33] build-shared/py/argcheck.o
[ 34] build-shared/py/warning.o
[ 35] build-shared/py/map.o
[ 36] build-shared/py/obj.o
[ 37] build-shared/py/objarray.o
[ 38] build-shared/py/objattrtuple.o
[ 39] build-shared/py/objbool.o
[ 40] build-shared/py/objboundmeth.o
[ 41] build-shared/py/objcell.o
[ 42] build-shared/py/objclosure.o
[ 43] build-shared/py/objcomplex.o
[ 44] build-shared/py/objdeque.o
[ 45] build-shared/py/objdict.o
[ 46] build-shared/py/objenumerate.o
[ 47] build-shared/py/objexcept.o
[ 48] build-shared/py/objfilter.o
[ 49] build-shared/py/objfloat.o
[ 50] build-shared/py/objfun.o
[ 51] build-shared/py/objgenerator.o
[ 52] build-shared/py/objgetitemiter.o
[ 53] build-shared/py/objint.o
[ 54] build-shared/py/objint_mpz.o
[ 55] build-shared/py/objlist.o
[ 56] build-shared/py/objmap.o
[ 57] build-shared/py/objmodule.o
[ 58] build-shared/py/objobject.o
[ 59] build-shared/py/objpolyiter.o
[ 60] build-shared/py/objproperty.o
[ 61] build-shared/py/objnone.o
[ 62] build-shared/py/objnamedtuple.o
[ 63] build-shared/py/objrange.o
[ 64] build-shared/py/objreversed.o
[ 65] build-shared/py/objset.o
[ 66] build-shared/py/objsingleton.o
[ 67] build-shared/py/objslice.o
[ 68] build-shared/py/objstr.o
[ 69] build-shared/py/objstrunicode.o
[ 70] build-shared/py/objstringio.o
[ 71] build-shared/py/objtuple.o
[ 72] build-shared/py/objtype.o
[ 73] build-shared/py/objzip.o
[ 74] build-shared/py/opmethods.o
[ 75] build-shared/py/sequence.o
[ 76] build-shared/py/stream.o
[ 77] build-shared/py/binary.o
[ 78] build-shared/py/builtinimport.o
[ 79] build-shared/py/builtinevex.o
[ 80] build-shared/py/builtinhelp.o
[ 81] build-shared/py/modarray.o
[ 82] build-shared/py/modbuiltins.o
[ 83] build-shared/py/modcollections.o
[ 84] build-shared/py/modgc.o
[ 85] build-shared/py/modio.o
[ 86] build-shared/py/modmath.o
[ 87] build-shared/py/modcmath.o
[ 88] build-shared/py/modmicropython.o
[ 89] build-shared/py/modstruct.o
[ 90] build-shared/py/modsys.o
[ 91] build-shared/py/moduerrno.o
[ 92] build-shared/py/vm.o
[ 93] build-shared/py/bc.o
[ 94] build-shared/py/showbc.o
[ 95] build-shared/py/repl.o
[ 96] build-shared/py/smallint.o
[ 97] build-shared/py/frozenmod.o
[ 98] build-shared/build-shared/frozen_content.o
[ 99] build-shared/extmod/moductypes.o
[100] build-shared/extmod/modujson.o
[101] build-shared/extmod/moduos.o
[102] build-shared/extmod/modure.o
[103] build-shared/extmod/moduzlib.o
[104] build-shared/extmod/moduheapq.o
[105] build-shared/extmod/modutimeq.o
[106] build-shared/extmod/moduhashlib.o
[107] build-shared/extmod/moducryptolib.o
[108] build-shared/extmod/modubinascii.o
[109] build-shared/extmod/virtpin.o
[110] build-shared/extmod/machine_mem.o
[111] build-shared/extmod/machine_pinbase.o
[112] build-shared/extmod/machine_signal.o
[113] build-shared/extmod/machine_pulse.o
[114] build-shared/extmod/modussl_mbedtls.o
[115] build-shared/extmod/modurandom.o
[116] build-shared/extmod/moduwebsocket.o
[117] build-shared/extmod/vfs.o
[118] build-shared/extmod/vfs_blockdev.o
[119] build-shared/extmod/vfs_reader.o
[120] build-shared/extmod/vfs_posix.o
[121] build-shared/extmod/vfs_posix_file.o
[122] build-shared/extmod/utime_mphal.o
[123] build-shared/shared/libc/abort_.o
[124] build-shared/shared/libc/printf.o
[125] build-shared/main.o
[126] build-shared/gccollect.o
[127] build-shared/unix_mphal.o
[128] build-shared/mpthreadport.o
[129] build-shared/input.o
[130] build-shared/modmachine.o
[131] build-shared/modtime.o
[132] build-shared/moduselect.o
[133] build-shared/alloc.o
[134] build-shared/fatfs_port.o
[135] build-shared/lib/mbedtls_errors/mp_mbedtls_errors.o
[136] build-shared/lib/mbedtls/library/aes.o
[137] build-shared/lib/mbedtls/library/asn1parse.o
[138] build-shared/lib/mbedtls/library/bignum.o
[139] build-shared/lib/mbedtls/library/cipher.o
[140] build-shared/lib/mbedtls/library/cipher_wrap.o
[141] build-shared/lib/mbedtls/library/ctr_drbg.o
[142] build-shared/lib/mbedtls/library/entropy.o
[143] build-shared/lib/mbedtls/library/entropy_poll.o
[144] build-shared/lib/mbedtls/library/havege.o
[145] build-shared/lib/mbedtls/library/md5.o
[146] build-shared/lib/mbedtls/library/md.o
[147] build-shared/lib/mbedtls/library/md_wrap.o
[148] build-shared/lib/mbedtls/library/oid.o
[149] build-shared/lib/mbedtls/library/pk.o
[150] build-shared/lib/mbedtls/library/pkcs5.o
[151] build-shared/lib/mbedtls/library/pkparse.o
[152] build-shared/lib/mbedtls/library/pk_wrap.o
[153] build-shared/lib/mbedtls/library/platform.o
[154] build-shared/lib/mbedtls/library/platform_util.o
[155] build-shared/lib/mbedtls/library/rsa.o
[156] build-shared/lib/mbedtls/library/rsa_internal.o
[157] build-shared/lib/mbedtls/library/sha1.o
[158] build-shared/lib/mbedtls/library/sha256.o
[159] build-shared/lib/mbedtls/library/sha512.o
[160] build-shared/lib/mbedtls/library/ssl_ciphersuites.o
[161] build-shared/lib/mbedtls/library/ssl_cli.o
[162] build-shared/lib/mbedtls/library/ssl_srv.o
[163] build-shared/lib/mbedtls/library/ssl_tls.o
[164] build-shared/lib/mbedtls/library/timing.o
[165] build-shared/lib/mbedtls/library/x509.o
[166] build-shared/lib/mbedtls/library/x509_crt.o
[167] build-shared/extmod/modbtree.o
[168] build-shared/lib/berkeley-db-1.xx/btree/bt_close.o
[169] build-shared/lib/berkeley-db-1.xx/btree/bt_conv.o
[170] build-shared/lib/berkeley-db-1.xx/btree/bt_delete.o
[171] build-shared/lib/berkeley-db-1.xx/btree/bt_get.o
[172] build-shared/lib/berkeley-db-1.xx/btree/bt_open.o
[173] build-shared/lib/berkeley-db-1.xx/btree/bt_overflow.o
[174] build-shared/lib/berkeley-db-1.xx/btree/bt_page.o
[175] build-shared/lib/berkeley-db-1.xx/btree/bt_put.o
[176] build-shared/lib/berkeley-db-1.xx/btree/bt_search.o
[177] build-shared/lib/berkeley-db-1.xx/btree/bt_seq.o
[178] build-shared/lib/berkeley-db-1.xx/btree/bt_split.o
[179] build-shared/lib/berkeley-db-1.xx/btree/bt_utils.o
[180] build-shared/lib/berkeley-db-1.xx/mpool/mpool.o
[181] build-shared/modtermios.o
[182] build-shared/modusocket.o
[183] build-shared/modffi.o
[184] build-shared/shared/runtime/gchelper_generic.o
[185] build-shared/shared/timeutils/timeutils.o
[186] build-shared/shared/readline/readline.o
[187] /Library/Developer/CommandLineTools/SDKs/MacOSX12.sdk/usr/lib/libpthread.tbd
[188] /Library/Developer/CommandLineTools/SDKs/MacOSX12.sdk/usr/lib/libffi.tbd
# Sections:
# Address	Size    	Segment	Section
0x100003BB0	0x00053E3A	__TEXT	__text
0x1000579EA	0x00000336	__TEXT	__stubs
0x100057D20	0x00000560	__TEXT	__stub_helper
0x100058280	0x00005220	__TEXT	__const
0x10005D4A0	0x00005853	__TEXT	__cstring
0x100062CF4	0x00001300	__TEXT	__unwind_info
0x100064000	0x000001C0	__DATA_CONST	__got
0x1000641C0	0x0000CBB0	__DATA_CONST	__const
0x100074000	0x00000448	__DATA	__la_symbol_ptr
0x100074450	0x00000058	__DATA	__data
0x1000744A8	0x000006E9	__DATA	__common
0x100074BA0	0x000001B0	__DATA	__bss
# Symbols:
# Address	Size    	File  Name
0x100003BB0	0x0000001A	[  2] _nlr_push_tail
0x100003BCA	0x00000018	[  2] _nlr_pop
0x100003BE2	0x00000032	[  3] _nlr_push
0x100003C14	0x00000053	[  3] _nlr_jump
0x100003C67	0x00000065	[  4] _m_malloc
0x100003CCC	0x00000053	[  4] _m_malloc_maybe
0x100003D1F	0x0000000A	[  4] _m_malloc0
0x100003D29	0x00000070	[  4] _m_realloc
0x100003D99	0x00000065	[  4] _m_realloc_maybe
0x100003DFE	0x00000023	[  4] _m_free
0x100003E21	0x00000014	[  4] _m_get_total_bytes_allocated
0x100003E35	0x00000014	[  4] _m_get_current_bytes_allocated
0x100003E49	0x00000014	[  4] _m_get_peak_bytes_allocated
0x100003E60	0x000000C0	[  5] _gc_init
0x100003F20	0x00000020	[  5] _gc_lock
0x100003F40	0x00000020	[  5] _gc_unlock
0x100003F60	0x00000020	[  5] _gc_is_locked
0x100003F80	0x00000040	[  5] _gc_collect_start
0x100003FC0	0x000001D0	[  5] _gc_collect_root
0x100004190	0x00000380	[  5] _gc_collect_end
0x100004510	0x000001F0	[  5] _gc_info
0x100004700	0x00000240	[  5] _gc_alloc
0x100004940	0x000000C0	[  5] _gc_free
0x100004A00	0x00000090	[  5] _gc_nbytes
0x100004A90	0x000003B0	[  5] _gc_realloc
0x100004E40	0x000001E0	[  5] _gc_dump_info
0x100005020	0x000002A0	[  5] _gc_dump_alloc_table
0x1000052C0	0x00000040	[  6] _qstr_compute_hash
0x100005300	0x00000023	[  6] _qstr_init
0x100005323	0x000000E3	[  6] _qstr_find_strn
0x100005406	0x0000001F	[  6] _qstr_from_str
0x100005425	0x0000025C	[  6] _qstr_from_strn
0x100005681	0x00000028	[  6] _qstr_hash
0x1000056A9	0x00000028	[  6] _qstr_len
0x1000056D1	0x00000025	[  6] _qstr_str
0x1000056F6	0x00000030	[  6] _qstr_data
0x100005726	0x000000A8	[  6] _qstr_pool_info
0x1000057CE	0x00000084	[  6] _qstr_dump_data
0x100005852	0x00000034	[  7] _vstr_init
0x100005886	0x0000003D	[  7] _vstr_init_len
0x1000058C3	0x00000019	[  7] _vstr_init_fixed_buf
0x1000058DC	0x00000044	[  7] _vstr_init_print
0x100005920	0x0000003D	[  7] _vstr_add_strn
0x10000595D	0x0000002A	[  7] _vstr_clear
0x100005987	0x00000043	[  7] _vstr_new
0x1000059CA	0x00000034	[  7] _vstr_free
0x1000059FE	0x0000004A	[  7] _vstr_extend
0x100005A48	0x0000004F	[  7] _vstr_ensure_extra
0x100005A97	0x00000029	[  7] _vstr_add_len
0x100005AC0	0x00000036	[  7] _vstr_null_terminated_str
0x100005AF6	0x00000030	[  7] _vstr_add_byte
0x100005B26	0x00000128	[  7] _vstr_add_char
0x100005C4E	0x00000048	[  7] _vstr_add_str
0x100005C96	0x00000016	[  7] _vstr_ins_byte
0x100005CAC	0x00000054	[  7] _vstr_ins_blank_bytes
0x100005D00	0x00000016	[  7] _vstr_ins_char
0x100005D16	0x00000042	[  7] _vstr_cut_out_bytes
0x100005D58	0x00000017	[  7] _vstr_cut_tail_bytes
0x100005D6F	0x000000B2	[  7] _vstr_printf
0x100005E24	0x00000010	[  8] _plat_print_strn
0x100005E34	0x0000003A	[  8] _mp_print_str
0x100005E6E	0x00000120	[  8] _mp_print_strn
0x100005F8E	0x0000043F	[  8] _mp_print_mp_int
0x1000063CD	0x000000F6	[  8] _mp_print_float
0x1000064C3	0x0000009A	[  8] _mp_printf
0x10000655D	0x00000583	[  8] _mp_vprintf
0x100006AE0	0x0000017F	[  8] _mp_print_int
0x100006C5F	0x0000005D	[  9] _utf8_get_char
0x100006CBC	0x00000017	[  9] _utf8_next_char
0x100006CD3	0x00000023	[  9] _utf8_ptr_to_index
0x100006CF6	0x0000002C	[  9] _utf8_charlen
0x100006D22	0x0000001E	[  9] _unichar_isspace
0x100006D40	0x0000001F	[  9] _unichar_isalpha
0x100006D5F	0x0000001E	[  9] _unichar_isdigit
0x100006D7D	0x0000001F	[  9] _unichar_isxdigit
0x100006D9C	0x00000026	[  9] _unichar_isident
0x100006DC2	0x0000001E	[  9] _unichar_isupper
0x100006DE0	0x0000001E	[  9] _unichar_islower
0x100006DFE	0x0000001F	[  9] _unichar_tolower
0x100006E1D	0x0000001F	[  9] _unichar_toupper
0x100006E3C	0x00000019	[  9] _unichar_xdigit_value
0x100006E55	0x00000055	[  9] _utf8_check
0x100006EAA	0x00000014	[ 10] _mpz_init_zero
0x100006EBE	0x00000018	[ 10] _mpz_init_from_int
0x100006ED6	0x00000071	[ 10] _mpz_set_from_int
0x100006F47	0x00000024	[ 10] _mpz_init_fixed_from_int
0x100006F6B	0x00000025	[ 10] _mpz_deinit
0x100006F90	0x00000049	[ 10] _mpz_set
0x100006FD9	0x00000055	[ 10] _mpz_need_dig
0x10000702E	0x0000007C	[ 10] _mpz_set_from_ll
0x1000070AA	0x00000174	[ 10] _mpz_set_from_float
0x10000721E	0x00000109	[ 10] _mpz_set_from_str
0x100007327	0x000000D4	[ 10] _mpz_set_from_bytes
0x1000073FB	0x0000007A	[ 10] _mpz_cmp
0x100007475	0x00000020	[ 10] _mpz_abs_inpl
0x100007495	0x00000027	[ 10] _mpz_neg_inpl
0x1000074BC	0x000000A9	[ 10] _mpz_not_inpl
0x100007565	0x00000092	[ 10] _mpn_sub
0x1000075F7	0x00000089	[ 10] _mpn_add
0x100007680	0x00000120	[ 10] _mpz_shl_inpl
0x1000077A0	0x0000013D	[ 10] _mpz_shr_inpl
0x1000078DD	0x0000006C	[ 10] _mpn_shr
0x100007949	0x000000EE	[ 10] _mpz_add_inpl
0x100007A37	0x00000104	[ 10] _mpz_sub_inpl
0x100007B3B	0x00000178	[ 10] _mpz_and_inpl
0x100007CB3	0x00000173	[ 10] _mpz_or_inpl
0x100007E26	0x0000013D	[ 10] _mpz_xor_inpl
0x100007F63	0x00000180	[ 10] _mpz_mul_inpl
0x1000080E3	0x00000070	[ 10] _mpz_clone
0x100008153	0x00000035	[ 10] _mpz_free
0x100008188	0x0000013B	[ 10] _mpz_pow_inpl
0x1000082C3	0x0000018C	[ 10] _mpz_pow3_inpl
0x10000844F	0x000003FB	[ 10] _mpz_divmod_inpl
0x10000884A	0x0000003E	[ 10] _mpz_hash
0x100008888	0x00000050	[ 10] _mpz_as_int_checked
0x1000088D8	0x000000E3	[ 10] _mpz_as_bytes
0x1000089BB	0x00000052	[ 10] _mpz_as_float
0x100008A0D	0x000001D5	[ 10] _mpz_as_str_inpl
0x100008BE2	0x00000058	[ 11] _mp_reader_new_mem
0x100008C3A	0x00000022	[ 11] _mp_reader_mem_readbyte
0x100008C5C	0x0000002D	[ 11] _mp_reader_mem_close
0x100008C89	0x0000008A	[ 11] _mp_reader_new_file_from_fd
0x100008D13	0x00000060	[ 11] _mp_reader_posix_readbyte
0x100008D73	0x00000029	[ 11] _mp_reader_posix_close
0x100008D9C	0x00000AE8	[ 12] _mp_lexer_to_next
0x100009884	0x0000008D	[ 12] _skip_whitespace
0x100009911	0x00000054	[ 12] _indent_push
0x100009965	0x0000006B	[ 12] _is_string_or_bytes
0x1000099D0	0x000000EC	[ 12] _next_char
0x100009ABC	0x000000C5	[ 12] _mp_lexer_new
0x100009B81	0x0000003B	[ 12] _mp_lexer_new_from_str_len
0x100009BBC	0x00000047	[ 12] _mp_lexer_new_from_file
0x100009C03	0x0000003B	[ 12] _mp_lexer_new_from_fd
0x100009C3E	0x00000051	[ 12] _mp_lexer_free
0x100009C90	0x00000019	[ 13] _mp_parse_node_is_const_false
0x100009CA9	0x0000001B	[ 13] _mp_parse_node_is_const_true
0x100009CC4	0x00000052	[ 13] _mp_parse_node_get_int_maybe
0x100009D16	0x00000040	[ 13] _mp_parse_node_extract_list
0x100009D56	0x00000996	[ 13] _mp_parse
0x10000A6EC	0x0000007F	[ 13] _push_rule
0x10000A76B	0x000001AD	[ 13] _push_result_token
0x10000A918	0x00000053	[ 13] _push_result_node
0x10000A96B	0x0000083D	[ 13] _push_result_rule
0x10000B1A8	0x0000002E	[ 13] _mp_parse_tree_clear
0x10000B1D6	0x000000C1	[ 13] _parser_alloc
0x10000B297	0x00000057	[ 13] _mp_parse_node_is_const
0x10000B2EE	0x00000079	[ 13] _mp_parse_node_convert_to_obj
0x10000B367	0x00000106	[ 13] _build_tuple_from_stack
0x10000B46D	0x0000007E	[ 14] _scope_new
0x10000B4EB	0x0000002D	[ 14] _scope_free
0x10000B518	0x00000099	[ 14] _scope_find_or_add_id
0x10000B5B1	0x00000024	[ 14] _scope_find
0x10000B5D5	0x00000030	[ 14] _scope_find_global
0x10000B605	0x00000089	[ 14] _scope_check_to_close_over
0x10000B690	0x000006A6	[ 15] _mp_compile
0x10000BD36	0x000003F2	[ 15] _compile_scope
0x10000C128	0x000000A9	[ 15] _compile_node
0x10000C1D1	0x00000084	[ 15] _apply_to_single_or_list
0x10000C255	0x00000076	[ 15] _compile_viper_type_annotation
0x10000C2CB	0x00000038	[ 15] _compile_load_id
0x10000C303	0x00000149	[ 15] _compile_scope_comp_iter
0x10000C44C	0x00000033	[ 15] _compile_store_id
0x10000C47F	0x00000069	[ 15] _compile_generic_all_nodes
0x10000C4E8	0x000001CF	[ 15] _compile_decorated
0x10000C6B7	0x00000027	[ 15] _compile_funcdef
0x10000C6DE	0x0000035E	[ 15] _compile_expr_stmt
0x10000CA3C	0x00000071	[ 15] _compile_generic_tuple
0x10000CAAD	0x0000001A	[ 15] _compile_del_stmt
0x10000CAC7	0x00000054	[ 15] _compile_break_cont_stmt
0x10000CB1B	0x000000CE	[ 15] _compile_return_stmt
0x10000CBE9	0x00000026	[ 15] _compile_yield_stmt
0x10000CC0F	0x0000006B	[ 15] _compile_raise_stmt
0x10000CC7A	0x0000001A	[ 15] _compile_import_name
0x10000CC94	0x0000020C	[ 15] _compile_import_from
0x10000CEA0	0x0000012D	[ 15] _compile_global_nonlocal_stmt
0x10000CFCD	0x000000B3	[ 15] _compile_assert_stmt
0x10000D080	0x00000348	[ 15] _compile_async_stmt
0x10000D3C8	0x0000015F	[ 15] _compile_if_stmt
0x10000D527	0x0000010F	[ 15] _compile_while_stmt
0x10000D636	0x00000269	[ 15] _compile_for_stmt
0x10000D89F	0x000000C0	[ 15] _compile_try_stmt
0x10000D95F	0x00000042	[ 15] _compile_with_stmt
0x10000D9A1	0x00000015	[ 15] _compile_namedexpr
0x10000D9B6	0x0000009E	[ 15] _compile_test_if_expr
0x10000DA54	0x0000007C	[ 15] _compile_lambdef
0x10000DAD0	0x000000AF	[ 15] _compile_or_and_test
0x10000DB7F	0x0000002E	[ 15] _compile_not_test_2
0x10000DBAD	0x000001AB	[ 15] _compile_comparison
0x10000DD58	0x00000011	[ 15] _compile_star_expr
0x10000DD69	0x00000070	[ 15] _compile_binary_op
0x10000DDD9	0x0000006A	[ 15] _compile_term
0x10000DE43	0x00000041	[ 15] _compile_factor_2
0x10000DE84	0x0000002A	[ 15] _compile_power
0x10000DEAE	0x00000044	[ 15] _compile_atom_expr_await
0x10000DEF2	0x00000240	[ 15] _compile_atom_expr_normal
0x10000E132	0x0000005F	[ 15] _compile_atom_paren
0x10000E191	0x000000B8	[ 15] _compile_atom_bracket
0x10000E249	0x0000000F	[ 15] _compile_atom_brace
0x10000E258	0x00000012	[ 15] _compile_trailer_paren
0x10000E26A	0x0000002B	[ 15] _compile_trailer_bracket
0x10000E295	0x00000023	[ 15] _compile_trailer_period
0x10000E2B8	0x000000D7	[ 15] _compile_subscript
0x10000E38F	0x00000026	[ 15] _compile_dictorsetmaker_item
0x10000E3B5	0x00000027	[ 15] _compile_classdef
0x10000E3DC	0x0000009C	[ 15] _compile_yield_expr
0x10000E478	0x0000001A	[ 15] _compile_const_object
0x10000E492	0x00000087	[ 15] _compile_funcdef_helper
0x10000E519	0x000000C8	[ 15] _compile_classdef_helper
0x10000E5E1	0x00000044	[ 15] _compile_syntax_error
0x10000E625	0x000000B1	[ 15] _compile_funcdef_lambdef
0x10000E6D6	0x00000142	[ 15] _compile_funcdef_lambdef_param
0x10000E818	0x0000014D	[ 15] _close_over_variables_etc
0x10000E965	0x0000021E	[ 15] _compile_trailer_paren_helper
0x10000EB83	0x0000007E	[ 15] _compile_namedexpr_helper
0x10000EC01	0x000000BB	[ 15] _compile_comprehension
0x10000ECBC	0x000002F3	[ 15] _c_assign
0x10000EFAF	0x00000100	[ 15] _c_assign_tuple
0x10000F0AF	0x000001EA	[ 15] _c_del_stmt
0x10000F299	0x00000033	[ 15] _compile_delete_id
0x10000F2CC	0x000001D0	[ 15] _c_if_cond
0x10000F49C	0x00000054	[ 15] _compile_dotted_as_name
0x10000F4F0	0x00000203	[ 15] _do_import_name
0x10000F6F3	0x00000052	[ 15] _compile_yield_from
0x10000F745	0x00000425	[ 15] _compile_async_with_stmt_helper
0x10000FB6A	0x00000268	[ 15] _compile_for_stmt_optimised_range
0x10000FDD2	0x000000FF	[ 15] _compile_try_finally
0x10000FED1	0x00000325	[ 15] _compile_try_except
0x1000101F6	0x00000153	[ 15] _compile_with_stmt_helper
0x100010349	0x0000025C	[ 15] _compile_atom_brace_helper
0x1000105A5	0x00000150	[ 15] _compile_scope_func_lambda_param
0x1000106F5	0x00000048	[ 16] _mp_emit_common_use_qstr
0x10001073D	0x00000057	[ 16] _mp_emit_common_use_const_obj
0x100010794	0x0000009E	[ 16] _strictly_equal
0x100010832	0x0000002C	[ 16] _mp_emit_common_get_id_for_modification
0x10001085E	0x0000008B	[ 16] _mp_emit_common_id_op
0x1000108E9	0x0000001E	[ 17] _emit_bc_new
0x100010907	0x00000025	[ 17] _emit_bc_set_max_num_labels
0x10001092C	0x0000002D	[ 17] _emit_bc_free
0x100010959	0x00000294	[ 17] _mp_emit_bc_start_pass
0x100010BED	0x0000011E	[ 17] _mp_emit_bc_end_pass
0x100010D0B	0x00000022	[ 17] _mp_emit_bc_adjust_stack_size
0x100010D2D	0x0000012C	[ 17] _mp_emit_bc_set_source_line
0x100010E59	0x00000035	[ 17] _mp_emit_bc_label_assign
0x100010E8E	0x00000030	[ 17] _mp_emit_bc_import
0x100010EBE	0x0000005C	[ 17] _emit_write_bytecode_byte
0x100010F1A	0x0000004C	[ 17] _emit_write_bytecode_byte_qstr
0x100010F66	0x00000028	[ 17] _mp_emit_bc_load_const_tok
0x100010F8E	0x0000003E	[ 17] _emit_write_bytecode_byte_obj
0x100010FCC	0x00000145	[ 17] _mp_emit_bc_load_const_small_int
0x100011111	0x00000017	[ 17] _mp_emit_bc_load_const_str
0x100011128	0x0000000A	[ 17] _mp_emit_bc_load_const_obj
0x100011132	0x00000014	[ 17] _mp_emit_bc_load_null
0x100011146	0x00000057	[ 17] _mp_emit_bc_load_local
0x10001119D	0x00000018	[ 17] _mp_emit_bc_load_global
0x1000111B5	0x0000001C	[ 17] _mp_emit_bc_load_method
0x1000111D1	0x00000014	[ 17] _mp_emit_bc_load_build_class
0x1000111E5	0x0000005A	[ 17] _mp_emit_bc_subscr
0x10001123F	0x00000011	[ 17] _mp_emit_bc_rot_three
0x100011250	0x0000005C	[ 17] _mp_emit_bc_attr
0x1000112AC	0x00000011	[ 17] _mp_emit_bc_rot_two
0x1000112BD	0x00000057	[ 17] _mp_emit_bc_store_local
0x100011314	0x00000018	[ 17] _mp_emit_bc_store_global
0x10001132C	0x00000030	[ 17] _mp_emit_bc_delete_local
0x10001135C	0x00000015	[ 17] _mp_emit_bc_delete_global
0x100011371	0x00000014	[ 17] _mp_emit_bc_dup_top
0x100011385	0x00000014	[ 17] _mp_emit_bc_dup_top_two
0x100011399	0x00000014	[ 17] _mp_emit_bc_pop_top
0x1000113AD	0x00000023	[ 17] _mp_emit_bc_jump
0x1000113D0	0x000000FD	[ 17] _emit_write_bytecode_byte_label
0x1000114CD	0x00000019	[ 17] _mp_emit_bc_pop_jump_if
0x1000114E6	0x00000019	[ 17] _mp_emit_bc_jump_if_or_pop
0x1000114FF	0x0000011F	[ 17] _mp_emit_bc_unwind_jump
0x10001161E	0x0000001D	[ 17] _mp_emit_bc_setup_block
0x10001163B	0x00000081	[ 17] _mp_emit_bc_with_cleanup
0x1000116BC	0x00000014	[ 17] _mp_emit_bc_end_finally
0x1000116D0	0x00000012	[ 17] _mp_emit_bc_get_iter
0x1000116E2	0x00000017	[ 17] _mp_emit_bc_for_iter
0x1000116F9	0x00000025	[ 17] _mp_emit_bc_for_iter_end
0x10001171E	0x00000023	[ 17] _mp_emit_bc_pop_except_jump
0x100011741	0x00000014	[ 17] _mp_emit_bc_unary_op
0x100011755	0x0000004E	[ 17] _mp_emit_bc_binary_op
0x1000117A3	0x00000041	[ 17] _mp_emit_bc_build
0x1000117E4	0x00000014	[ 17] _mp_emit_bc_store_map
0x1000117F8	0x0000005B	[ 17] _mp_emit_bc_store_comp
0x100011853	0x0000002F	[ 17] _mp_emit_bc_unpack_sequence
0x100011882	0x00000039	[ 17] _mp_emit_bc_unpack_ex
0x1000118BB	0x0000002D	[ 17] _mp_emit_bc_make_function
0x1000118E8	0x00000054	[ 17] _emit_write_bytecode_byte_child
0x10001193C	0x00000082	[ 17] _mp_emit_bc_make_closure
0x1000119BE	0x0000001A	[ 17] _mp_emit_bc_call_function
0x1000119D8	0x00000061	[ 17] _emit_bc_call_function_method_helper
0x100011A39	0x0000001D	[ 17] _mp_emit_bc_call_method
0x100011A56	0x00000023	[ 17] _mp_emit_bc_return_value
0x100011A79	0x00000027	[ 17] _mp_emit_bc_raise_varargs
0x100011AA0	0x0000002C	[ 17] _mp_emit_bc_yield
0x100011ACC	0x00000025	[ 17] _mp_emit_bc_start_except_handler
0x100011AF1	0x00000025	[ 17] _mp_emit_bc_end_except_handler
0x100011B16	0x00000027	[ 17] _emit_get_cur_to_write_code_info
0x100011B3D	0x00000037	[ 17] _emit_get_cur_to_write_bytecode
0x100011B74	0x00000025	[ 18] _mp_asm_base_init
0x100011B99	0x00000031	[ 18] _mp_asm_base_deinit
0x100011BCA	0x0000004F	[ 18] _mp_asm_base_start_pass
0x100011C19	0x00000036	[ 18] _mp_asm_base_get_cur_to_write_bytes
0x100011C4F	0x0000001B	[ 18] _mp_asm_base_label_assign
0x100011C6A	0x00000047	[ 18] _mp_asm_base_data
0x100011CB1	0x0000000F	[ 19] _asm_x64_mov_r64_r64
0x100011CC0	0x00000054	[ 19] _asm_x64_generic_r64_r64
0x100011D14	0x0000007C	[ 19] _asm_x64_mov_r8_to_mem8
0x100011D90	0x000000D8	[ 19] _asm_x64_write_r64_disp
0x100011E68	0x00000087	[ 19] _asm_x64_mov_r16_to_mem16
0x100011EEF	0x0000007C	[ 19] _asm_x64_mov_r32_to_mem32
0x100011F6B	0x0000005B	[ 19] _asm_x64_mov_r64_to_mem64
0x100011FC6	0x00000087	[ 19] _asm_x64_mov_mem8_to_r64zx
0x10001204D	0x00000087	[ 19] _asm_x64_mov_mem16_to_r64zx
0x1000120D4	0x0000007C	[ 19] _asm_x64_mov_mem32_to_r64zx
0x100012150	0x0000005B	[ 19] _asm_x64_mov_mem64_to_r64
0x1000121AB	0x00000075	[ 19] _asm_x64_mov_i32_to_r64
0x100012220	0x0000005A	[ 19] _asm_x64_mov_i64_to_r64
0x10001227A	0x00000019	[ 19] _asm_x64_mov_i64_to_r64_optimised
0x100012293	0x0000000F	[ 19] _asm_x64_and_r64_r64
0x1000122A2	0x0000000F	[ 19] _asm_x64_or_r64_r64
0x1000122B1	0x0000000F	[ 19] _asm_x64_xor_r64_r64
0x1000122C0	0x00000038	[ 19] _asm_x64_shl_r64_cl
0x1000122F8	0x00000038	[ 19] _asm_x64_shr_r64_cl
0x100012330	0x00000035	[ 19] _asm_x64_sar_r64_cl
0x100012365	0x0000000F	[ 19] _asm_x64_add_r64_r64
0x100012374	0x0000000F	[ 19] _asm_x64_sub_r64_r64
0x100012383	0x0000006A	[ 19] _asm_x64_mul_r64_r64
0x1000123ED	0x00000015	[ 19] _asm_x64_cmp_r64_with_r64
0x100012402	0x00000030	[ 19] _asm_x64_test_r8_with_r8
0x100012432	0x00000015	[ 19] _asm_x64_test_r64_with_r64
0x100012447	0x00000034	[ 19] _asm_x64_setcc_r8
0x10001247B	0x0000002A	[ 19] _asm_x64_jmp_reg
0x1000124A5	0x0000008A	[ 19] _asm_x64_jmp_label
0x10001252F	0x00000098	[ 19] _asm_x64_jcc_label
0x1000125C7	0x0000007F	[ 19] _asm_x64_entry
0x100012646	0x00000076	[ 19] _asm_x64_sub_r64_i32
0x1000126BC	0x0000008A	[ 19] _asm_x64_exit
0x100012746	0x00000018	[ 19] _asm_x64_mov_local_to_r64
0x10001275E	0x00000016	[ 19] _asm_x64_mov_r64_to_local
0x100012774	0x00000094	[ 19] _asm_x64_mov_local_addr_to_r64
0x100012808	0x0000006C	[ 19] _asm_x64_mov_reg_pcrel
0x100012874	0x00000042	[ 19] _asm_x64_call_ind
0x1000128B8	0x0000008A	[ 20] _emit_native_x64_new
0x100012942	0x0000006E	[ 20] _emit_native_x64_free
0x1000129B0	0x000007C9	[ 20] _emit_native_start_pass
0x100013179	0x00000439	[ 20] _emit_native_end_pass
0x1000135B2	0x00000078	[ 20] _emit_native_adjust_stack_size
0x10001362A	0x00000006	[ 20] _emit_native_set_source_line
0x100013630	0x0000009A	[ 20] _emit_native_load_local
0x1000136CA	0x0000006D	[ 20] _emit_native_load_global
0x100013737	0x000000D2	[ 20] _emit_native_store_local
0x100013809	0x000000B0	[ 20] _emit_native_store_global
0x1000138B9	0x0000003C	[ 20] _emit_native_delete_local
0x1000138F5	0x00000018	[ 20] _emit_native_delete_global
0x10001390D	0x0000009B	[ 20] _emit_native_label_assign
0x1000139A8	0x000000C9	[ 20] _emit_native_import
0x100013A71	0x00000039	[ 20] _emit_native_load_const_tok
0x100013AAA	0x00000012	[ 20] _emit_native_load_const_small_int
0x100013ABC	0x0000003C	[ 20] _emit_native_load_const_str
0x100013AF8	0x0000008F	[ 20] _emit_native_load_const_obj
0x100013B87	0x0000000E	[ 20] _emit_native_load_null
0x100013B95	0x0000008B	[ 20] _emit_native_load_method
0x100013C20	0x00000033	[ 20] _emit_native_load_build_class
0x100013C53	0x000009BD	[ 20] _emit_native_subscr
0x100014610	0x00000154	[ 20] _emit_native_attr
0x100014764	0x00000063	[ 20] _emit_native_dup_top
0x1000147C7	0x00000079	[ 20] _emit_native_dup_top_two
0x100014840	0x00000029	[ 20] _emit_native_pop_top
0x100014869	0x00000059	[ 20] _emit_native_rot_two
0x1000148C2	0x00000088	[ 20] _emit_native_rot_three
0x10001494A	0x00000031	[ 20] _emit_native_jump
0x10001497B	0x0000000F	[ 20] _emit_native_pop_jump_if
0x10001498A	0x0000000C	[ 20] _emit_native_jump_if_or_pop
0x100014996	0x00000146	[ 20] _emit_native_unwind_jump
0x100014ADC	0x00000159	[ 20] _emit_native_setup_block
0x100014C35	0x0000023C	[ 20] _emit_native_with_cleanup
0x100014E71	0x00000101	[ 20] _emit_native_end_finally
0x100014F72	0x0000009B	[ 20] _emit_native_get_iter
0x10001500D	0x0000008F	[ 20] _emit_native_for_iter
0x10001509C	0x0000002A	[ 20] _emit_native_for_iter_end
0x1000150C6	0x00000067	[ 20] _emit_native_pop_except_jump
0x10001512D	0x000000AA	[ 20] _emit_native_unary_op
0x1000151D7	0x0000047D	[ 20] _emit_native_binary_op
0x100015654	0x000000F1	[ 20] _emit_native_build
0x100015745	0x00000069	[ 20] _emit_native_store_map
0x1000157AE	0x000000AB	[ 20] _emit_native_store_comp
0x100015859	0x0000004C	[ 20] _emit_native_unpack_sequence
0x1000158A5	0x0000005B	[ 20] _emit_native_unpack_ex
0x100015900	0x000000AF	[ 20] _emit_native_make_function
0x1000159AF	0x00000154	[ 20] _emit_native_make_closure
0x100015B03	0x0000017C	[ 20] _emit_native_call_function
0x100015C7F	0x00000081	[ 20] _emit_native_call_method
0x100015D00	0x000001BB	[ 20] _emit_native_return_value
0x100015EBB	0x00000070	[ 20] _emit_native_raise_varargs
0x100015F2B	0x00000276	[ 20] _emit_native_yield
0x1000161A1	0x00000038	[ 20] _emit_native_start_except_handler
0x1000161D9	0x00000029	[ 20] _emit_native_end_except_handler
0x100016202	0x00000047	[ 20] _emit_call_with_imm_arg
0x100016249	0x00000034	[ 20] _emit_native_mov_state_reg
0x10001627D	0x00000396	[ 20] _emit_native_global_exc_entry
0x100016613	0x0000005F	[ 20] _need_reg_all
0x100016672	0x00000032	[ 20] _emit_native_mov_reg_state
0x1000166A4	0x00000043	[ 20] _ensure_extra_stack
0x1000166E7	0x000000A4	[ 20] _emit_native_load_fast
0x10001678B	0x00000068	[ 20] _emit_post_push_reg
0x1000167F3	0x0000007C	[ 20] _need_reg_single
0x10001686F	0x0000008C	[ 20] _emit_pre_pop_reg_flexible
0x1000168FB	0x000000A6	[ 20] _emit_access_stack
0x1000169A1	0x000000BD	[ 20] _load_reg_stack_imm
0x100016A5E	0x00000068	[ 20] _emit_post_push_imm
0x100016AC6	0x00000047	[ 20] _emit_call_with_qstr_arg
0x100016B0D	0x000000DE	[ 20] _emit_native_store_fast
0x100016BEB	0x00000042	[ 20] _emit_pre_pop_reg
0x100016C2D	0x0000007D	[ 20] _need_stack_settled
0x100016CAA	0x0000007E	[ 20] _emit_native_leave_exc_stack
0x100016D28	0x00000157	[ 20] _emit_get_stack_pointer_to_reg_for_pop
0x100016E7F	0x00000096	[ 20] _emit_get_stack_pointer_to_reg_for_push
0x100016F15	0x00000055	[ 20] _emit_native_mov_reg_state_addr
0x100016F6A	0x000001AA	[ 20] _emit_native_jump_helper
0x100017114	0x0000009E	[ 20] _emit_native_push_exc_stack
0x1000171B2	0x0000005D	[ 20] _emit_call_with_2_imm_args
0x10001720F	0x00000073	[ 20] _emit_load_reg_with_child
0x100017282	0x00000082	[ 20] _emit_fold_stack_top
0x100017304	0x000005D5	[ 21] _mp_format_float
0x1000178D9	0x000000B7	[ 22] _mp_parse_num_base
0x100017990	0x000001CB	[ 23] _mp_parse_num_integer
0x100017B5B	0x00000028	[ 23] _mp_obj_new_exception_arg1
0x100017B83	0x00000034	[ 23] _raise_exc
0x100017BB7	0x000004B7	[ 23] _mp_parse_num_decimal
0x10001806E	0x0000001A	[ 24] _mp_emit_glue_new_raw_code
0x100018088	0x00000026	[ 24] _mp_emit_glue_assign_bytecode
0x1000180AE	0x00000040	[ 24] _mp_emit_glue_assign_native
0x1000180EE	0x00000058	[ 24] _mp_make_function_from_raw_code
0x100018146	0x00000039	[ 24] _mp_make_closure_from_raw_code
0x100018180	0x00000181	[ 25] _mp_native_relocate
0x100018301	0x000001F1	[ 25] _mp_raw_code_load
0x1000184F2	0x0000018A	[ 25] _load_obj
0x10001867C	0x00000442	[ 25] _load_raw_code
0x100018AC0	0x00000031	[ 25] _mp_raw_code_load_file
0x100018AF4	0x000000BF	[ 26] _mp_init
0x100018BB3	0x00000006	[ 26] _mp_deinit
0x100018BB9	0x0000004B	[ 26] _mp_load_name
0x100018C04	0x00000093	[ 26] _mp_load_global
0x100018C97	0x00000076	[ 26] _mp_raise_msg_varg
0x100018D0D	0x00000043	[ 26] _mp_load_build_class
0x100018D50	0x00000023	[ 26] _mp_store_name
0x100018D73	0x00000020	[ 26] _mp_delete_name
0x100018D93	0x00000023	[ 26] _mp_store_global
0x100018DB6	0x00000020	[ 26] _mp_delete_global
0x100018DD6	0x000001F2	[ 26] _mp_unary_op
0x100018FC8	0x000005C8	[ 26] _mp_binary_op
0x100019590	0x00000013	[ 26] _mp_raise_ValueError
0x1000195A3	0x000000F1	[ 26] _mp_getiter
0x100019694	0x00000137	[ 26] _mp_iternext
0x1000197CB	0x00000023	[ 26] _mp_raise_msg
0x1000197EE	0x00000010	[ 26] _mp_call_function_0
0x1000197FE	0x00000058	[ 26] _mp_call_function_n_kw
0x100019856	0x00000021	[ 26] _mp_call_function_1
0x100019877	0x00000032	[ 26] _mp_call_method_n_kw
0x1000198A9	0x00000546	[ 26] _mp_call_method_n_kw_var
0x100019DEF	0x000000F3	[ 26] _mp_unpack_sequence
0x100019EE2	0x000001C6	[ 26] _mp_unpack_ex
0x10001A0A8	0x00000053	[ 26] _mp_load_attr
0x10001A0FB	0x0000007B	[ 26] _mp_load_method
0x10001A176	0x000000AE	[ 26] _mp_convert_member_lookup
0x10001A224	0x000000B6	[ 26] _mp_load_method_maybe
0x10001A2DA	0x0000006B	[ 26] _mp_load_method_protected
0x10001A345	0x00000099	[ 26] _mp_store_attr
0x10001A3DE	0x000000D5	[ 26] _mp_iternext_allow_raise
0x10001A4B3	0x0000022B	[ 26] _mp_resume
0x10001A6DE	0x00000052	[ 26] _mp_make_raise_obj
0x10001A730	0x0000009E	[ 26] _mp_import_name
0x10001A7CE	0x0000013B	[ 26] _mp_import_from
0x10001A909	0x0000007E	[ 26] _mp_import_all
0x10001A987	0x000000CE	[ 26] _mp_parse_compile_execute
0x10001AA55	0x00000035	[ 26] _m_malloc_fail
0x10001AA8A	0x00000013	[ 26] _mp_raise_TypeError
0x10001AA9D	0x00000013	[ 26] _mp_raise_NotImplementedError
0x10001AAB0	0x00000011	[ 26] _mp_raise_type_arg
0x10001AAC1	0x00000021	[ 26] _mp_obj_new_exception_arg1
0x10001AAE2	0x00000026	[ 26] _mp_raise_StopIteration
0x10001AB08	0x0000001A	[ 26] _mp_raise_OSError
0x10001AB22	0x00000015	[ 26] _mp_raise_recursion_depth
0x10001AB37	0x00000066	[ 26] _checked_fun_call
0x10001AB9D	0x00000051	[ 27] _mp_call_function_1_protected
0x10001ABEE	0x00000032	[ 28] _mp_handle_pending
0x10001AC20	0x0000008C	[ 29] _mp_native_type_from_qstr
0x10001ACAC	0x0000006E	[ 29] _mp_native_from_obj
0x10001AD1A	0x00000052	[ 29] _mp_native_to_obj
0x10001AD6C	0x00000023	[ 29] _mp_native_swap_globals
0x10001AD8F	0x00000016	[ 29] _mp_native_call_function_n_kw
0x10001ADA5	0x00000033	[ 29] _mp_native_getiter
0x10001ADD8	0x00000014	[ 29] _mp_native_iternext
0x10001ADEC	0x0000001D	[ 29] _mp_native_raise
0x10001AE09	0x000000C4	[ 29] _mp_native_yield_from
0x10001AECD	0x0000000E	[ 29] _mp_obj_new_float_from_f
0x10001AEDB	0x0000000A	[ 29] _mp_obj_new_float_from_d
0x10001AEE5	0x0000000F	[ 29] _mp_obj_get_float_to_f
0x10001AEF4	0x0000000A	[ 29] _mp_obj_get_float_to_d
0x10001AEFE	0x00000014	[ 32] _mp_stack_ctrl_init
0x10001AF12	0x00000017	[ 32] _mp_stack_usage
0x10001AF29	0x00000011	[ 32] _mp_stack_set_limit
0x10001AF3A	0x0000002A	[ 32] _mp_stack_check
0x10001AF64	0x0000007D	[ 33] _mp_arg_check_num_sig
0x10001AFE1	0x00000132	[ 33] _mp_arg_parse_all
0x10001B113	0x00000054	[ 33] _mp_arg_parse_all_kw_array
0x10001B167	0x00000010	[ 33] _mp_arg_error_unimpl_kw
0x10001B177	0x000000EE	[ 34] _mp_warning
0x10001B265	0x0000003C	[ 35] _mp_map_init
0x10001B2A1	0x00000019	[ 35] _mp_map_init_fixed_table
0x10001B2BA	0x00000039	[ 35] _mp_map_deinit
0x10001B2F3	0x0000003C	[ 35] _mp_map_clear
0x10001B32F	0x00000399	[ 35] _mp_map_lookup
0x10001B6C8	0x000000D6	[ 35] _mp_map_rehash
0x10001B79E	0x0000002C	[ 35] _mp_set_init
0x10001B7CA	0x0000013C	[ 35] _mp_set_lookup
0x10001B906	0x000000A8	[ 35] _mp_set_rehash
0x10001B9AE	0x00000061	[ 35] _mp_set_remove_first
0x10001BA0F	0x0000002E	[ 35] _mp_set_clear
0x10001BA3D	0x00000018	[ 36] _mp_obj_malloc_helper
0x10001BA55	0x00000021	[ 36] _mp_obj_get_type
0x10001BA76	0x00000029	[ 36] _mp_obj_get_type_str
0x10001BA9F	0x0000006F	[ 36] _mp_obj_print_helper
0x10001BB0E	0x00000016	[ 36] _mp_obj_print
0x10001BB24	0x0000010B	[ 36] _mp_obj_print_exception
0x10001BC2F	0x0000007E	[ 36] _mp_obj_is_true
0x10001BCAD	0x0000006D	[ 36] _mp_obj_len_maybe
0x10001BD1A	0x0000003A	[ 36] _mp_obj_is_callable
0x10001BD54	0x00000205	[ 36] _mp_obj_equal_not_equal
0x10001BF59	0x0000001D	[ 36] _mp_obj_equal
0x10001BF76	0x0000004D	[ 36] _mp_obj_get_int
0x10001BFC3	0x00000027	[ 36] _mp_obj_get_int_truncated
0x10001BFEA	0x00000055	[ 36] _mp_obj_get_int_maybe
0x10001C03F	0x000000A0	[ 36] _mp_obj_get_float_maybe
0x10001C0DF	0x00000042	[ 36] _mp_obj_get_float
0x10001C121	0x00000082	[ 36] _mp_obj_get_complex_maybe
0x10001C1A3	0x00000039	[ 36] _mp_obj_get_complex
0x10001C1DC	0x00000048	[ 36] _mp_obj_get_array
0x10001C224	0x00000043	[ 36] _mp_obj_get_array_fixed_n
0x10001C267	0x000000B4	[ 36] _mp_get_index
0x10001C31B	0x00000024	[ 36] _mp_obj_id
0x10001C33F	0x0000003A	[ 36] _mp_obj_len
0x10001C379	0x00000097	[ 36] _mp_obj_subscr
0x10001C410	0x00000009	[ 36] _mp_identity
0x10001C419	0x00000009	[ 36] _mp_identity_getiter
0x10001C422	0x00000035	[ 36] _mp_get_buffer
0x10001C457	0x0000003C	[ 36] _mp_get_buffer_raise
0x10001C493	0x00000014	[ 36] _mp_generic_unary_op
0x10001C4A7	0x000000B7	[ 37] _array_append
0x10001C55E	0x000000BC	[ 37] _array_extend
0x10001C61A	0x000000DA	[ 37] _array_print
0x10001C6F4	0x0000004B	[ 37] _array_make_new
0x10001C73F	0x0000002E	[ 37] _array_unary_op
0x10001C76D	0x00000254	[ 37] _array_binary_op
0x10001C9C1	0x0000039D	[ 37] _array_subscr
0x10001CD5E	0x00000039	[ 37] _array_iterator_new
0x10001CD97	0x00000090	[ 37] _array_get_buffer
0x10001CE27	0x0000008A	[ 37] _bytearray_make_new
0x10001CEB1	0x000000E7	[ 37] _memoryview_make_new
0x10001CF98	0x0000003D	[ 37] _mp_obj_new_bytearray
0x10001CFD5	0x00000071	[ 37] _array_new
0x10001D046	0x00000033	[ 37] _mp_obj_new_bytearray_by_ref
0x10001D079	0x00000125	[ 37] _array_construct
0x10001D19E	0x00000034	[ 37] _array_it_iternext
0x10001D1D2	0x00000091	[ 38] _mp_obj_attrtuple_print_helper
0x10001D263	0x00000016	[ 38] _mp_obj_attrtuple_print
0x10001D279	0x00000036	[ 38] _mp_obj_attrtuple_attr
0x10001D2AF	0x00000039	[ 39] _bool_print
0x10001D2E8	0x00000041	[ 39] _bool_make_new
0x10001D329	0x00000023	[ 39] _bool_unary_op
0x10001D34C	0x0000001A	[ 39] _bool_binary_op
0x10001D366	0x000000E6	[ 40] _mp_call_method_self_n_kw
0x10001D44C	0x0000002B	[ 40] _mp_obj_new_bound_meth
0x10001D477	0x00000062	[ 40] _bound_meth_print
0x10001D4D9	0x0000001E	[ 40] _bound_meth_call
0x10001D4F7	0x00000016	[ 40] _bound_meth_attr
0x10001D50D	0x00000025	[ 41] _mp_obj_new_cell
0x10001D532	0x00000059	[ 41] _cell_print
0x10001D58B	0x000000B2	[ 42] _closure_print
0x10001D63D	0x00000131	[ 42] _closure_call
0x10001D76E	0x0000000E	[ 42] _mp_obj_closure_attr
0x10001D77C	0x0000005F	[ 42] _mp_obj_new_closure
0x10001D7DC	0x000000F5	[ 43] _complex_print
0x10001D8D1	0x000001A1	[ 43] _complex_make_new
0x10001DA72	0x000000E2	[ 43] _complex_unary_op
0x10001DB54	0x00000017	[ 43] _complex_binary_op
0x10001DB6B	0x00000041	[ 43] _complex_attr
0x10001DBAC	0x0000003D	[ 43] _mp_obj_new_complex
0x10001DBE9	0x00000018	[ 43] _mp_obj_complex_get
0x10001DC01	0x00000327	[ 43] _mp_obj_complex_binary_op
0x10001DF28	0x00000097	[ 44] _deque_make_new
0x10001DFBF	0x0000003F	[ 44] _deque_unary_op
0x10001DFFE	0x00000063	[ 44] _mp_obj_deque_append
0x10001E061	0x00000040	[ 44] _deque_popleft
0x10001E0A1	0x000000CC	[ 45] _mp_obj_dict_make_new
0x10001E16D	0x00000035	[ 45] _mp_obj_new_dict
0x10001E1A2	0x000001DF	[ 45] _dict_update
0x10001E381	0x00000033	[ 45] _mp_obj_dict_get
0x10001E3B4	0x00000096	[ 45] _mp_obj_dict_copy
0x10001E44A	0x000001C9	[ 45] _dict_print
0x10001E613	0x00000030	[ 45] _dict_unary_op
0x10001E643	0x000002B9	[ 45] _dict_binary_op
0x10001E8FC	0x00000092	[ 45] _dict_subscr
0x10001E98E	0x00000026	[ 45] _dict_getiter
0x10001E9B4	0x00000018	[ 45] _mp_obj_dict_init
0x10001E9CC	0x0000000E	[ 45] _mp_obj_dict_len
0x10001E9DA	0x00000034	[ 45] _mp_obj_dict_store
0x10001EA0E	0x00000056	[ 45] _mp_obj_dict_delete
0x10001EA64	0x0000008D	[ 45] _dict_get_helper
0x10001EAF1	0x00000045	[ 45] _dict_iter_next
0x10001EB36	0x00000055	[ 45] _dict_view_it_iternext
0x10001EB8B	0x00000021	[ 45] _dict_clear
0x10001EBAC	0x000000A6	[ 45] _dict_fromkeys
0x10001EC52	0x0000000C	[ 45] _dict_get
0x10001EC5E	0x0000002C	[ 45] _dict_items
0x10001EC8A	0x000000C4	[ 45] _dict_view_print
0x10001ED4E	0x00000038	[ 45] _dict_view_binary_op
0x10001ED86	0x00000029	[ 45] _dict_view_getiter
0x10001EDAF	0x0000002C	[ 45] _dict_keys
0x10001EDDB	0x0000000F	[ 45] _dict_pop
0x10001EDEA	0x000000D0	[ 45] _dict_popitem
0x10001EEBA	0x0000000F	[ 45] _dict_setdefault
0x10001EEC9	0x0000002C	[ 45] _dict_values
0x10001EEF5	0x00000064	[ 46] _enumerate_make_new
0x10001EF59	0x0000006F	[ 46] _enumerate_iternext
0x10001EFC8	0x00000006	[ 47] _mp_init_emergency_exception_buf
0x10001EFCE	0x00000134	[ 47] _mp_obj_exception_print
0x10001F102	0x000000D0	[ 47] _mp_obj_exception_make_new
0x10001F1D2	0x0000003C	[ 47] _mp_obj_exception_get_value
0x10001F20E	0x00000084	[ 47] _mp_obj_exception_attr
0x10001F292	0x00000050	[ 47] _mp_obj_new_exception
0x10001F2E2	0x000000C1	[ 47] _mp_obj_new_exception_msg
0x10001F3A3	0x0000009A	[ 47] _mp_obj_new_exception_msg_varg
0x10001F43D	0x00000172	[ 47] _mp_obj_new_exception_msg_vlist
0x10001F5AF	0x00000091	[ 47] _exc_add_strn
0x10001F640	0x00000034	[ 47] _mp_obj_is_exception_type
0x10001F674	0x00000012	[ 47] _mp_obj_is_exception_instance
0x10001F686	0x00000038	[ 47] _mp_obj_exception_match
0x10001F6BE	0x0000002E	[ 47] _mp_obj_exception_clear_traceback
0x10001F6EC	0x00000134	[ 47] _mp_obj_exception_add_traceback
0x10001F820	0x0000004A	[ 47] _mp_obj_exception_get_traceback
0x10001F86A	0x00000054	[ 48] _filter_make_new
0x10001F8BE	0x0000005D	[ 48] _filter_iternext
0x10001F91C	0x000000AF	[ 49] _float_print
0x10001F9CB	0x000000B6	[ 49] _float_make_new
0x10001FA81	0x000000AF	[ 49] _float_unary_op
0x10001FB30	0x0000002F	[ 49] _float_binary_op
0x10001FB5F	0x00000031	[ 49] _mp_obj_new_float
0x10001FB90	0x0000000B	[ 49] _mp_obj_float_get
0x10001FB9B	0x0000039D	[ 49] _mp_obj_float_binary_op
0x10001FF38	0x000000C0	[ 49] _mp_obj_float_divmod
0x10001FFF8	0x00000022	[ 50] _fun_builtin_0_call
0x10002001A	0x0000002A	[ 50] _fun_builtin_1_call
0x100020044	0x0000002E	[ 50] _fun_builtin_2_call
0x100020072	0x00000032	[ 50] _fun_builtin_3_call
0x1000200A4	0x00000079	[ 50] _fun_builtin_var_call
0x10002011D	0x00000054	[ 50] _mp_obj_fun_get_name
0x100020171	0x0000003F	[ 50] _mp_obj_fun_bc_attr
0x1000201B0	0x00000030	[ 50] _fun_bc_print
0x1000201E0	0x00000176	[ 50] _fun_bc_call
0x100020356	0x000000BB	[ 50] _mp_obj_new_fun_bc
0x100020411	0x00000015	[ 50] _mp_obj_new_fun_native
0x100020426	0x00000036	[ 50] _fun_native_call
0x10002045C	0x000000CC	[ 51] _gen_wrap_call
0x100020528	0x000000DE	[ 51] _native_gen_wrap_call
0x100020606	0x0000016A	[ 51] _mp_obj_gen_resume
0x100020770	0x00000031	[ 51] _gen_instance_print
0x1000207A1	0x00000013	[ 51] _gen_instance_iternext
0x1000207B4	0x00000055	[ 51] _gen_resume_and_raise
0x100020809	0x0000006B	[ 51] _gen_instance_close
0x100020874	0x00000011	[ 51] _gen_instance_send
0x100020885	0x0000002D	[ 51] _gen_instance_throw
0x1000208B2	0x0000001F	[ 51] _gen_instance_pend_throw
0x1000208D1	0x0000002A	[ 52] _mp_obj_new_getitem_iter
0x1000208FB	0x00000070	[ 52] _it_iternext
0x10002096B	0x000000AD	[ 53] _mp_obj_new_int_from_float
0x100020A18	0x00000090	[ 53] _mp_obj_int_print
0x100020AA8	0x000001BA	[ 53] _mp_obj_int_formatted
0x100020C62	0x00000065	[ 53] _mp_int_format_size
0x100020CC7	0x0000006F	[ 53] _mp_obj_int_binary_op_extra_cases
0x100020D36	0x000000FD	[ 53] _mp_obj_int_make_new
0x100020E33	0x000000A4	[ 53] _int_from_bytes
0x100020ED7	0x000000BC	[ 53] _int_to_bytes
0x100020F94	0x0000002D	[ 54] _mp_obj_int_new_mpz
0x100020FC1	0x00000098	[ 54] _mp_obj_int_formatted_impl
0x100021059	0x0000005A	[ 54] _mp_obj_int_from_bytes_impl
0x1000210B3	0x0000000E	[ 54] _mp_obj_int_to_bytes_impl
0x1000210C1	0x00000039	[ 54] _mp_obj_int_sign
0x1000210FA	0x00000122	[ 54] _mp_obj_int_unary_op
0x10002121C	0x0000041C	[ 54] _mp_obj_int_binary_op
0x100021638	0x00000044	[ 54] _mp_obj_int_get_checked
0x10002167C	0x00000150	[ 54] _mp_obj_int_pow3
0x1000217CC	0x00000048	[ 54] _mp_obj_new_int_from_ull
0x100021814	0x0000001C	[ 54] _mp_obj_new_int
0x100021830	0x0000004B	[ 54] _mp_obj_new_int_from_ll
0x10002187B	0x0000001C	[ 54] _mp_obj_new_int_from_uint
0x100021897	0x00000066	[ 54] _mp_obj_new_int_from_str_len
0x1000218FD	0x0000001C	[ 54] _mp_obj_int_get_truncated
0x10002191A	0x0000000E	[ 54] _mp_obj_int_as_float_impl
0x100021928	0x00000077	[ 55] _mp_obj_list_append
0x10002199F	0x0000006E	[ 55] _mp_obj_list_sort
0x100021A0D	0x0000016D	[ 55] _mp_quicksort
0x100021B7A	0x00000069	[ 55] _mp_obj_list_remove
0x100021BE3	0x0000001B	[ 55] _list_index
0x100021BFE	0x000000C0	[ 55] _list_pop
0x100021CBE	0x00000093	[ 55] _list_print
0x100021D51	0x00000055	[ 55] _list_make_new
0x100021DA6	0x0000002E	[ 55] _list_unary_op
0x100021DD4	0x00000180	[ 55] _list_binary_op
0x100021F54	0x000002CA	[ 55] _list_subscr
0x10002221E	0x0000002A	[ 55] _list_getiter
0x100022248	0x00000052	[ 55] _mp_obj_list_init
0x10002229A	0x00000056	[ 55] _mp_obj_new_list
0x1000222F0	0x00000014	[ 55] _mp_obj_list_get
0x100022304	0x0000000A	[ 55] _mp_obj_list_set_len
0x10002230E	0x0000003C	[ 55] _list_extend_from_iter
0x10002234A	0x000000A9	[ 55] _list_extend
0x1000223F3	0x00000027	[ 55] _list_it_iternext
0x10002241A	0x00000049	[ 55] _list_clear
0x100022463	0x00000015	[ 55] _list_copy
0x100022478	0x00000015	[ 55] _list_count
0x10002248D	0x0000006E	[ 55] _list_insert
0x1000224FB	0x0000004A	[ 55] _list_reverse
0x100022545	0x0000007F	[ 56] _map_make_new
0x1000225C4	0x0000007E	[ 56] _map_iternext
0x100022642	0x0000009F	[ 57] _module_print
0x1000226E1	0x000000CF	[ 57] _module_attr
0x1000227B0	0x0000007E	[ 57] _mp_obj_new_module
0x10002282E	0x0000004E	[ 57] _mp_module_get_loaded_or_builtin
0x10002287C	0x00000031	[ 57] _mp_module_get_builtin
0x1000228AD	0x00000029	[ 58] _object_make_new
0x1000228D6	0x0000000B	[ 58] _object___init__
0x1000228E1	0x00000042	[ 58] _object___new__
0x100022923	0x0000007D	[ 58] _object___setattr__
0x1000229A0	0x00000085	[ 58] _object___delattr__
0x100022A25	0x00000008	[ 59] _polymorph_it_iternext
0x100022A2D	0x00000082	[ 60] _property_make_new
0x100022AAF	0x0000000A	[ 60] _mp_obj_property_get
0x100022AB9	0x0000002E	[ 60] _property_getter
0x100022AE7	0x0000002E	[ 60] _property_setter
0x100022B15	0x0000002E	[ 60] _property_deleter
0x100022B43	0x0000001F	[ 61] _none_print
0x100022B62	0x00000077	[ 62] _mp_obj_new_namedtuple_base
0x100022BD9	0x000000EE	[ 62] _new_namedtuple_type
0x100022CC7	0x00000038	[ 62] _namedtuple_print
0x100022CFF	0x00000123	[ 62] _namedtuple_make_new
0x100022E22	0x0000004F	[ 62] _namedtuple_attr
0x100022E71	0x00000055	[ 63] _range_print
0x100022EC6	0x0000009A	[ 63] _range_make_new
0x100022F60	0x00000059	[ 63] _range_unary_op
0x100022FB9	0x00000050	[ 63] _range_attr
0x100023009	0x000000DE	[ 63] _range_subscr
0x1000230E7	0x00000023	[ 63] _range_getiter
0x10002310A	0x0000003C	[ 63] _range_it_iternext
0x100023146	0x000000AB	[ 64] _reversed_make_new
0x1000231F1	0x0000002F	[ 64] _reversed_iternext
0x100023220	0x00000134	[ 65] _set_print
0x100023354	0x00000093	[ 65] _set_make_new
0x1000233E7	0x000000A3	[ 65] _set_unary_op
0x10002348A	0x000002AE	[ 65] _set_binary_op
0x100023738	0x0000002A	[ 65] _set_getiter
0x100023762	0x0000006C	[ 65] _mp_obj_new_set
0x1000237CE	0x00000013	[ 65] _mp_obj_set_store
0x1000237E1	0x00000025	[ 65] _set_union
0x100023806	0x00000025	[ 65] _set_symmetric_difference
0x10002382B	0x0000000C	[ 65] _set_intersect
0x100023837	0x0000000C	[ 65] _set_diff
0x100023843	0x0000003F	[ 65] _set_update
0x100023882	0x0000004F	[ 65] _set_symmetric_difference_update
0x1000238D1	0x00000103	[ 65] _set_intersect_int
0x1000239D4	0x00000093	[ 65] _set_diff_int
0x100023A67	0x0000000C	[ 65] _set_issubset
0x100023A73	0x00000015	[ 65] _set_issuperset
0x100023A88	0x0000004C	[ 65] _set_copy
0x100023AD4	0x0000004A	[ 65] _set_update_int
0x100023B1E	0x00000019	[ 65] _set_add
0x100023B37	0x00000014	[ 65] _set_clear
0x100023B4B	0x0000014F	[ 65] _set_issubset_internal
0x100023C9A	0x00000046	[ 65] _set_it_iternext
0x100023CE0	0x00000019	[ 65] _set_discard
0x100023CF9	0x00000015	[ 65] _set_diff_update
0x100023D0E	0x0000000F	[ 65] _set_intersect_update
0x100023D1D	0x00000058	[ 65] _set_isdisjoint
0x100023D75	0x00000027	[ 65] _set_pop
0x100023D9C	0x00000037	[ 65] _set_remove
0x100023DD3	0x00000017	[ 66] _singleton_print
0x100023DEA	0x00000085	[ 67] _slice_print
0x100023E6F	0x0000005C	[ 67] _slice_attr
0x100023ECB	0x0000003B	[ 67] _mp_obj_new_slice
0x100023F06	0x00000133	[ 67] _mp_obj_slice_indices
0x100024039	0x00000085	[ 67] _slice_indices
0x1000240C0	0x00000147	[ 68] _mp_str_print_quoted
0x100024207	0x000000BF	[ 68] _mp_str_print_json
0x1000242C6	0x00000174	[ 68] _mp_obj_str_make_new
0x10002443A	0x000000CD	[ 68] _mp_obj_new_str_type_from_vstr
0x100024507	0x0000006A	[ 68] _mp_obj_new_str_copy
0x100024571	0x00000057	[ 68] _mp_obj_new_str
0x1000245C8	0x00000086	[ 68] _find_subbytes
0x10002464E	0x00000A1A	[ 68] _mp_obj_str_binary_op
0x100025068	0x00000036	[ 68] _bad_implicit_conversion
0x10002509E	0x000001D1	[ 68] _str_join
0x10002526F	0x00000254	[ 68] _mp_obj_str_split
0x1000254C3	0x00000038	[ 68] _mp_obj_new_str_of_type
0x1000254FB	0x00000043	[ 68] _str_check_arg_type
0x10002553E	0x0000005F	[ 68] _mp_obj_str_get_data
0x10002559D	0x0000011E	[ 68] _str_splitlines
0x1000256BB	0x000001E9	[ 68] _str_rsplit
0x1000258A4	0x00000011	[ 68] _str_find
0x1000258B5	0x00000011	[ 68] _str_rfind
0x1000258C6	0x00000014	[ 68] _str_index
0x1000258DA	0x00000014	[ 68] _str_rindex
0x1000258EE	0x000000C3	[ 68] _str_startswith
0x1000259B1	0x0000009A	[ 68] _str_endswith
0x100025A4B	0x00000015	[ 68] _str_strip
0x100025A60	0x00000012	[ 68] _str_lstrip
0x100025A72	0x00000015	[ 68] _str_rstrip
0x100025A87	0x000000B3	[ 68] _str_center
0x100025B3A	0x0000008D	[ 68] _mp_obj_str_format
0x100025BC7	0x00000AD5	[ 68] _mp_obj_str_format_helper
0x10002669C	0x00000347	[ 68] _str_replace
0x1000269E3	0x0000015B	[ 68] _str_count
0x100026B3E	0x0000000F	[ 68] _str_partition
0x100026B4D	0x0000000F	[ 68] _str_rpartition
0x100026B5C	0x00000014	[ 68] _str_lower
0x100026B70	0x00000014	[ 68] _str_upper
0x100026B84	0x00000070	[ 68] _str_isspace
0x100026BF4	0x00000070	[ 68] _str_isalpha
0x100026C64	0x00000070	[ 68] _str_isdigit
0x100026CD4	0x00000095	[ 68] _str_isupper
0x100026D69	0x00000095	[ 68] _str_islower
0x100026DFE	0x00000064	[ 68] _bytes_decode
0x100026E62	0x0000005F	[ 68] _str_encode
0x100026EC1	0x000000FA	[ 68] _mp_obj_bytes_hex
0x100026FBB	0x00000046	[ 68] _mp_obj_str_get_str
0x100027001	0x000000CF	[ 68] _mp_obj_bytes_fromhex
0x1000270D0	0x0000005C	[ 68] _mp_obj_str_get_buffer
0x10002712C	0x0000009A	[ 68] _str_print
0x1000271C6	0x00000241	[ 68] _bytes_make_new
0x100027407	0x000000D0	[ 68] _bytes_subscr
0x1000274D7	0x0000002A	[ 68] _mp_obj_new_bytes_iterator
0x100027501	0x00000017	[ 68] _mp_obj_new_bytes
0x100027518	0x00000013	[ 68] _mp_obj_new_str_via_qstr
0x10002752B	0x0000003D	[ 68] _mp_obj_new_str_from_vstr
0x100027568	0x00000014	[ 68] _mp_obj_new_str_from_utf8_vstr
0x10002757C	0x00000014	[ 68] _mp_obj_new_bytes_from_vstr
0x100027590	0x0000002C	[ 68] _mp_obj_str_intern_checked
0x1000275BC	0x000000F7	[ 68] _mp_obj_str_equal
0x1000276B3	0x0000003C	[ 68] _mp_obj_str_get_qstr
0x1000276EF	0x00000164	[ 68] _str_finder
0x100027853	0x000001B6	[ 68] _str_uni_strip
0x100027A09	0x0000018D	[ 68] _str_partitioner
0x100027B96	0x00000099	[ 68] _str_caseconv
0x100027C2F	0x00000011	[ 68] _bytes_hex_as_str
0x100027C40	0x00000064	[ 68] _bytes_it_iternext
0x100027CA4	0x0000010A	[ 69] _str_index_to_ptr
0x100027DAE	0x000001C8	[ 69] _uni_print
0x100027F76	0x0000006A	[ 69] _uni_unary_op
0x100027FE0	0x0000013F	[ 69] _str_subscr
0x10002811F	0x0000002A	[ 69] _mp_obj_new_str_iterator
0x100028149	0x0000007E	[ 69] _str_it_iternext
0x1000281C7	0x0000002B	[ 70] _stringio_print
0x1000281F2	0x000000FB	[ 70] _stringio_make_new
0x1000282ED	0x00000101	[ 70] _stringio_write
0x1000283EE	0x00000058	[ 70] _stringio_read
0x100028446	0x00000090	[ 70] _stringio_ioctl
0x1000284D6	0x00000043	[ 70] _stringio_getvalue
0x100028519	0x0000000D	[ 70] _stringio___exit__
0x100028526	0x000000E5	[ 71] _mp_obj_tuple_print
0x10002860B	0x00000089	[ 71] _mp_obj_tuple_unary_op
0x100028694	0x000001BF	[ 71] _mp_obj_tuple_binary_op
0x100028853	0x00000050	[ 71] _mp_obj_new_tuple
0x1000288A3	0x000000CB	[ 71] _mp_obj_tuple_subscr
0x10002896E	0x000000FB	[ 71] _mp_obj_tuple_make_new
0x100028A69	0x0000002A	[ 71] _mp_obj_tuple_getiter
0x100028A93	0x00000014	[ 71] _mp_obj_tuple_get
0x100028AA7	0x00000016	[ 71] _mp_obj_tuple_del
0x100028ABD	0x00000024	[ 71] _tuple_it_iternext
0x100028AE1	0x00000015	[ 71] _tuple_count
0x100028AF6	0x0000001B	[ 71] _tuple_index
0x100028B11	0x00000048	[ 72] _mp_obj_new_instance
0x100028B59	0x00000090	[ 72] _instance_count_native_bases
0x100028BE9	0x0000024B	[ 72] _mp_obj_instance_make_new
0x100028E34	0x0000016C	[ 72] _mp_obj_class_lookup
0x100028FA0	0x00000069	[ 72] _mp_obj_instance_is_callable
0x100029009	0x000000D2	[ 72] _mp_obj_instance_call
0x1000290DB	0x000000BE	[ 72] _mp_obj_instance_getiter
0x100029199	0x00000017	[ 72] _type_print
0x1000291B0	0x0000005D	[ 72] _type_make_new
0x10002920D	0x00000029	[ 72] _type_call
0x100029236	0x000001A0	[ 72] _type_attr
0x1000293D6	0x00000281	[ 72] _mp_obj_new_type
0x100029657	0x0000013A	[ 72] _instance_print
0x100029791	0x00000102	[ 72] _instance_unary_op
0x100029893	0x00000106	[ 72] _instance_binary_op
0x100029999	0x0000038F	[ 72] _mp_obj_instance_attr
0x100029D28	0x000000F3	[ 72] _instance_subscr
0x100029E1B	0x00000098	[ 72] _instance_get_buffer
0x100029EB3	0x000000CB	[ 72] _check_for_special_accessors
0x100029F7E	0x00000036	[ 72] _static_class_method_make_new
0x100029FB4	0x00000057	[ 72] _super_print
0x10002A00B	0x00000050	[ 72] _super_make_new
0x10002A05B	0x00000113	[ 72] _super_attr
0x10002A16E	0x0000002F	[ 72] _mp_load_super_method
0x10002A19D	0x00000089	[ 72] _mp_obj_is_subclass_fast
0x10002A226	0x00000028	[ 72] _mp_builtin_issubclass
0x10002A24E	0x0000001F	[ 72] _mp_builtin_isinstance
0x10002A26D	0x00000036	[ 72] _mp_obj_cast_to_native_base
0x10002A2A3	0x0000005B	[ 72] _native_base_init_wrapper
0x10002A2FE	0x000000BE	[ 72] _mp_obj_is_subclass
0x10002A3BC	0x00000066	[ 73] _zip_make_new
0x10002A422	0x00000061	[ 73] _zip_iternext
0x10002A483	0x00000027	[ 74] _op_getitem
0x10002A4AA	0x00000031	[ 74] _op_setitem
0x10002A4DB	0x00000024	[ 74] _op_delitem
0x10002A4FF	0x00000027	[ 74] _op_contains
0x10002A526	0x0000003F	[ 75] _mp_seq_multiply
0x10002A565	0x00000056	[ 75] _mp_seq_get_fast_slice_indexes
0x10002A5BB	0x00000069	[ 75] _mp_seq_extract_slice
0x10002A624	0x0000008E	[ 75] _mp_seq_cmp_bytes
0x10002A6B2	0x000000D8	[ 75] _mp_seq_cmp_objs
0x10002A78A	0x000000B3	[ 75] _mp_seq_index_obj
0x10002A83D	0x0000005B	[ 75] _mp_seq_count_obj
0x10002A898	0x000000A5	[ 76] _mp_stream_rw
0x10002A93D	0x00000053	[ 76] _mp_get_stream_raise
0x10002A990	0x0000000C	[ 76] _stream_read
0x10002A99C	0x00000037	[ 76] _mp_stream_write
0x10002A9D3	0x0000000F	[ 76] _mp_stream_write_adaptor
0x10002A9E2	0x00000094	[ 76] _stream_write_method
0x10002AA76	0x00000080	[ 76] _stream_readinto
0x10002AAF6	0x000000F4	[ 76] _stream_unbuffered_readline
0x10002ABEA	0x00000072	[ 76] _stream_unbuffered_readlines
0x10002AC5C	0x00000034	[ 76] _mp_stream_unbuffered_iter
0x10002AC90	0x00000036	[ 76] _mp_stream_close
0x10002ACC6	0x00000092	[ 76] _stream_seek
0x10002AD58	0x00000052	[ 76] _stream_tell
0x10002ADAA	0x00000036	[ 76] _stream_flush
0x10002ADE0	0x0000008F	[ 76] _stream_ioctl
0x10002AE6F	0x0000003D	[ 76] _mp_stream_posix_write
0x10002AEAC	0x0000003C	[ 76] _mp_stream_posix_read
0x10002AEE8	0x00000051	[ 76] _mp_stream_posix_lseek
0x10002AF39	0x00000030	[ 76] _mp_stream_posix_fsync
0x10002AF69	0x0000026E	[ 76] _stream_read_generic
0x10002B1D8	0x0000020C	[ 77] _mp_binary_get_size
0x10002B3E4	0x00000128	[ 77] _mp_binary_get_val_array
0x10002B50C	0x00000056	[ 77] _mp_binary_get_int
0x10002B562	0x00000133	[ 77] _mp_binary_get_val
0x10002B695	0x0000003D	[ 77] _mp_binary_set_int
0x10002B6D2	0x00000107	[ 77] _mp_binary_set_val
0x10002B7D9	0x000000B8	[ 77] _mp_binary_set_val_array
0x10002B891	0x000000DB	[ 77] _mp_binary_set_val_array_from_int
0x10002B96C	0x0000004B	[ 78] _mp_obj_is_package
0x10002B9B7	0x000004D5	[ 78] _mp_builtin___import___default
0x10002BE8C	0x0000017B	[ 78] _evaluate_relative_import
0x10002C007	0x00000044	[ 78] _stat_dir_or_file
0x10002C04B	0x0000005A	[ 78] _stat_file_py_or_mpy
0x10002C0A5	0x000000C8	[ 78] _do_load
0x10002C16D	0x00000042	[ 78] _stat_path_or_frozen
0x10002C1AF	0x0000003A	[ 78] _do_load_from_lexer
0x10002C1E9	0x000000AE	[ 78] _do_execute_raw_code
0x10002C297	0x000000B1	[ 79] _mp_builtin_compile
0x10002C348	0x0000000F	[ 79] _mp_builtin_eval
0x10002C357	0x0000000F	[ 79] _mp_builtin_exec
0x10002C366	0x00000157	[ 79] _eval_exec_helper
0x10002C4BD	0x000002CA	[ 80] _mp_builtin_help
0x10002C787	0x000000D3	[ 82] _mp_builtin___build_class__
0x10002C85A	0x00000012	[ 82] _mp_builtin_abs
0x10002C86C	0x00000041	[ 82] _mp_builtin_all
0x10002C8AD	0x00000041	[ 82] _mp_builtin_any
0x10002C8EE	0x0000004C	[ 82] _mp_builtin_bin
0x10002C93A	0x00000016	[ 82] _mp_builtin_callable
0x10002C950	0x000000D2	[ 82] _mp_builtin_chr
0x10002CA22	0x00000110	[ 82] _mp_builtin_dir
0x10002CB32	0x00000015	[ 82] _mp_builtin_divmod
0x10002CB47	0x00000012	[ 82] _mp_builtin_hash
0x10002CB59	0x00000017	[ 82] _mp_builtin_hex
0x10002CB70	0x0000007D	[ 82] _mp_builtin_input
0x10002CBED	0x0000000C	[ 82] _mp_builtin_iter
0x10002CBF9	0x0000000F	[ 82] _mp_builtin_max
0x10002CC08	0x0000000C	[ 82] _mp_builtin_min
0x10002CC14	0x00000020	[ 82] _mp_builtin_next
0x10002CC34	0x00000017	[ 82] _mp_builtin_oct
0x10002CC4B	0x00000090	[ 82] _mp_builtin_ord
0x10002CCDB	0x00000032	[ 82] _mp_builtin_pow
0x10002CD0D	0x000000DE	[ 82] _mp_builtin_print
0x10002CDEB	0x00000090	[ 82] _mp_builtin___repl_print__
0x10002CE7B	0x0000004B	[ 82] _mp_builtin_repr
0x10002CEC6	0x000001B0	[ 82] _mp_builtin_round
0x10002D076	0x0000005A	[ 82] _mp_builtin_sum
0x10002D0D0	0x00000057	[ 82] _mp_builtin_sorted
0x10002D127	0x00000091	[ 82] _mp_builtin_getattr
0x10002D1B8	0x0000002D	[ 82] _mp_builtin_setattr
0x10002D1E5	0x0000002A	[ 82] _mp_builtin_delattr
0x10002D20F	0x00000069	[ 82] _mp_builtin_hasattr
0x10002D278	0x00000011	[ 82] _mp_builtin_globals
0x10002D289	0x00000011	[ 82] _mp_builtin_locals
0x10002D29A	0x0000014F	[ 82] _mp_builtin_min_max
0x10002D3E9	0x0000001F	[ 84] _py_gc_collect
0x10002D408	0x0000001B	[ 84] _gc_disable
0x10002D423	0x0000001B	[ 84] _gc_enable
0x10002D43E	0x00000022	[ 84] _gc_isenabled
0x10002D460	0x00000026	[ 84] _gc_mem_free
0x10002D486	0x00000026	[ 84] _gc_mem_alloc
0x10002D4AC	0x00000062	[ 84] _gc_threshold
0x10002D50E	0x0000000D	[ 85] _iobase_make_new
0x10002D51B	0x00000010	[ 85] _iobase_read
0x10002D52B	0x00000010	[ 85] _iobase_write
0x10002D53B	0x0000009B	[ 85] _iobase_ioctl
0x10002D5D6	0x000000AF	[ 85] _iobase_read_write
0x10002D685	0x00000114	[ 86] _mp_math_isclose
0x10002D799	0x00000010	[ 86] _math_error
0x10002D7A9	0x00000011	[ 86] _mp_math_sqrt
0x10002D7BA	0x00000061	[ 86] _math_generic_1
0x10002D81B	0x00000011	[ 86] _mp_math_pow
0x10002D82C	0x0000008D	[ 86] _math_generic_2
0x10002D8B9	0x00000053	[ 86] _mp_math_exp
0x10002D90C	0x0000005F	[ 86] _mp_math_expm1
0x10002D96B	0x00000089	[ 86] _mp_math_log
0x10002D9F4	0x0000005F	[ 86] _mp_math_log2
0x10002DA53	0x0000005F	[ 86] _mp_math_log10
0x10002DAB2	0x0000005F	[ 86] _mp_math_cosh
0x10002DB11	0x0000005F	[ 86] _mp_math_sinh
0x10002DB70	0x0000005F	[ 86] _mp_math_tanh
0x10002DBCF	0x0000005F	[ 86] _mp_math_acosh
0x10002DC2E	0x0000005F	[ 86] _mp_math_asinh
0x10002DC8D	0x0000005F	[ 86] _mp_math_atanh
0x10002DCEC	0x00000011	[ 86] _mp_math_cos
0x10002DCFD	0x00000011	[ 86] _mp_math_sin
0x10002DD0E	0x0000005F	[ 86] _mp_math_tan
0x10002DD6D	0x0000005F	[ 86] _mp_math_acos
0x10002DDCC	0x0000005F	[ 86] _mp_math_asin
0x10002DE2B	0x0000005F	[ 86] _mp_math_atan
0x10002DE8A	0x00000088	[ 86] _mp_math_atan2
0x10002DF12	0x00000015	[ 86] _mp_math_ceil
0x10002DF27	0x00000011	[ 86] _mp_math_copysign
0x10002DF38	0x00000017	[ 86] _copysign_func
0x10002DF4F	0x00000016	[ 86] _mp_math_fabs
0x10002DF65	0x00000015	[ 86] _mp_math_floor
0x10002DF7A	0x00000088	[ 86] _mp_math_fmod
0x10002E002	0x00000074	[ 86] _mp_math_frexp
0x10002E076	0x00000032	[ 86] _mp_math_ldexp
0x10002E0A8	0x00000076	[ 86] _mp_math_modf
0x10002E11E	0x00000032	[ 86] _mp_math_isfinite
0x10002E150	0x00000028	[ 86] _mp_math_isinf
0x10002E178	0x0000001C	[ 86] _mp_math_isnan
0x10002E194	0x00000015	[ 86] _mp_math_trunc
0x10002E1A9	0x00000017	[ 86] _mp_math_radians
0x10002E1C0	0x00000017	[ 86] _mp_math_degrees
0x10002E1D7	0x0000005F	[ 86] _mp_math_erf
0x10002E236	0x0000005F	[ 86] _mp_math_erfc
0x10002E295	0x0000005F	[ 86] _mp_math_gamma
0x10002E2F4	0x0000005F	[ 86] _mp_math_lgamma
0x10002E353	0x0000003A	[ 87] _mp_cmath_phase
0x10002E38D	0x00000099	[ 87] _mp_cmath_polar
0x10002E426	0x00000040	[ 87] _mp_cmath_rect
0x10002E466	0x00000059	[ 87] _mp_cmath_exp
0x10002E4BF	0x00000074	[ 87] _mp_cmath_log
0x10002E533	0x0000007D	[ 87] _mp_cmath_log10
0x10002E5B0	0x0000008E	[ 87] _mp_cmath_sqrt
0x10002E63E	0x0000007E	[ 87] _mp_cmath_cos
0x10002E6BC	0x00000070	[ 87] _mp_cmath_sin
0x10002E72C	0x00000086	[ 88] _mp_micropython_mem_info
0x10002E7B2	0x0000003C	[ 88] _mp_micropython_opt_level
0x10002E7EE	0x00000011	[ 88] _mp_micropython_mem_total
0x10002E7FF	0x00000011	[ 88] _mp_micropython_mem_current
0x10002E810	0x00000011	[ 88] _mp_micropython_mem_peak
0x10002E821	0x00000077	[ 88] _mp_micropython_qstr_info
0x10002E898	0x00000011	[ 88] _mp_micropython_stack_use
0x10002E8A9	0x00000010	[ 88] _mp_micropython_heap_lock
0x10002E8B9	0x0000001C	[ 88] _mp_micropython_heap_unlock
0x10002E8D5	0x00000018	[ 88] _mp_micropython_kbd_intr
0x10002E8ED	0x0000002A	[ 89] _struct_calcsize
0x10002E917	0x000001DD	[ 89] _struct_unpack_from
0x10002EAF4	0x00000085	[ 89] _struct_pack
0x10002EB79	0x000000B3	[ 89] _struct_pack_into
0x10002EC2C	0x000000F0	[ 89] _calc_size_items
0x10002ED1C	0x00000049	[ 89] _get_fmt_num
0x10002ED65	0x0000016D	[ 89] _struct_pack_into_internal
0x10002EED2	0x00000026	[ 90] _mp_sys_exit
0x10002EEF8	0x00000053	[ 90] _mp_sys_print_exception
0x10002EF4B	0x00000059	[ 90] _mp_sys_exc_info
0x10002EFA4	0x0000001B	[ 90] _mp_sys_atexit
0x10002EFBF	0x00000030	[ 91] _mp_errno_to_str
0x10002EFF0	0x000022AF	[ 92] _mp_execute_bytecode
0x10003129F	0x0000008E	[ 93] _mp_encode_uint
0x10003132D	0x00000028	[ 93] _mp_decode_uint
0x100031355	0x00000022	[ 93] _mp_decode_uint_value
0x100031377	0x00000012	[ 93] _mp_decode_uint_skip
0x100031389	0x0000001D	[ 93] _mp_setup_code_state
0x1000313A6	0x0000059D	[ 93] _mp_setup_code_state_helper
0x100031943	0x00000012	[ 93] _mp_setup_code_state_native
0x100031955	0x00000030	[ 93] _fun_pos_args_mismatch
0x100031988	0x00000386	[ 94] _mp_bytecode_print
0x100031D0E	0x0000007D	[ 94] _mp_bytecode_print2
0x100031D8B	0x00000D45	[ 94] _mp_bytecode_print_str
0x100032AD0	0x00000203	[ 95] _mp_repl_continue_with_input
0x100032CD3	0x00000039	[ 95] _str_startswith_word
0x100032D0C	0x000003C6	[ 95] _mp_repl_autocomplete
0x1000330D2	0x0000006B	[ 95] _test_qstr
0x10003313D	0x00000080	[ 96] _mp_small_int_mul_overflow
0x1000331BD	0x00000028	[ 96] _mp_small_int_modulo
0x1000331E5	0x0000002E	[ 96] _mp_small_int_floor_divide
0x100033213	0x0000017E	[ 97] _mp_find_frozen_module
0x100033394	0x00000029	[ 99] _uctypes_struct_addressof
0x1000333BD	0x0000002C	[ 99] _uctypes_struct_bytearray_at
0x1000333E9	0x00000029	[ 99] _uctypes_struct_bytes_at
0x100033412	0x00000073	[ 99] _uctypes_struct_print
0x100033485	0x0000006E	[ 99] _uctypes_struct_make_new
0x1000334F3	0x0000003E	[ 99] _uctypes_struct_unary_op
0x100033531	0x00000032	[ 99] _uctypes_struct_attr
0x100033563	0x0000022B	[ 99] _uctypes_struct_subscr
0x10003378E	0x00000046	[ 99] _uctypes_get_buffer
0x1000337D4	0x000003AE	[ 99] _uctypes_struct_attr_op
0x100033B82	0x000000B6	[ 99] _get_aligned
0x100033C38	0x0000009C	[ 99] _set_aligned
0x100033CD4	0x00000010	[ 99] _syntax_error
0x100033CE4	0x00000096	[ 99] _uctypes_struct_agg_size
0x100033D7A	0x00000174	[ 99] _uctypes_struct_size
0x100033EEE	0x00000081	[ 99] _uctypes_struct_sizeof
0x100033F70	0x0000000F	[100] _mod_ujson_dump
0x100033F7F	0x0000011C	[100] _mod_ujson_dump_helper
0x10003409B	0x0000000F	[100] _mod_ujson_dumps
0x1000340AA	0x00000506	[100] _mod_ujson_load
0x1000345B0	0x00000044	[100] _ujson_stream_next
0x1000345F4	0x00000059	[100] _mod_ujson_loads
0x10003464D	0x00000040	[101] _mp_uos_getenv
0x10003468D	0x00000045	[101] _mp_uos_putenv
0x1000346D2	0x00000029	[101] _mp_uos_unsetenv
0x1000346FB	0x0000002C	[101] _mp_uos_system
0x100034727	0x0000003F	[101] _mp_uos_urandom
0x100034766	0x00000039	[101] _mp_uos_errno
0x1000347A0	0x0000008A	[102] _match_group
0x10003482A	0x0000000F	[102] _re_match
0x100034839	0x0000000C	[102] _re_search
0x100034845	0x0000018A	[102] _re_split
0x1000349CF	0x00000085	[102] _mod_re_compile
0x100034A54	0x00000720	[102] __compilecode
0x100035174	0x0000007D	[102] _re1_5_compilecode
0x1000351F2	0x0000023E	[102] _recursiveloop
0x100035433	0x0000005F	[102] __re1_5_namedclassmatch
0x100035492	0x0000010A	[102] _ure_exec
0x10003559C	0x00000016	[102] _re_print
0x1000355B2	0x00000016	[102] _match_print
0x1000355C8	0x00000045	[103] _uzlib_get_byte
0x10003560D	0x00000742	[103] _uzlib_uncompress
0x100035D4F	0x00000037	[103] _tinf_getbit
0x100035D86	0x0000012E	[103] _uzlib_uncompress_chksum
0x100035EB4	0x0000012D	[103] _uzlib_adler32
0x100035FE1	0x00000040	[103] _uzlib_crc32
0x100036021	0x00000064	[103] _uzlib_zlib_parse_header
0x100036085	0x000000EE	[103] _uzlib_gzip_parse_header
0x100036173	0x0000015B	[103] _mod_uzlib_decompress
0x1000362CE	0x0000010A	[103] _decompio_make_new
0x1000363D8	0x0000004D	[103] _read_src_stream
0x100036425	0x00000068	[103] _decompio_read
0x10003648D	0x000000AF	[103] _tinf_build_tree
0x10003653C	0x00000065	[103] _tinf_decode_symbol
0x1000365A1	0x0000004B	[104] _mod_uheapq_heappush
0x1000365EC	0x0000009B	[104] _uheapq_heap_siftdown
0x100036687	0x00000079	[104] _mod_uheapq_heappop
0x100036700	0x000000AC	[104] _uheapq_heap_siftup
0x1000367AC	0x00000053	[104] _mod_uheapq_heapify
0x1000367FF	0x00000067	[105] _utimeq_make_new
0x100036866	0x0000002E	[105] _utimeq_unary_op
0x100036894	0x0000007D	[105] _mod_utimeq_heappush
0x100036911	0x000000BC	[105] _utimeq_heap_siftdown
0x1000369CD	0x0000018E	[105] _mod_utimeq_heappop
0x100036B5B	0x0000002A	[105] _mod_utimeq_peektime
0x100036B85	0x0000006B	[106] _uhashlib_sha256_make_new
0x100036BF0	0x00000055	[106] _uhashlib_sha256_update
0x100036C45	0x00000056	[106] _uhashlib_sha256_digest
0x100036C9B	0x00000069	[106] _uhashlib_sha1_make_new
0x100036D04	0x00000055	[106] _uhashlib_sha1_update
0x100036D59	0x0000005E	[106] _uhashlib_sha1_digest
0x100036DB7	0x00000069	[106] _uhashlib_md5_make_new
0x100036E20	0x00000055	[106] _uhashlib_md5_update
0x100036E75	0x0000005E	[106] _uhashlib_md5_digest
0x100036ED3	0x00000123	[107] _ucryptolib_aes_make_new
0x100036FF6	0x0000000F	[107] _ucryptolib_aes_encrypt
0x100037005	0x00000208	[107] _aes_process
0x10003720D	0x0000000C	[107] _ucryptolib_aes_decrypt
0x100037219	0x00000011	[108] _bytes_hex_as_bytes
0x10003722A	0x00000014	[108] _bytes_fromhex_bytes
0x10003723E	0x00000135	[108] _mod_binascii_a2b_base64
0x100037373	0x000001AD	[108] _mod_binascii_b2a_base64
0x100037520	0x0000005A	[108] _mod_binascii_crc32
0x10003757A	0x0000001A	[109] _mp_virtual_pin_read
0x100037594	0x0000001B	[109] _mp_virtual_pin_write
0x1000375AF	0x00000019	[110] _machine_mem_print
0x1000375C8	0x0000009D	[110] _machine_mem_subscr
0x100037665	0x000000B0	[111] _pinbase_ioctl
0x100037715	0x0000000D	[111] _pinbase_make_new
0x100037722	0x00000060	[112] _signal_make_new
0x100037782	0x0000005D	[112] _signal_call
0x1000377DF	0x0000004A	[112] _signal_ioctl
0x100037829	0x0000001D	[112] _signal_value
0x100037846	0x00000015	[112] _signal_on
0x10003785B	0x00000012	[112] _signal_off
0x10003786D	0x00000080	[113] _machine_time_pulse_us
0x1000378ED	0x00000053	[113] _machine_time_pulse_us_
0x100037940	0x0000032E	[114] _mod_ssl_wrap_socket
0x100037C6E	0x00000039	[114] __mbedtls_ssl_send
0x100037CA7	0x00000038	[114] __mbedtls_ssl_recv
0x100037CDF	0x000000B0	[114] _mbedtls_raise_error
0x100037D8F	0x00000016	[114] _socket_print
0x100037DA5	0x0000004E	[114] _socket_read
0x100037DF3	0x00000043	[114] _socket_write
0x100037E36	0x00000090	[114] _socket_ioctl
0x100037EC6	0x00000062	[114] _socket_setblocking
0x100037F28	0x0000004F	[114] _mod_ssl_getpeercert
0x100037F77	0x00000098	[115] _mod_urandom_getrandbits
0x10003800F	0x0000004B	[115] _mod_urandom_seed
0x10003805A	0x0000006B	[116] _websocket_make_new
0x1000380C5	0x000001D2	[116] _websocket_read
0x100038297	0x00000123	[116] _websocket_write
0x1000383BA	0x00000051	[116] _websocket_ioctl
0x10003840B	0x000000D1	[117] _mp_vfs_lookup_path
0x1000384DC	0x000000C9	[117] _mp_vfs_import_stat
0x1000385A5	0x00000095	[117] _mp_vfs_proxy_call
0x10003863A	0x00000168	[117] _mp_vfs_mount
0x1000387A2	0x000000EA	[117] _mp_vfs_umount
0x10003888C	0x0000008A	[117] _mp_vfs_open
0x100038916	0x0000006B	[117] _lookup_path
0x100038981	0x0000008F	[117] _mp_vfs_chdir
0x100038A10	0x000000BB	[117] _mp_vfs_getcwd
0x100038ACB	0x0000009A	[117] _mp_vfs_ilistdir
0x100038B65	0x000000CE	[117] _mp_vfs_ilistdir_it_iternext
0x100038C33	0x0000004F	[117] _mp_vfs_listdir
0x100038C82	0x00000060	[117] _mp_vfs_mkdir
0x100038CE2	0x0000002E	[117] _mp_vfs_remove
0x100038D10	0x00000077	[117] _mp_vfs_rename
0x100038D87	0x0000002E	[117] _mp_vfs_rmdir
0x100038DB5	0x00000065	[117] _mp_vfs_stat
0x100038E1A	0x0000008F	[117] _mp_vfs_statvfs
0x100038EA9	0x000000D5	[119] _mp_reader_new_file
0x100038F7E	0x00000077	[119] _mp_reader_vfs_readbyte
0x100038FF5	0x00000024	[119] _mp_reader_vfs_close
0x100039019	0x00000083	[120] _vfs_posix_make_new
0x10003909C	0x0000007C	[120] _mp_vfs_posix_import_stat
0x100039118	0x0000003E	[120] _vfs_posix_mount
0x100039156	0x0000000B	[120] _vfs_posix_umount
0x100039161	0x000000C0	[120] _vfs_posix_open
0x100039221	0x00000028	[120] _vfs_posix_chdir
0x100039249	0x00000049	[120] _vfs_posix_get_path_str
0x100039292	0x0000007C	[120] _vfs_posix_getcwd
0x10003930E	0x00000083	[120] _vfs_posix_ilistdir
0x100039391	0x000000BF	[120] _vfs_posix_ilistdir_it_iternext
0x100039450	0x0000002D	[120] _vfs_posix_mkdir
0x10003947D	0x00000028	[120] _vfs_posix_remove
0x1000394A5	0x0000004E	[120] _vfs_posix_rename
0x1000394F3	0x00000028	[120] _vfs_posix_rmdir
0x10003951B	0x00000111	[120] _vfs_posix_stat
0x10003962C	0x000000D1	[120] _vfs_posix_statvfs
0x1000396FD	0x0000012F	[121] _mp_vfs_posix_file_open
0x10003982C	0x00000030	[121] _vfs_posix_file_print
0x10003985C	0x00000069	[121] _vfs_posix_file_read
0x1000398C5	0x00000069	[121] _vfs_posix_file_write
0x10003992E	0x000000E2	[121] _vfs_posix_file_ioctl
0x100039A10	0x0000001F	[121] _vfs_posix_file_fileno
0x100039A2F	0x0000000D	[121] _vfs_posix_file___exit__
0x100039A3C	0x0000001D	[122] _time_sleep_ms
0x100039A59	0x0000001C	[122] _time_sleep_us
0x100039A75	0x0000001F	[122] _time_ticks_ms
0x100039A94	0x0000001F	[122] _time_ticks_us
0x100039AB3	0x0000000B	[122] _time_ticks_cpu
0x100039ABE	0x00000033	[122] _time_ticks_diff
0x100039AF1	0x0000002D	[122] _time_ticks_add
0x100039B1E	0x00000012	[122] _time_time_ns
0x100039B30	0x00000017	[123] _abort_
0x100039B47	0x000000AB	[124] _printf
0x100039BF2	0x00000024	[124] _putchar
0x100039C16	0x00000036	[124] _puts
0x100039C4C	0x00000050	[124] _vsnprintf
0x100039C9C	0x0000002F	[124] _strn_print_strn
0x100039CCB	0x00000096	[124] _snprintf
0x100039D61	0x00000043	[125] _stderr_print_strn
0x100039DA4	0x00000024	[125] _main
0x100039DC8	0x00000B35	[125] _main_
0x10003A8FD	0x00000025	[125] _invalid_args
0x10003A922	0x00000055	[125] _set_sys_argv
0x10003A977	0x00000076	[125] _handle_uncaught_exception
0x10003A9ED	0x0000011D	[125] _execute_from_lexer
0x10003AB0A	0x00000033	[125] _nlr_jump_fail
0x10003AB3D	0x00000043	[125] _print_help
0x10003AB80	0x00000019	[126] _gc_collect
0x10003AB99	0x00000042	[127] _mp_hal_set_interrupt_char
0x10003ABDB	0x0000003E	[127] _sighandler
0x10003AC19	0x000000A4	[127] _mp_hal_stdio_mode_raw
0x10003ACBD	0x00000018	[127] _mp_hal_stdio_mode_orig
0x10003ACD5	0x00000059	[127] _mp_hal_stdin_rx_chr
0x10003AD2E	0x0000003E	[127] _mp_hal_stdout_tx_strn
0x10003AD6C	0x0000000A	[127] _mp_hal_stdout_tx_strn_cooked
0x10003AD76	0x0000001F	[127] _mp_hal_stdout_tx_str
0x10003AD95	0x00000042	[127] _mp_hal_ticks_ms
0x10003ADD7	0x0000002C	[127] _mp_hal_ticks_us
0x10003AE03	0x00000033	[127] _mp_hal_time_ns
0x10003AE36	0x000000DD	[127] _mp_hal_delay_ms
0x10003AF13	0x00000057	[127] _mp_hal_get_random
0x10003AF6A	0x00000116	[128] _mp_thread_init
0x10003B080	0x0000001C	[128] _mp_thread_gc
0x10003B09C	0x00000071	[128] _mp_thread_deinit
0x10003B10D	0x00000011	[128] _mp_thread_get_state
0x10003B11E	0x00000099	[128] _mp_thread_set_realtime
0x10003B1B7	0x000000F2	[129] _prompt_read_history
0x10003B2A9	0x000000F6	[129] _prompt_write_history
0x10003B39F	0x00000035	[130] _mod_machine_mem_get_addr
0x10003B3D4	0x00000010	[130] _machine_idle
0x10003B3E4	0x000000F8	[131] _mod_time_mktime
0x10003B4DC	0x00000031	[131] _mod_time_clock
0x10003B50D	0x000000B1	[131] _mod_time_sleep
0x10003B5BE	0x00000038	[131] _mod_time_time
0x10003B5F6	0x00000011	[131] _mod_time_gmtime
0x10003B607	0x000000E0	[131] _mod_time_gm_local_time
0x10003B6E7	0x00000011	[131] _mod_time_localtime
0x10003B6F8	0x00000172	[132] _poll_register
0x10003B86A	0x0000005E	[132] _poll_unregister
0x10003B8C8	0x00000060	[132] _poll_modify
0x10003B928	0x000000E7	[132] _poll_poll
0x10003BA0F	0x0000004D	[132] _poll_ipoll
0x10003BA5C	0x00000066	[132] _select_poll
0x10003BAC2	0x00000041	[132] _get_fd
0x10003BB03	0x000000A1	[132] _poll_poll_internal
0x10003BBA4	0x0000008C	[132] _poll_iternext
0x10003BC30	0x00000081	[133] _mp_unix_alloc_exec
0x10003BCB1	0x0000005B	[133] _mp_unix_free_exec
0x10003BD0C	0x00000036	[133] _mp_unix_mark_exec
0x10003BD42	0x0000001C	[133] _ffi_closure_alloc
0x10003BD5E	0x000000C2	[135] _mbedtls_strerror
0x10003BE20	0x000000C7	[135] _mbedtls_err_to_str
0x10003BEE7	0x00000010	[136] _mbedtls_aes_init
0x10003BEF7	0x00000016	[136] _mbedtls_aes_free
0x10003BF0D	0x000002B4	[136] _mbedtls_aes_setkey_enc
0x10003C1C1	0x00000191	[136] _mbedtls_aes_setkey_dec
0x10003C352	0x000004E8	[136] _mbedtls_internal_aes_encrypt
0x10003C83A	0x000004E7	[136] _mbedtls_internal_aes_decrypt
0x10003CD21	0x00000025	[136] _mbedtls_aes_crypt_ecb
0x10003CD46	0x000000FC	[136] _mbedtls_aes_crypt_cbc
0x10003CE42	0x000000A1	[136] _mbedtls_aes_crypt_ctr
0x10003CEE4	0x000000FC	[137] _mbedtls_asn1_get_len
0x10003CFE0	0x00000033	[137] _mbedtls_asn1_get_tag
0x10003D013	0x0000006E	[137] _mbedtls_asn1_get_bool
0x10003D081	0x0000008C	[137] _mbedtls_asn1_get_int
0x10003D10D	0x00000062	[137] _mbedtls_asn1_get_mpi
0x10003D16F	0x00000094	[137] _mbedtls_asn1_get_bitstring
0x10003D203	0x0000006C	[137] _mbedtls_asn1_get_bitstring_null
0x10003D26F	0x0000010F	[137] _mbedtls_asn1_get_sequence_of
0x10003D37E	0x00000121	[137] _mbedtls_asn1_get_alg
0x10003D49F	0x00000046	[137] _mbedtls_asn1_get_alg_null
0x10003D4E5	0x00000013	[138] _mbedtls_mpi_init
0x10003D4F8	0x00000041	[138] _mbedtls_mpi_free
0x10003D539	0x0000008A	[138] _mbedtls_mpi_grow
0x10003D5C3	0x000000AE	[138] _mbedtls_mpi_copy
0x10003D671	0x0000005F	[138] _mbedtls_mpi_lset
0x10003D6D0	0x0000002C	[138] _mbedtls_mpi_get_bit
0x10003D6FC	0x00000046	[138] _mbedtls_mpi_lsb
0x10003D742	0x0000007A	[138] _mbedtls_mpi_bitlen
0x10003D7BC	0x00000013	[138] _mbedtls_mpi_size
0x10003D7CF	0x00000065	[138] _mbedtls_mpi_add_int
0x10003D834	0x000000D7	[138] _mbedtls_mpi_read_binary
0x10003D90B	0x000000B0	[138] _mbedtls_mpi_write_binary
0x10003D9BB	0x000000E5	[138] _mbedtls_mpi_shift_l
0x10003DAA0	0x000000CE	[138] _mbedtls_mpi_shift_r
0x10003DB6E	0x0000006C	[138] _mbedtls_mpi_cmp_abs
0x10003DBDA	0x00000090	[138] _mbedtls_mpi_cmp_mpi
0x10003DC6A	0x00000065	[138] _mbedtls_mpi_cmp_int
0x10003DCCF	0x0000010A	[138] _mbedtls_mpi_add_abs
0x10003DDD9	0x00000126	[138] _mbedtls_mpi_sub_abs
0x10003DEFF	0x00000074	[138] _mbedtls_mpi_add_mpi
0x10003DF73	0x00000074	[138] _mbedtls_mpi_sub_mpi
0x10003DFE7	0x00000065	[138] _mbedtls_mpi_sub_int
0x10003E04C	0x00000168	[138] _mbedtls_mpi_mul_mpi
0x10003E1B4	0x000002B9	[138] _mpi_mul_hlp
0x10003E46D	0x000006B0	[138] _mbedtls_mpi_div_mpi
0x10003EB1D	0x000000F6	[138] _mbedtls_mpi_mod_mpi
0x10003EC13	0x00000808	[138] _mbedtls_mpi_exp_mod
0x10003F41B	0x0000017D	[138] _mpi_montmul
0x10003F598	0x000002F3	[138] _mbedtls_mpi_gcd
0x10003F88B	0x000000E4	[138] _mbedtls_mpi_fill_random
0x10003F96F	0x00000558	[138] _mbedtls_mpi_inv_mod
0x10003FEC7	0x00000036	[139] _mbedtls_cipher_info_from_type
0x10003FEFD	0x00000024	[139] _mbedtls_cipher_init
0x10003FF21	0x00000035	[139] _mbedtls_cipher_free
0x10003FF56	0x00000072	[139] _mbedtls_cipher_setup
0x10003FFC8	0x00000038	[139] _mbedtls_cipher_set_padding_mode
0x100040000	0x00000057	[139] _mbedtls_cipher_setkey
0x100040057	0x00000062	[139] _mbedtls_cipher_set_iv
0x1000400B9	0x0000025B	[139] _mbedtls_cipher_update
0x100040314	0x0000011F	[139] _mbedtls_cipher_finish
0x100040433	0x0000001A	[139] _get_no_padding
0x10004044D	0x00000084	[139] _mbedtls_cipher_crypt
0x1000404D1	0x0000000A	[140] _aes_crypt_ecb_wrap
0x1000404DB	0x0000000A	[140] _aes_crypt_cbc_wrap
0x1000404E5	0x0000000A	[140] _aes_crypt_ctr_wrap
0x1000404EF	0x0000000A	[140] _aes_setkey_enc_wrap
0x1000404F9	0x0000000A	[140] _aes_setkey_dec_wrap
0x100040503	0x0000002F	[140] _aes_ctx_alloc
0x100040532	0x0000001C	[140] _aes_ctx_free
0x10004054E	0x00000021	[141] _mbedtls_ctr_drbg_init
0x10004056F	0x00000032	[141] _mbedtls_ctr_drbg_free
0x1000405A1	0x0000027C	[141] _block_cipher_df
0x10004081D	0x000000FC	[141] _ctr_drbg_update_internal
0x100040919	0x0000011E	[141] _mbedtls_ctr_drbg_reseed
0x100040A37	0x000000AB	[141] _mbedtls_ctr_drbg_seed
0x100040AE2	0x00000191	[141] _mbedtls_ctr_drbg_random_with_add
0x100040C73	0x0000000F	[141] _mbedtls_ctr_drbg_random
0x100040C82	0x000000D6	[142] _mbedtls_entropy_init
0x100040D58	0x0000004B	[142] _mbedtls_entropy_free
0x100040DA3	0x000000DD	[142] _entropy_update
0x100040E80	0x0000011D	[142] _entropy_gather_internal
0x100040F9D	0x00000232	[142] _mbedtls_entropy_func
0x1000411CF	0x00000044	[143] _mbedtls_hardclock_poll
0x100041213	0x0000002E	[143] _mbedtls_havege_poll
0x100041241	0x00000021	[144] _mbedtls_havege_init
0x100041262	0x000016D2	[144] _havege_fill
0x100042934	0x00000016	[144] _mbedtls_havege_free
0x10004294A	0x0000008D	[144] _mbedtls_havege_random
0x1000429D7	0x00000024	[145] _mbedtls_md5_init
0x1000429FB	0x00000016	[145] _mbedtls_md5_free
0x100042A11	0x00000034	[145] _mbedtls_md5_clone
0x100042A45	0x00000020	[145] _mbedtls_md5_starts_ret
0x100042A65	0x0000075A	[145] _mbedtls_internal_md5_process
0x1000431BF	0x000000C5	[145] _mbedtls_md5_update_ret
0x100043284	0x00000130	[145] _mbedtls_md5_finish_ret
0x1000433B4	0x0000008F	[145] _mbedtls_md5_ret
0x100043443	0x0000001F	[146] _mbedtls_md_info_from_type
0x100043462	0x00000014	[146] _mbedtls_md_init
0x100043476	0x0000005D	[146] _mbedtls_md_free
0x1000434D3	0x00000037	[146] _mbedtls_md_clone
0x10004350A	0x0000007A	[146] _mbedtls_md_setup
0x100043584	0x00000020	[146] _mbedtls_md_starts
0x1000435A4	0x00000023	[146] _mbedtls_md_update
0x1000435C7	0x00000023	[146] _mbedtls_md_finish
0x1000435EA	0x0000001F	[146] _mbedtls_md
0x100043609	0x0000014A	[146] _mbedtls_md_hmac_starts
0x100043753	0x0000002A	[146] _mbedtls_md_hmac_update
0x10004377D	0x000000BC	[146] _mbedtls_md_hmac_finish
0x100043839	0x0000004D	[146] _mbedtls_md_hmac_reset
0x100043886	0x00000015	[146] _mbedtls_md_get_size
0x10004389B	0x00000010	[146] _mbedtls_md_get_type
0x1000438AB	0x0000000A	[147] _md5_starts_wrap
0x1000438B5	0x0000000A	[147] _md5_update_wrap
0x1000438BF	0x0000000A	[147] _md5_finish_wrap
0x1000438C9	0x0000002F	[147] _md5_ctx_alloc
0x1000438F8	0x0000001C	[147] _md5_ctx_free
0x100043914	0x0000000A	[147] _md5_clone_wrap
0x10004391E	0x0000000A	[147] _md5_process_wrap
0x100043928	0x0000000A	[147] _sha1_starts_wrap
0x100043932	0x0000000A	[147] _sha1_update_wrap
0x10004393C	0x0000000A	[147] _sha1_finish_wrap
0x100043946	0x0000002F	[147] _sha1_ctx_alloc
0x100043975	0x0000001C	[147] _sha1_ctx_free
0x100043991	0x0000000A	[147] _sha1_clone_wrap
0x10004399B	0x0000000A	[147] _sha1_process_wrap
0x1000439A5	0x0000000F	[147] _sha224_starts_wrap
0x1000439B4	0x0000000A	[147] _sha224_update_wrap
0x1000439BE	0x0000000A	[147] _sha224_finish_wrap
0x1000439C8	0x0000000F	[147] _sha224_wrap
0x1000439D7	0x0000002F	[147] _sha224_ctx_alloc
0x100043A06	0x0000001C	[147] _sha224_ctx_free
0x100043A22	0x0000000A	[147] _sha224_clone_wrap
0x100043A2C	0x0000000A	[147] _sha224_process_wrap
0x100043A36	0x0000000C	[147] _sha256_starts_wrap
0x100043A42	0x0000000C	[147] _sha256_wrap
0x100043A4E	0x0000000F	[147] _sha384_starts_wrap
0x100043A5D	0x0000000A	[147] _sha384_update_wrap
0x100043A67	0x0000000A	[147] _sha384_finish_wrap
0x100043A71	0x0000000F	[147] _sha384_wrap
0x100043A80	0x0000002F	[147] _sha384_ctx_alloc
0x100043AAF	0x0000001C	[147] _sha384_ctx_free
0x100043ACB	0x0000000A	[147] _sha384_clone_wrap
0x100043AD5	0x0000000A	[147] _sha384_process_wrap
0x100043ADF	0x0000000C	[147] _sha512_starts_wrap
0x100043AEB	0x0000000C	[147] _sha512_wrap
0x100043AF7	0x00000071	[148] _mbedtls_oid_get_x509_ext_type
0x100043B68	0x00000057	[148] _oid_sig_alg_from_asn1
0x100043BBF	0x00000030	[148] _mbedtls_oid_get_sig_alg
0x100043BEF	0x00000071	[148] _mbedtls_oid_get_pk_alg
0x100043C60	0x00000071	[148] _mbedtls_oid_get_cipher_alg
0x100043CD1	0x0000004A	[148] _mbedtls_oid_get_oid_by_md
0x100043D1B	0x00000071	[148] _mbedtls_oid_get_md_hmac
0x100043D8C	0x0000000C	[149] _mbedtls_pk_init
0x100043D98	0x00000031	[149] _mbedtls_pk_free
0x100043DC9	0x00000015	[149] _mbedtls_pk_info_from_type
0x100043DDE	0x0000003A	[149] _mbedtls_pk_setup
0x100043E18	0x0000001B	[149] _mbedtls_pk_can_do
0x100043E33	0x0000008E	[149] _mbedtls_pk_verify_restartable
0x100043EC1	0x00000013	[149] _mbedtls_pk_verify
0x100043ED4	0x0000007D	[149] _mbedtls_pk_verify_ext
[...]
<<dead>> 	0x00000009	[141] _mbedtls_ctr_drbg_set_prediction_resistance
<<dead>> 	0x0000000A	[141] _mbedtls_ctr_drbg_set_entropy_len
<<dead>> 	0x00000009	[141] _mbedtls_ctr_drbg_set_reseed_interval
<<dead>> 	0x00000070	[141] _mbedtls_ctr_drbg_update_ret
<<dead>> 	0x0000000E	[141] _mbedtls_ctr_drbg_seed_entropy_len
<<dead>> 	0x00000018	[141] CIE
<<dead>> 	0x00000048	[142] _mbedtls_entropy_add_source
<<dead>> 	0x00000015	[142] _mbedtls_entropy_update_manual
<<dead>> 	0x0000000A	[142] _mbedtls_entropy_gather
<<dead>> 	0x00000010	[142] 16-byte-literal
<<dead>> 	0x00000018	[142] CIE
<<dead>> 	0x00000018	[143] CIE
<<dead>> 	0x00000018	[144] CIE
<<dead>> 	0x00000018	[145] CIE
<<dead>> 	0x0000000D	[146] _mbedtls_md_list
<<dead>> 	0x000000DB	[146] _mbedtls_md_info_from_string
<<dead>> 	0x000000E4	[146] _mbedtls_md_hmac
<<dead>> 	0x00000023	[146] _mbedtls_md_process
<<dead>> 	0x00000012	[146] _mbedtls_md_get_name
<<dead>> 	0x0000001C	[146] _supported_digests
<<dead>> 	0x00000004	[146] literal string: SHA
<<dead>> 	0x00000018	[146] CIE
<<dead>> 	0x00000004	[147] literal string: MD5
<<dead>> 	0x00000005	[147] literal string: SHA1
<<dead>> 	0x00000007	[147] literal string: SHA224
<<dead>> 	0x00000007	[147] literal string: SHA256
<<dead>> 	0x00000007	[147] literal string: SHA384
<<dead>> 	0x00000007	[147] literal string: SHA512
<<dead>> 	0x00000018	[147] CIE
<<dead>> 	0x00000072	[148] _mbedtls_oid_get_attr_short_name
<<dead>> 	0x00000072	[148] _mbedtls_oid_get_extended_key_usage
<<dead>> 	0x0000002A	[148] _mbedtls_oid_get_sig_alg_desc
<<dead>> 	0x0000003D	[148] _mbedtls_oid_get_oid_by_sig_alg
<<dead>> 	0x0000004A	[148] _mbedtls_oid_get_oid_by_pk_alg
<<dead>> 	0x00000071	[148] _mbedtls_oid_get_md_alg
<<dead>> 	0x000000F2	[148] _mbedtls_oid_get_numeric_string
<<dead>> 	0x00000320	[148] _oid_x520_attr_type
<<dead>> 	0x000000E0	[148] _oid_ext_key_usage
<<dead>> 	0x00000006	[148] literal string: %d.%d
<<dead>> 	0x00000004	[148] literal string: .%d
<<dead>> 	0x00000004	[148] literal string: U
<<dead>> 	0x00000011	[148] literal string: id-at-commonName
<<dead>> 	0x0000000C	[148] literal string: Common Name
<<dead>> 	0x00000003	[148] literal string: CN
<<dead>> 	0x00000004	[148] literal string: U
<<dead>> 	0x00000012	[148] literal string: id-at-countryName
<<dead>> 	0x00000008	[148] literal string: Country
<<dead>> 	0x00000002	[148] literal string: C
<<dead>> 	0x00000004	[148] literal string: U
<<dead>> 	0x0000000F	[148] literal string: id-at-locality
<<dead>> 	0x00000009	[148] literal string: Locality
<<dead>> 	0x00000002	[148] literal string: L
<<dead>> 	0x00000004	[148] literal string: U
<<dead>> 	0x0000000C	[148] literal string: id-at-state
<<dead>> 	0x00000006	[148] literal string: State
<<dead>> 	0x00000003	[148] literal string: ST
<<dead>> 	0x00000004	[148] literal string: U\n
<<dead>> 	0x00000017	[148] literal string: id-at-organizationName
<<dead>> 	0x0000000D	[148] literal string: Organization
<<dead>> 	0x00000002	[148] literal string: O
<<dead>> 	0x00000004	[148] literal string: U
<<dead>> 	0x0000001D	[148] literal string: id-at-organizationalUnitName
<<dead>> 	0x00000009	[148] literal string: Org Unit
<<dead>> 	0x00000003	[148] literal string: OU
<<dead>> 	0x0000000A	[148] literal string: *ÜHÜ˜	
<<dead>> 	0x0000000D	[148] literal string: emailAddress
<<dead>> 	0x0000000F	[148] literal string: E-mail address
<<dead>> 	0x00000004	[148] literal string: U
<<dead>> 	0x00000013	[148] literal string: id-at-serialNumber
<<dead>> 	0x0000000E	[148] literal string: Serial number
<<dead>> 	0x0000000D	[148] literal string: serialNumber
<<dead>> 	0x00000004	[148] literal string: U
<<dead>> 	0x00000014	[148] literal string: id-at-postalAddress
<<dead>> 	0x0000000F	[148] literal string: Postal address
<<dead>> 	0x0000000E	[148] literal string: postalAddress
<<dead>> 	0x00000004	[148] literal string: U
<<dead>> 	0x00000011	[148] literal string: id-at-postalCode
<<dead>> 	0x0000000C	[148] literal string: Postal code
<<dead>> 	0x0000000B	[148] literal string: postalCode
<<dead>> 	0x00000004	[148] literal string: U
<<dead>> 	0x0000000E	[148] literal string: id-at-surName
<<dead>> 	0x00000008	[148] literal string: Surname
<<dead>> 	0x00000003	[148] literal string: SN
<<dead>> 	0x00000004	[148] literal string: U*
<<dead>> 	0x00000010	[148] literal string: id-at-givenName
<<dead>> 	0x0000000B	[148] literal string: Given name
<<dead>> 	0x00000003	[148] literal string: GN
<<dead>> 	0x00000004	[148] literal string: U+
<<dead>> 	0x0000000F	[148] literal string: id-at-initials
<<dead>> 	0x00000009	[148] literal string: Initials
<<dead>> 	0x00000009	[148] literal string: initials
<<dead>> 	0x00000004	[148] literal string: U,
<<dead>> 	0x0000001A	[148] literal string: id-at-generationQualifier
<<dead>> 	0x00000015	[148] literal string: Generation qualifier
<<dead>> 	0x00000014	[148] literal string: generationQualifier
<<dead>> 	0x00000004	[148] literal string: U
<<dead>> 	0x0000000C	[148] literal string: id-at-title
<<dead>> 	0x00000006	[148] literal string: Title
<<dead>> 	0x00000006	[148] literal string: title
<<dead>> 	0x00000004	[148] literal string: U.
<<dead>> 	0x00000012	[148] literal string: id-at-dnQualifier
<<dead>> 	0x0000001D	[148] literal string: Distinguished Name qualifier
<<dead>> 	0x0000000C	[148] literal string: dnQualifier
<<dead>> 	0x00000004	[148] literal string: UA
<<dead>> 	0x00000010	[148] literal string: id-at-pseudonym
<<dead>> 	0x0000000A	[148] literal string: Pseudonym
<<dead>> 	0x0000000A	[148] literal string: pseudonym
<<dead>> 	0x0000000B	[148] literal string: 	í&âìÚ,d
<<dead>> 	0x00000013	[148] literal string: id-domainComponent
<<dead>> 	0x00000011	[148] literal string: Domain component
<<dead>> 	0x00000003	[148] literal string: DC
<<dead>> 	0x00000004	[148] literal string: U-
<<dead>> 	0x00000017	[148] literal string: id-at-uniqueIdentifier
<<dead>> 	0x00000012	[148] literal string: Unique Identifier
<<dead>> 	0x00000011	[148] literal string: uniqueIdentifier
<<dead>> 	0x00000009	[148] literal string: +
<<dead>> 	0x00000011	[148] literal string: id-kp-serverAuth
<<dead>> 	0x0000001E	[148] literal string: TLS Web Server Authentication
<<dead>> 	0x00000009	[148] literal string: +
<<dead>> 	0x00000011	[148] literal string: id-kp-clientAuth
<<dead>> 	0x0000001E	[148] literal string: TLS Web Client Authentication
<<dead>> 	0x00000009	[148] literal string: +
<<dead>> 	0x00000012	[148] literal string: id-kp-codeSigning
<<dead>> 	0x0000000D	[148] literal string: Code Signing
<<dead>> 	0x00000009	[148] literal string: +
<<dead>> 	0x00000016	[148] literal string: id-kp-emailProtection
<<dead>> 	0x00000012	[148] literal string: E-mail Protection
<<dead>> 	0x00000009	[148] literal string: +
<<dead>> 	0x00000013	[148] literal string: id-kp-timeStamping
<<dead>> 	0x0000000E	[148] literal string: Time Stamping
<<dead>> 	0x00000009	[148] literal string: +	
<<dead>> 	0x00000012	[148] literal string: id-kp-OCSPSigning
<<dead>> 	0x0000000D	[148] literal string: OCSP Signing
<<dead>> 	0x00000004	[148] literal string: MD5
<<dead>> 	0x00000018	[148] CIE
<<dead>> 	0x0000001B	[149] _mbedtls_pk_sign
<<dead>> 	0x00000049	[149] _mbedtls_pk_check_pair
<<dead>> 	0x0000002D	[149] _mbedtls_pk_debug
<<dead>> 	0x0000001E	[149] _mbedtls_pk_get_name
<<dead>> 	0x0000000B	[149] literal string: invalid PK
<<dead>> 	0x00000018	[149] CIE
<<dead>> 	0x0000000A	[150] literal string: *ÜHÜ˜
<<dead>> 	0x00000018	[150] CIE
<<dead>> 	0x0000009E	[151] _mbedtls_pk_parse_public_key
<<dead>> 	0x0000000A	[151] literal string: *ÜHÜ˜
<<dead>> 	0x00000018	[151] CIE
<<dead>> 	0x00000004	[152] literal string: RSA
<<dead>> 	0x00000018	[152] CIE
<<dead>> 	0x00000008	[153] _mbedtls_platform_setup
<<dead>> 	0x00000006	[153] _mbedtls_platform_teardown
<<dead>> 	0x00000018	[153] CIE
<<dead>> 	0x00000018	[154] CIE
<<dead>> 	0x0000015A	[155] _mbedtls_rsa_export_raw
<<dead>> 	0x0000010B	[155] _mbedtls_rsa_export
<<dead>> 	0x000000DB	[155] _mbedtls_rsa_export_crt
<<dead>> 	0x00000012	[155] _mbedtls_rsa_set_padding
<<dead>> 	0x00000180	[155] _mbedtls_rsa_copy
<<dead>> 	0x00000018	[155] CIE
<<dead>> 	0x00000018	[156] CIE
<<dead>> 	0x00000010	[157] 16-byte-literal
<<dead>> 	0x00000010	[157] 16-byte-literal
<<dead>> 	0x00000018	[157] CIE
<<dead>> 	0x00000010	[158] 16-byte-literal
<<dead>> 	0x00000010	[158] 16-byte-literal
<<dead>> 	0x00000010	[158] 16-byte-literal
<<dead>> 	0x00000010	[158] 16-byte-literal
<<dead>> 	0x00000018	[158] CIE
<<dead>> 	0x00000010	[159] 16-byte-literal
<<dead>> 	0x00000010	[159] 16-byte-literal
<<dead>> 	0x00000010	[159] 16-byte-literal
<<dead>> 	0x00000010	[159] 16-byte-literal
<<dead>> 	0x00000010	[159] 16-byte-literal
<<dead>> 	0x00000010	[159] 16-byte-literal
<<dead>> 	0x00000010	[159] 16-byte-literal
<<dead>> 	0x00000010	[159] 16-byte-literal
<<dead>> 	0x00000018	[159] CIE
<<dead>> 	0x0000003A	[160] _mbedtls_ssl_ciphersuite_from_string
<<dead>> 	0x0000002D	[160] _mbedtls_ssl_get_ciphersuite_name
<<dead>> 	0x00000049	[160] _mbedtls_ssl_get_ciphersuite_id
<<dead>> 	0x00000008	[160] literal string: unknown
<<dead>> 	0x00000001	[160] literal string: 
<<dead>> 	0x00000018	[160] CIE
<<dead>> 	0x00000018	[161] CIE
<<dead>> 	0x00000018	[162] CIE
<<dead>> 	0x0000005D	[163] _mbedtls_ssl_cf_memcpy_offset
<<dead>> 	0x00000051	[163] _mbedtls_ssl_prepare_handshake_record
<<dead>> 	0x00000014	[163] _mbedtls_ssl_send_fatal_handshake_failure
<<dead>> 	0x0000004D	[163] _mbedtls_ssl_reset_checksum
<<dead>> 	0x00000024	[163] _mbedtls_ssl_session_init
<<dead>> 	0x00000155	[163] _mbedtls_ssl_session_reset
<<dead>> 	0x0000001B	[163] _mbedtls_ssl_conf_endpoint
<<dead>> 	0x0000001E	[163] _mbedtls_ssl_conf_transport
<<dead>> 	0x0000000E	[163] _mbedtls_ssl_conf_verify
<<dead>> 	0x0000000E	[163] _mbedtls_ssl_conf_dbg
<<dead>> 	0x0000000C	[163] _mbedtls_ssl_conf_read_timeout
<<dead>> 	0x0000002D	[163] _mbedtls_ssl_set_timer_cb
<<dead>> 	0x00000012	[163] _mbedtls_ssl_conf_session_cache
<<dead>> 	0x0000004D	[163] _mbedtls_ssl_set_session
<<dead>> 	0x000000C1	[163] _ssl_session_copy
<<dead>> 	0x00000015	[163] _mbedtls_ssl_conf_ciphersuites
<<dead>> 	0x00000016	[163] _mbedtls_ssl_conf_ciphersuites_for_version
<<dead>> 	0x0000000A	[163] _mbedtls_ssl_conf_cert_profile
<<dead>> 	0x00000012	[163] _mbedtls_ssl_set_hs_own_cert
<<dead>> 	0x00000012	[163] _mbedtls_ssl_set_hs_ca_chain
<<dead>> 	0x0000000D	[163] _mbedtls_ssl_set_hs_authmode
<<dead>> 	0x0000000D	[163] _mbedtls_ssl_conf_sig_hashes
<<dead>> 	0x0000000E	[163] _mbedtls_ssl_conf_sni
<<dead>> 	0x00000013	[163] _mbedtls_ssl_conf_max_version
<<dead>> 	0x00000013	[163] _mbedtls_ssl_conf_min_version
<<dead>> 	0x0000001F	[163] _mbedtls_ssl_conf_cert_req_ca_list
<<dead>> 	0x0000001F	[163] _mbedtls_ssl_conf_legacy_renegotiation
<<dead>> 	0x0000001B	[163] _mbedtls_ssl_get_bytes_avail
<<dead>> 	0x00000036	[163] _mbedtls_ssl_check_pending
<<dead>> 	0x00000022	[163] _mbedtls_ssl_get_verify_result
<<dead>> 	0x0000001E	[163] _mbedtls_ssl_get_ciphersuite
<<dead>> 	0x00000027	[163] _mbedtls_ssl_get_version
<<dead>> 	0x00000060	[163] _mbedtls_ssl_get_record_expansion
<<dead>> 	0x0000000B	[163] _mbedtls_ssl_get_max_out_record_payload
<<dead>> 	0x00000036	[163] _mbedtls_ssl_get_session
<<dead>> 	0x00000066	[163] _mbedtls_ssl_close_notify
<<dead>> 	0x00000023	[163] _mbedtls_ssl_sig_from_pk_alg
<<dead>> 	0x00000162	[163] _mbedtls_ssl_get_key_exchange_md_ssl_tls
<<dead>> 	0x000000E8	[163] _mbedtls_ssl_get_key_exchange_md_tls1_2
<<dead>> 	0x00000010	[163] 16-byte-literal
<<dead>> 	0x00000010	[163] 16-byte-literal
<<dead>> 	0x00000008	[163] literal string: SSLv3.0
<<dead>> 	0x00000008	[163] literal string: TLSv1.0
<<dead>> 	0x00000008	[163] literal string: TLSv1.1
<<dead>> 	0x00000008	[163] literal string: TLSv1.2
<<dead>> 	0x00000008	[163] literal string: unknown
<<dead>> 	0x00000004	[163] 4-byte-literal
<<dead>> 	0x00000010	[163] l_reltable.mbedtls_ssl_get_version
<<dead>> 	0x00000018	[163] CIE
<<dead>> 	0x0000006B	[164] _mbedtls_timing_get_timer
<<dead>> 	0x0000003F	[164] _mbedtls_set_alarm
<<dead>> 	0x0000001B	[164] _sighandler
<<dead>> 	0x00000018	[164] _mbedtls_timing_set_delay
<<dead>> 	0x0000007B	[164] _mbedtls_timing_get_delay
<<dead>> 	0x00000018	[164] CIE
<<dead>> 	0x00000004	[164] _mbedtls_timing_alarmed
<<dead>> 	0x00000016	[165] _mbedtls_x509_get_alg_null
<<dead>> 	0x00000235	[165] _mbedtls_x509_dn_gets
<<dead>> 	0x000000F6	[165] _mbedtls_x509_serial_gets
<<dead>> 	0x00000077	[165] _mbedtls_x509_sig_alg_gets
<<dead>> 	0x00000036	[165] _mbedtls_x509_key_size_helper
<<dead>> 	0x00000004	[165] literal string:  + 
<<dead>> 	0x00000003	[165] literal string: , 
<<dead>> 	0x00000004	[165] literal string: %s=
<<dead>> 	0x00000004	[165] literal string: ??=
<<dead>> 	0x00000003	[165] literal string: %s
<<dead>> 	0x00000007	[165] literal string: %02X%s
<<dead>> 	0x00000002	[165] literal string: :
<<dead>> 	0x00000001	[165] literal string: 
<<dead>> 	0x00000005	[165] literal string: ....
<<dead>> 	0x00000004	[165] literal string: ???
<<dead>> 	0x0000000C	[165] literal string: %s key size
<<dead>> 	0x00000018	[165] CIE
<<dead>> 	0x000005F9	[166] _mbedtls_x509_crt_info
<<dead>> 	0x000000B7	[166] _x509_info_subject_alt_name
<<dead>> 	0x0000020C	[166] _x509_info_cert_type
<<dead>> 	0x00000254	[166] _x509_info_key_usage
<<dead>> 	0x000000AD	[166] _x509_info_ext_key_usage
<<dead>> 	0x000000B0	[166] _mbedtls_x509_crt_verify_info
<<dead>> 	0x00000027	[166] _mbedtls_x509_crt_verify
<<dead>> 	0x0000001B	[166] _mbedtls_x509_crt_verify_with_profile
<<dead>> 	0x00000010	[166] 16-byte-literal
<<dead>> 	0x00000010	[166] _mbedtls_x509_crt_profile_next
<<dead>> 	0x00000020	[166] literal string: \nCertificate is uninitialised!\n
<<dead>> 	0x0000001A	[166] literal string: %scert. version     : %d\n
<<dead>> 	0x00000017	[166] literal string: %sserial number     : 
<<dead>> 	0x00000018	[166] literal string: \n%sissuer name       : 
<<dead>> 	0x00000018	[166] literal string: \n%ssubject name      : 
<<dead>> 	0x00000035	[166] literal string: \n%sissued  on        : %04d-%02d-%02d %02d:%02d:%02d
<<dead>> 	0x00000035	[166] literal string: \n%sexpires on        : %04d-%02d-%02d %02d:%02d:%02d
<<dead>> 	0x00000018	[166] literal string: \n%ssigned using      : 
<<dead>> 	0x00000012	[166] literal string: \n%s%-18s: %d bits
<<dead>> 	0x0000001D	[166] literal string: \n%sbasic constraints : CA=%s
<<dead>> 	0x00000005	[166] literal string: true
<<dead>> 	0x00000006	[166] literal string: false
<<dead>> 	0x00000011	[166] literal string: , max_pathlen=%d
<<dead>> 	0x00000018	[166] literal string: \n%ssubject alt name  : 
<<dead>> 	0x00000018	[166] literal string: \n%scert. type        : 
<<dead>> 	0x00000018	[166] literal string: \n%skey usage         : 
<<dead>> 	0x00000018	[166] literal string: \n%sext key usage     : 
<<dead>> 	0x00000002	[166] literal string: \n
<<dead>> 	0x00000006	[166] literal string: %s%s\n
<<dead>> 	0x0000002B	[166] literal string: %sUnknown reason (this should not happen)\n
<<dead>> 	0x00000001	[166] literal string: 
<<dead>> 	0x00000003	[166] literal string: , 
<<dead>> 	0x0000000D	[166] literal string: %sSSL Client
<<dead>> 	0x0000000D	[166] literal string: %sSSL Server
<<dead>> 	0x00000008	[166] literal string: %sEmail
<<dead>> 	0x00000011	[166] literal string: %sObject Signing
<<dead>> 	0x0000000B	[166] literal string: %sReserved
<<dead>> 	0x00000009	[166] literal string: %sSSL CA
<<dead>> 	0x0000000B	[166] literal string: %sEmail CA
<<dead>> 	0x00000014	[166] literal string: %sObject Signing CA
<<dead>> 	0x00000014	[166] literal string: %sDigital Signature
<<dead>> 	0x00000012	[166] literal string: %sNon Repudiation
<<dead>> 	0x00000013	[166] literal string: %sKey Encipherment
<<dead>> 	0x00000014	[166] literal string: %sData Encipherment
<<dead>> 	0x00000010	[166] literal string: %sKey Agreement
<<dead>> 	0x00000010	[166] literal string: %sKey Cert Sign
<<dead>> 	0x0000000B	[166] literal string: %sCRL Sign
<<dead>> 	0x00000010	[166] literal string: %sEncipher Only
<<dead>> 	0x00000010	[166] literal string: %sDecipher Only
<<dead>> 	0x00000004	[166] literal string: ???
<<dead>> 	0x00000005	[166] literal string: %s%s
<<dead>> 	0x00000025	[166] literal string: The certificate validity has expired
<<dead>> 	0x0000002F	[166] literal string: The certificate has been revoked (is on a CRL)
<<dead>> 	0x00000045	[166] literal string: The certificate Common Name (CN) does not match with the expected CN
<<dead>> 	0x0000003A	[166] literal string: The certificate is not correctly signed by the trusted CA
<<dead>> 	0x00000032	[166] literal string: The CRL is not correctly signed by the trusted CA
<<dead>> 	0x00000013	[166] literal string: The CRL is expired
<<dead>> 	0x00000018	[166] literal string: Certificate was missing
<<dead>> 	0x00000025	[166] literal string: Certificate verification was skipped
<<dead>> 	0x0000002E	[166] literal string: Other reason (can be used by verify callback)
<<dead>> 	0x0000002E	[166] literal string: The certificate validity starts in the future
<<dead>> 	0x0000001B	[166] literal string: The CRL is from the future
<<dead>> 	0x0000002C	[166] literal string: Usage does not match the keyUsage extension
<<dead>> 	0x00000034	[166] literal string: Usage does not match the extendedKeyUsage extension
<<dead>> 	0x0000002E	[166] literal string: Usage does not match the nsCertType extension
<<dead>> 	0x00000035	[166] literal string: The certificate is signed with an unacceptable hash.
<<dead>> 	0x00000049	[166] literal string: The certificate is signed with an unacceptable PK alg (eg RSA vs ECDSA).
<<dead>> 	0x00000052	[166] literal string: The certificate is signed with an unacceptable key (eg bad curve, RSA too short).
<<dead>> 	0x0000002D	[166] literal string: The CRL is signed with an unacceptable hash.
<<dead>> 	0x00000041	[166] literal string: The CRL is signed with an unacceptable PK alg (eg RSA vs ECDSA).
<<dead>> 	0x0000004A	[166] literal string: The CRL is signed with an unacceptable key (eg bad curve, RSA too short).
<<dead>> 	0x00000004	[166] literal string: U
<<dead>> 	0x00000150	[166] _x509_crt_verify_strings
<<dead>> 	0x00000018	[166] CIE
<<dead>> 	0x00000018	[167] CIE
<<dead>> 	0x00000018	[168] CIE
<<dead>> 	0x00000018	[169] CIE
<<dead>> 	0x00000018	[170] CIE
<<dead>> 	0x00000018	[171] CIE
<<dead>> 	0x00000018	[172] CIE
<<dead>> 	0x00000018	[173] CIE
<<dead>> 	0x00000018	[174] CIE
<<dead>> 	0x00000018	[175] CIE
<<dead>> 	0x00000018	[176] CIE
<<dead>> 	0x00000018	[177] CIE
<<dead>> 	0x00000018	[178] CIE
<<dead>> 	0x00000018	[179] CIE
<<dead>> 	0x00000018	[180] CIE
<<dead>> 	0x00000018	[181] CIE
<<dead>> 	0x00000008	[182] 8-byte-literal
<<dead>> 	0x00000010	[182] 16-byte-literal
<<dead>> 	0x00000010	[182] 16-byte-literal
<<dead>> 	0x00000010	[182] 16-byte-literal
<<dead>> 	0x00000010	[182] 16-byte-literal
<<dead>> 	0x00000018	[182] CIE
<<dead>> 	0x00000018	[183] CIE
<<dead>> 	0x00000018	[184] CIE
<<dead>> 	0x00000054	[185] _timeutils_is_leap_year
<<dead>> 	0x0000006B	[185] _timeutils_days_in_month
<<dead>> 	0x00000067	[185] _timeutils_year_day
<<dead>> 	0x00000282	[185] _timeutils_seconds_since_2000_to_struct_time
<<dead>> 	0x000000E8	[185] _timeutils_seconds_since_2000
<<dead>> 	0x00000199	[185] _timeutils_mktime_2000
<<dead>> 	0x000000C1	[185] _timeutils_calc_weekday
<<dead>> 	0x0000001A	[185] _days_since_jan1
<<dead>> 	0x0000000C	[185] _timeutils_seconds_since_2000_to_struct_time.days_in_month
<<dead>> 	0x00000018	[185] CIE
<<dead>> 	0x0000002F	[186] _readline_note_newline
<<dead>> 	0x00000003	[186] literal string: \n
<<dead>> 	0x00000018	[186] CIE
<<dead>> 	0x00000000	[187] _alarm
<<dead>> 	0x00000000	[187] _pthread_attr_init
<<dead>> 	0x00000000	[187] _pthread_attr_setdetachstate
<<dead>> 	0x00000000	[187] _pthread_attr_setstacksize
<<dead>> 	0x00000000	[187] _pthread_create
<<dead>> 	0x00000000	[187] _pthread_kill
<<dead>> 	0x00000000	[187] _pthread_mutex_trylock
<<dead>> 	0x00000000	[187] _pthread_setcanceltype
<<dead>> 	0x00000000	[187] _sem_wait
