Archive member included to satisfy reference by file (symbol)

/Users/georgerosar/Documents/GitHub/iridescentCoconutSynth/gcc-arm-none-eabi-10.3-2021.10/lib/gcc/arm-none-eabi/10.3.1/thumb/v7e-m+dp/hard/libmicropythonTeensy.a(string0.o)
                              /Users/georgerosar/Documents/GitHub/iridescentCoconutSynth/gcc-arm-none-eabi-10.3-2021.10/bin/../lib/gcc/arm-none-eabi/10.3.1/../../../../arm-none-eabi/lib/thumb/v7e-m+dp/hard/crt0.o (memset)
/Users/georgerosar/Documents/GitHub/iridescentCoconutSynth/gcc-arm-none-eabi-10.3-2021.10/lib/gcc/arm-none-eabi/10.3.1/thumb/v7e-m+dp/hard/libTeensy41Core.a(main.o)
                              /Users/georgerosar/Documents/GitHub/iridescentCoconutSynth/gcc-arm-none-eabi-10.3-2021.10/bin/../lib/gcc/arm-none-eabi/10.3.1/../../../../arm-none-eabi/lib/thumb/v7e-m+dp/hard/crt0.o (main)
/Users/georgerosar/Documents/GitHub/iridescentCoconutSynth/gcc-arm-none-eabi-10.3-2021.10/lib/gcc/arm-none-eabi/10.3.1/thumb/v7e-m+dp/hard/libTeensy41Core.a(delay.o)
                              /Users/georgerosar/Documents/GitHub/iridescentCoconutSynth/gcc-arm-none-eabi-10.3-2021.10/lib/gcc/arm-none-eabi/10.3.1/thumb/v7e-m+dp/hard/libTeensy41Core.a(main.o) (delay)
/Users/georgerosar/Documents/GitHub/iridescentCoconutSynth/gcc-arm-none-eabi-10.3-2021.10/lib/gcc/arm-none-eabi/10.3.1/thumb/v7e-m+dp/hard/libTeensy41Core.a(digital.o)
                              /Users/georgerosar/Documents/GitHub/iridescentCoconutSynth/gcc-arm-none-eabi-10.3-2021.10/lib/gcc/arm-none-eabi/10.3.1/thumb/v7e-m+dp/hard/libTeensy41Core.a(main.o) (pinMode)
/Users/georgerosar/Documents/GitHub/iridescentCoconutSynth/gcc-arm-none-eabi-10.3-2021.10/lib/gcc/arm-none-eabi/10.3.1/thumb/v7e-m+dp/hard/libTeensy41Core.a(yield.o)
                              /Users/georgerosar/Documents/GitHub/iridescentCoconutSynth/gcc-arm-none-eabi-10.3-2021.10/lib/gcc/arm-none-eabi/10.3.1/thumb/v7e-m+dp/hard/libTeensy41Core.a(delay.o) (yield)
/Users/georgerosar/Documents/GitHub/iridescentCoconutSynth/gcc-arm-none-eabi-10.3-2021.10/lib/gcc/arm-none-eabi/10.3.1/thumb/v7e-m+dp/hard/libTeensy41Core.a(clockspeed.o)
                              /Users/georgerosar/Documents/GitHub/iridescentCoconutSynth/gcc-arm-none-eabi-10.3-2021.10/lib/gcc/arm-none-eabi/10.3.1/thumb/v7e-m+dp/hard/libTeensy41Core.a(digital.o) (F_CPU_ACTUAL)
/Users/georgerosar/Documents/GitHub/iridescentCoconutSynth/gcc-arm-none-eabi-10.3-2021.10/lib/gcc/arm-none-eabi/10.3.1/thumb/v7e-m+dp/hard/libTeensy41Core.a(EventResponder.o)
                              /Users/georgerosar/Documents/GitHub/iridescentCoconutSynth/gcc-arm-none-eabi-10.3-2021.10/lib/gcc/arm-none-eabi/10.3.1/thumb/v7e-m+dp/hard/libTeensy41Core.a(yield.o) (EventResponder::runningFromYield)
/Users/georgerosar/Documents/GitHub/iridescentCoconutSynth/gcc-arm-none-eabi-10.3-2021.10/lib/gcc/arm-none-eabi/10.3.1/thumb/v7e-m+dp/hard/libTeensy41Core.a(HardwareSerial.o)
                              /Users/georgerosar/Documents/GitHub/iridescentCoconutSynth/gcc-arm-none-eabi-10.3-2021.10/lib/gcc/arm-none-eabi/10.3.1/thumb/v7e-m+dp/hard/libTeensy41Core.a(yield.o) (HardwareSerial::s_count_serials_with_serial_events)
/Users/georgerosar/Documents/GitHub/iridescentCoconutSynth/gcc-arm-none-eabi-10.3-2021.10/lib/gcc/arm-none-eabi/10.3.1/thumb/v7e-m+dp/hard/libTeensy41Core.a(Print.o)
                              /Users/georgerosar/Documents/GitHub/iridescentCoconutSynth/gcc-arm-none-eabi-10.3-2021.10/lib/gcc/arm-none-eabi/10.3.1/thumb/v7e-m+dp/hard/libTeensy41Core.a(HardwareSerial.o) (Print::write(unsigned char const*, unsigned int))
/Users/georgerosar/Documents/GitHub/iridescentCoconutSynth/gcc-arm-none-eabi-10.3-2021.10/lib/gcc/arm-none-eabi/10.3.1/thumb/v7e-m+dp/hard/libTeensy41Core.a(WString.o)
                              /Users/georgerosar/Documents/GitHub/iridescentCoconutSynth/gcc-arm-none-eabi-10.3-2021.10/lib/gcc/arm-none-eabi/10.3.1/thumb/v7e-m+dp/hard/libTeensy41Core.a(Print.o) (String::getBytes(unsigned char*, unsigned int, unsigned int) const)
/Users/georgerosar/Documents/GitHub/iridescentCoconutSynth/gcc-arm-none-eabi-10.3-2021.10/lib/gcc/arm-none-eabi/10.3.1/thumb/v7e-m+dp/hard/libTeensy41Core.a(nonstd.o)
                              /Users/georgerosar/Documents/GitHub/iridescentCoconutSynth/gcc-arm-none-eabi-10.3-2021.10/lib/gcc/arm-none-eabi/10.3.1/thumb/v7e-m+dp/hard/libTeensy41Core.a(WString.o) (ultoa)
/Users/georgerosar/Documents/GitHub/iridescentCoconutSynth/gcc-arm-none-eabi-10.3-2021.10/lib/gcc/arm-none-eabi/10.3.1/thumb/v7e-m+dp/hard/libTeensy41Core.a(pwm.o)
                              /Users/georgerosar/Documents/GitHub/iridescentCoconutSynth/gcc-arm-none-eabi-10.3-2021.10/lib/gcc/arm-none-eabi/10.3.1/thumb/v7e-m+dp/hard/libTeensy41Core.a(HardwareSerial.o) (xbar_connect)
/Users/georgerosar/Documents/GitHub/iridescentCoconutSynth/gcc-arm-none-eabi-10.3-2021.10/lib/gcc/arm-none-eabi/10.3.1/thumb/v7e-m+dp/hard/libTeensy41Core.a(startup.o)
[...]
Memory Configuration

Name             Origin             Length             Attributes
*default*        0x0000000000000000 0xffffffffffffffff

Linker script and memory map

LOAD /Users/georgerosar/Documents/GitHub/iridescentCoconutSynth/gcc-arm-none-eabi-10.3-2021.10/bin/../lib/gcc/arm-none-eabi/10.3.1/thumb/v7e-m+dp/hard/crti.o
LOAD /Users/georgerosar/Documents/GitHub/iridescentCoconutSynth/gcc-arm-none-eabi-10.3-2021.10/bin/../lib/gcc/arm-none-eabi/10.3.1/thumb/v7e-m+dp/hard/crtbegin.o
LOAD /Users/georgerosar/Documents/GitHub/iridescentCoconutSynth/gcc-arm-none-eabi-10.3-2021.10/bin/../lib/gcc/arm-none-eabi/10.3.1/../../../../arm-none-eabi/lib/thumb/v7e-m+dp/hard/crt0.o
LOAD ./AcidSQNeutralLDAcidSQneutral_samples.o
LOAD ./sample_AcidSQNeutral_LDAcidSQneutral_C1_sample.o
LOAD ./sample_AcidSQNeutral_LDAcidSQneutral_C2_sample.o
LOAD ./sample_AcidSQNeutral_LDAcidSQneutral_C3_sample.o
LOAD ./sample_AcidSQNeutral_LDAcidSQneutral_C4_sample.o
LOAD ./sample_AcidSQNeutral_LDAcidSQneutral_C5_sample.o
LOAD ./sample_AcidSQNeutral_LDAcidSQneutral_F1_sample.o
LOAD ./sample_AcidSQNeutral_LDAcidSQneutral_F2_sample.o
LOAD ./sample_AcidSQNeutral_LDAcidSQneutral_F3_sample.o
LOAD ./sample_AcidSQNeutral_LDAcidSQneutral_F4_sample.o
LOAD /Users/georgerosar/Documents/GitHub/iridescentCoconutSynth/gcc-arm-none-eabi-10.3-2021.10/bin/../lib/gcc/arm-none-eabi/10.3.1/thumb/v7e-m+dp/hard/libgcc.a
LOAD /Users/georgerosar/Documents/GitHub/iridescentCoconutSynth/gcc-arm-none-eabi-10.3-2021.10/lib/gcc/arm-none-eabi/10.3.1/thumb/v7e-m+dp/hard/libarm_cortexM7lfsp_math.a
LOAD /Users/georgerosar/Documents/GitHub/iridescentCoconutSynth/gcc-arm-none-eabi-10.3-2021.10/bin/../lib/gcc/arm-none-eabi/10.3.1/../../../../arm-none-eabi/lib/thumb/v7e-m+dp/hard/libstdc++.a
LOAD /Users/georgerosar/Documents/GitHub/iridescentCoconutSynth/gcc-arm-none-eabi-10.3-2021.10/lib/gcc/arm-none-eabi/10.3.1/thumb/v7e-m+dp/hard/libmicropythonTeensy.a
LOAD /Users/georgerosar/Documents/GitHub/iridescentCoconutSynth/gcc-arm-none-eabi-10.3-2021.10/lib/gcc/arm-none-eabi/10.3.1/thumb/v7e-m+dp/hard/libTeensyStreamLib.a
LOAD /Users/georgerosar/Documents/GitHub/iridescentCoconutSynth/gcc-arm-none-eabi-10.3-2021.10/lib/gcc/arm-none-eabi/10.3.1/thumb/v7e-m+dp/hard/libTeensy41Core.a
LOAD /Users/georgerosar/Documents/GitHub/iridescentCoconutSynth/gcc-arm-none-eabi-10.3-2021.10/lib/gcc/arm-none-eabi/10.3.1/thumb/v7e-m+dp/hard/libTeensyWire.a
LOAD /Users/georgerosar/Documents/GitHub/iridescentCoconutSynth/gcc-arm-none-eabi-10.3-2021.10/lib/gcc/arm-none-eabi/10.3.1/thumb/v7e-m+dp/hard/libTeensySPI.a
LOAD /Users/georgerosar/Documents/GitHub/iridescentCoconutSynth/gcc-arm-none-eabi-10.3-2021.10/lib/gcc/arm-none-eabi/10.3.1/thumb/v7e-m+dp/hard/libTeensySerialFlash.a
LOAD /Users/georgerosar/Documents/GitHub/iridescentCoconutSynth/gcc-arm-none-eabi-10.3-2021.10/lib/gcc/arm-none-eabi/10.3.1/thumb/v7e-m+dp/hard/libTeensyAudio.a
LOAD /Users/georgerosar/Documents/GitHub/iridescentCoconutSynth/gcc-arm-none-eabi-10.3-2021.10/bin/../lib/gcc/arm-none-eabi/10.3.1/../../../../arm-none-eabi/lib/thumb/v7e-m+dp/hard/libstdc++.a
LOAD /Users/georgerosar/Documents/GitHub/iridescentCoconutSynth/gcc-arm-none-eabi-10.3-2021.10/bin/../lib/gcc/arm-none-eabi/10.3.1/../../../../arm-none-eabi/lib/thumb/v7e-m+dp/hard/libm.a
START GROUP
LOAD /Users/georgerosar/Documents/GitHub/iridescentCoconutSynth/gcc-arm-none-eabi-10.3-2021.10/lib/gcc/arm-none-eabi/10.3.1/thumb/v7e-m+dp/hard/libgcc.a
END GROUP
LOAD /Users/georgerosar/Documents/GitHub/iridescentCoconutSynth/gcc-arm-none-eabi-10.3-2021.10/bin/../lib/gcc/arm-none-eabi/10.3.1/thumb/v7e-m+dp/hard/crtend.o
LOAD /Users/georgerosar/Documents/GitHub/iridescentCoconutSynth/gcc-arm-none-eabi-10.3-2021.10/bin/../lib/gcc/arm-none-eabi/10.3.1/thumb/v7e-m+dp/hard/crtn.o
                0x00000000000000b4                . = (SEGMENT_START ("text-segment", 0x0) + SIZEOF_HEADERS)

.note.gnu.build-id
 *(.note.gnu.build-id)

.hash           0x00000000000000b4      0xbb0
 *(.hash)
 .hash          0x00000000000000b4      0xbb0 /Users/georgerosar/Documents/GitHub/iridescentCoconutSynth/gcc-arm-none-eabi-10.3-2021.10/bin/../lib/gcc/arm-none-eabi/10.3.1/thumb/v7e-m+dp/hard/crti.o

.gnu.hash
 *(.gnu.hash)

.dynsym         0x0000000000000c64     0x1e30
 *(.dynsym)
 .dynsym        0x0000000000000c64     0x1e30 /Users/georgerosar/Documents/GitHub/iridescentCoconutSynth/gcc-arm-none-eabi-10.3-2021.10/bin/../lib/gcc/arm-none-eabi/10.3.1/thumb/v7e-m+dp/hard/crti.o

.dynstr         0x0000000000002a94     0x2b13
 *(.dynstr)
 .dynstr        0x0000000000002a94     0x2b13 /Users/georgerosar/Documents/GitHub/iridescentCoconutSynth/gcc-arm-none-eabi-10.3-2021.10/bin/../lib/gcc/arm-none-eabi/10.3.1/thumb/v7e-m+dp/hard/crti.o

.gnu.version    0x00000000000055a8        0x0
 *(.gnu.version)
 .gnu.version   0x00000000000055a8        0x0 /Users/georgerosar/Documents/GitHub/iridescentCoconutSynth/gcc-arm-none-eabi-10.3-2021.10/bin/../lib/gcc/arm-none-eabi/10.3.1/thumb/v7e-m+dp/hard/crti.o

.gnu.version_d  0x00000000000055a8        0x0
 *(.gnu.version_d)
 .gnu.version_d
                0x00000000000055a8        0x0 /Users/georgerosar/Documents/GitHub/iridescentCoconutSynth/gcc-arm-none-eabi-10.3-2021.10/bin/../lib/gcc/arm-none-eabi/10.3.1/thumb/v7e-m+dp/hard/crti.o

.gnu.version_r  0x00000000000055a8        0x0
 *(.gnu.version_r)
 .gnu.version_r
                0x00000000000055a8        0x0 /Users/georgerosar/Documents/GitHub/iridescentCoconutSynth/gcc-arm-none-eabi-10.3-2021.10/bin/../lib/gcc/arm-none-eabi/10.3.1/thumb/v7e-m+dp/hard/crti.o

.rel.dyn        0x00000000000055a8      0xff0
 *(.rel.init)
 *(.rel.text .rel.text.* .rel.gnu.linkonce.t.*)
 .rel.text      0x00000000000055a8       0xa0 /Users/georgerosar/Documents/GitHub/iridescentCoconutSynth/gcc-arm-none-eabi-10.3-2021.10/bin/../lib/gcc/arm-none-eabi/10.3.1/thumb/v7e-m+dp/hard/crti.o
 .rel.text.delay
                0x0000000000005648       0x20 /Users/georgerosar/Documents/GitHub/iridescentCoconutSynth/gcc-arm-none-eabi-10.3-2021.10/bin/../lib/gcc/arm-none-eabi/10.3.1/thumb/v7e-m+dp/hard/crti.o
 .rel.text.micros
                0x0000000000005668       0x20 /Users/georgerosar/Documents/GitHub/iridescentCoconutSynth/gcc-arm-none-eabi-10.3-2021.10/bin/../lib/gcc/arm-none-eabi/10.3.1/thumb/v7e-m+dp/hard/crti.o
 .rel.text.digitalWrite.part.0
                0x0000000000005688        0x8 /Users/georgerosar/Documents/GitHub/iridescentCoconutSynth/gcc-arm-none-eabi-10.3-2021.10/bin/../lib/gcc/arm-none-eabi/10.3.1/thumb/v7e-m+dp/hard/crti.o
 .rel.text.digitalWrite
                0x0000000000005690        0x8 /Users/georgerosar/Documents/GitHub/iridescentCoconutSynth/gcc-arm-none-eabi-10.3-2021.10/bin/../lib/gcc/arm-none-eabi/10.3.1/thumb/v7e-m+dp/hard/crti.o
 .rel.text.digitalToggle
                0x0000000000005698        0x8 /Users/georgerosar/Documents/GitHub/iridescentCoconutSynth/gcc-arm-none-eabi-10.3-2021.10/bin/../lib/gcc/arm-none-eabi/10.3.1/thumb/v7e-m+dp/hard/crti.o
 .rel.text.digitalRead
                0x00000000000056a0        0x8 /Users/georgerosar/Documents/GitHub/iridescentCoconutSynth/gcc-arm-none-eabi-10.3-2021.10/bin/../lib/gcc/arm-none-eabi/10.3.1/thumb/v7e-m+dp/hard/crti.o
 .rel.text.pinMode
                0x00000000000056a8        0x8 /Users/georgerosar/Documents/GitHub/iridescentCoconutSynth/gcc-arm-none-eabi-10.3-2021.10/bin/../lib/gcc/arm-none-eabi/10.3.1/thumb/v7e-m+dp/hard/crti.o
 .rel.text.shiftOut_lsbFirst
                0x00000000000056b0       0x10 /Users/georgerosar/Documents/GitHub/iridescentCoconutSynth/gcc-arm-none-eabi-10.3-2021.10/bin/../lib/gcc/arm-none-eabi/10.3.1/thumb/v7e-m+dp/hard/crti.o
 .rel.text.shiftIn_lsbFirst
                0x00000000000056c0        0x8 /Users/georgerosar/Documents/GitHub/iridescentCoconutSynth/gcc-arm-none-eabi-10.3-2021.10/bin/../lib/gcc/arm-none-eabi/10.3.1/thumb/v7e-m+dp/hard/crti.o
 .rel.text.shiftIn_msbFirst
                0x00000000000056c8        0x8 /Users/georgerosar/Documents/GitHub/iridescentCoconutSynth/gcc-arm-none-eabi-10.3-2021.10/bin/../lib/gcc/arm-none-eabi/10.3.1/thumb/v7e-m+dp/hard/crti.o
 .rel.text.pulseIn_high
                0x00000000000056d0        0x8 /Users/georgerosar/Documents/GitHub/iridescentCoconutSynth/gcc-arm-none-eabi-10.3-2021.10/bin/../lib/gcc/arm-none-eabi/10.3.1/thumb/v7e-m+dp/hard/crti.o
 .rel.text.pulseIn_low
                0x00000000000056d8        0x8 /Users/georgerosar/Documents/GitHub/iridescentCoconutSynth/gcc-arm-none-eabi-10.3-2021.10/bin/../lib/gcc/arm-none-eabi/10.3.1/thumb/v7e-m+dp/hard/crti.o
 .rel.text.yield
                0x00000000000056e0       0x38 /Users/georgerosar/Documents/GitHub/iridescentCoconutSynth/gcc-arm-none-eabi-10.3-2021.10/bin/../lib/gcc/arm-none-eabi/10.3.1/thumb/v7e-m+dp/hard/crti.o
 .rel.text.set_arm_clock
                0x0000000000005718       0x18 /Users/georgerosar/Documents/GitHub/iridescentCoconutSynth/gcc-arm-none-eabi-10.3-2021.10/bin/../lib/gcc/arm-none-eabi/10.3.1/thumb/v7e-m+dp/hard/crti.o
 .rel.text._ZN14EventResponder24triggerEventNotImmediateEv
                0x0000000000005730       0x20 /Users/georgerosar/Documents/GitHub/iridescentCoconutSynth/gcc-arm-none-eabi-10.3-2021.10/bin/../lib/gcc/arm-none-eabi/10.3.1/thumb/v7e-m+dp/hard/crti.o
 .rel.text._ZN14EventResponder16runFromInterruptEv
                0x0000000000005750       0x10 /Users/georgerosar/Documents/GitHub/iridescentCoconutSynth/gcc-arm-none-eabi-10.3-2021.10/bin/../lib/gcc/arm-none-eabi/10.3.1/thumb/v7e-m+dp/hard/crti.o
 .rel.text._ZN14EventResponder10clearEventEv
                0x0000000000005760       0x20 /Users/georgerosar/Documents/GitHub/iridescentCoconutSynth/gcc-arm-none-eabi-10.3-2021.10/bin/../lib/gcc/arm-none-eabi/10.3.1/thumb/v7e-m+dp/hard/crti.o
 .rel.text._ZN14EventResponder18detachNoInterruptsEv
                0x0000000000005780       0x20 /Users/georgerosar/Documents/GitHub/iridescentCoconutSynth/gcc-arm-none-eabi-10.3-2021.10/bin/../lib/gcc/arm-none-eabi/10.3.1/thumb/v7e-m+dp/hard/crti.o
 .rel.text._ZN11MillisTimer16addToWaitingListEv
                0x00000000000057a0        0x8 /Users/georgerosar/Documents/GitHub/iridescentCoconutSynth/gcc-arm-none-eabi-10.3-2021.10/bin/../lib/gcc/arm-none-eabi/10.3.1/thumb/v7e-m+dp/hard/crti.o
 .rel.text._ZN11MillisTimer15addToActiveListEv
                0x00000000000057a8        0x8 /Users/georgerosar/Documents/GitHub/iridescentCoconutSynth/gcc-arm-none-eabi-10.3-2021.10/bin/../lib/gcc/arm-none-eabi/10.3.1/thumb/v7e-m+dp/hard/crti.o
 .rel.text._ZN11MillisTimer3endEv
                0x00000000000057b0       0x10 /Users/georgerosar/Documents/GitHub/iridescentCoconutSynth/gcc-arm-none-eabi-10.3-2021.10/bin/../lib/gcc/arm-none-eabi/10.3.1/thumb/v7e-m+dp/hard/crti.o
 .rel.text._ZN11MillisTimer5beginEmR14EventResponder
                0x00000000000057c0        0x8 /Users/georgerosar/Documents/GitHub/iridescentCoconutSynth/gcc-arm-none-eabi-10.3-2021.10/bin/../lib/gcc/arm-none-eabi/10.3.1/thumb/v7e-m+dp/hard/crti.o
 .rel.text._ZN11MillisTimer14beginRepeatingEmR14EventResponder
                0x00000000000057c8        0x8 /Users/georgerosar/Documents/GitHub/iridescentCoconutSynth/gcc-arm-none-eabi-10.3-2021.10/bin/../lib/gcc/arm-none-eabi/10.3.1/thumb/v7e-m+dp/hard/crti.o
 .rel.text._ZN11MillisTimer12runFromTimerEv
                0x00000000000057d0       0x18 /Users/georgerosar/Documents/GitHub/iridescentCoconutSynth/gcc-arm-none-eabi-10.3-2021.10/bin/../lib/gcc/arm-none-eabi/10.3.1/thumb/v7e-m+dp/hard/crti.o
 .rel.text.systick_isr
                0x00000000000057e8       0x10 /Users/georgerosar/Documents/GitHub/iridescentCoconutSynth/gcc-arm-none-eabi-10.3-2021.10/bin/../lib/gcc/arm-none-eabi/10.3.1/thumb/v7e-m+dp/hard/crti.o
 .rel.text.systick_isr_with_timer_events
                0x00000000000057f8       0x10 /Users/georgerosar/Documents/GitHub/iridescentCoconutSynth/gcc-arm-none-eabi-10.3-2021.10/bin/../lib/gcc/arm-none-eabi/10.3.1/thumb/v7e-m+dp/hard/crti.o
 .rel.text._ZN14HardwareSerial5beginEmt
                0x0000000000005808       0x28 /Users/georgerosar/Documents/GitHub/iridescentCoconutSynth/gcc-arm-none-eabi-10.3-2021.10/bin/../lib/gcc/arm-none-eabi/10.3.1/thumb/v7e-m+dp/hard/crti.o
 .rel.text._ZN14HardwareSerial3endEv
                0x0000000000005830        0x8 /Users/georgerosar/Documents/GitHub/iridescentCoconutSynth/gcc-arm-none-eabi-10.3-2021.10/bin/../lib/gcc/arm-none-eabi/10.3.1/thumb/v7e-m+dp/hard/crti.o
 .rel.text._ZN14HardwareSerial17transmitterEnableEh
                0x0000000000005838        0x8 /Users/georgerosar/Documents/GitHub/iridescentCoconutSynth/gcc-arm-none-eabi-10.3-2021.10/bin/../lib/gcc/arm-none-eabi/10.3.1/thumb/v7e-m+dp/hard/crti.o
 .rel.text._ZN14HardwareSerial5setRXEh
                0x0000000000005840       0x10 /Users/georgerosar/Documents/GitHub/iridescentCoconutSynth/gcc-arm-none-eabi-10.3-2021.10/bin/../lib/gcc/arm-none-eabi/10.3.1/thumb/v7e-m+dp/hard/crti.o
 .rel.text._ZN14HardwareSerial5setTXEhb
                0x0000000000005850        0x8 /Users/georgerosar/Documents/GitHub/iridescentCoconutSynth/gcc-arm-none-eabi-10.3-2021.10/bin/../lib/gcc/arm-none-eabi/10.3.1/thumb/v7e-m+dp/hard/crti.o
 .rel.text._ZN14HardwareSerial9attachRtsEh
                0x0000000000005858        0x8 /Users/georgerosar/Documents/GitHub/iridescentCoconutSynth/gcc-arm-none-eabi-10.3-2021.10/bin/../lib/gcc/arm-none-eabi/10.3.1/thumb/v7e-m+dp/hard/crti.o
 .rel.text._ZN14HardwareSerial9attachCtsEh
                0x0000000000005860       0x10 /Users/georgerosar/Documents/GitHub/iridescentCoconutSynth/gcc-arm-none-eabi-10.3-2021.10/bin/../lib/gcc/arm-none-eabi/10.3.1/thumb/v7e-m+dp/hard/crti.o
 .rel.text._ZN14HardwareSerial21addToSerialEventsListEv
                0x0000000000005870       0x18 /Users/georgerosar/Documents/GitHub/iridescentCoconutSynth/gcc-arm-none-eabi-10.3-2021.10/bin/../lib/gcc/arm-none-eabi/10.3.1/thumb/v7e-m+dp/hard/crti.o
 .rel.text._ZN5Print5writeEPKhj
                0x0000000000005888        0x8 /Users/georgerosar/Documents/GitHub/iridescentCoconutSynth/gcc-arm-none-eabi-10.3-2021.10/bin/../lib/gcc/arm-none-eabi/10.3.1/thumb/v7e-m+dp/hard/crti.o
 .rel.text._ZN5Print11printNumberEmhh
                0x0000000000005890        0x8 /Users/georgerosar/Documents/GitHub/iridescentCoconutSynth/gcc-arm-none-eabi-10.3-2021.10/bin/../lib/gcc/arm-none-eabi/10.3.1/thumb/v7e-m+dp/hard/crti.o
 .rel.text._ZN5Print10printFloatEdh
                0x0000000000005898       0x18 /Users/georgerosar/Documents/GitHub/iridescentCoconutSynth/gcc-arm-none-eabi-10.3-2021.10/bin/../lib/gcc/arm-none-eabi/10.3.1/thumb/v7e-m+dp/hard/crti.o
 .rel.text._ZN6StringixEj
                0x00000000000058b0        0x8 /Users/georgerosar/Documents/GitHub/iridescentCoconutSynth/gcc-arm-none-eabi-10.3-2021.10/bin/../lib/gcc/arm-none-eabi/10.3.1/thumb/v7e-m+dp/hard/crti.o
 .rel.text.dtostrf
                0x00000000000058b8       0x10 /Users/georgerosar/Documents/GitHub/iridescentCoconutSynth/gcc-arm-none-eabi-10.3-2021.10/bin/../lib/gcc/arm-none-eabi/10.3.1/thumb/v7e-m+dp/hard/crti.o
 .rel.text.flexpwmWrite
                0x00000000000058c8        0x8 /Users/georgerosar/Documents/GitHub/iridescentCoconutSynth/gcc-arm-none-eabi-10.3-2021.10/bin/../lib/gcc/arm-none-eabi/10.3.1/thumb/v7e-m+dp/hard/crti.o
 .rel.text.flexpwmFrequency
                0x00000000000058d0        0x8 /Users/georgerosar/Documents/GitHub/iridescentCoconutSynth/gcc-arm-none-eabi-10.3-2021.10/bin/../lib/gcc/arm-none-eabi/10.3.1/thumb/v7e-m+dp/hard/crti.o
 .rel.text.quadtimerWrite
                0x00000000000058d8        0x8 /Users/georgerosar/Documents/GitHub/iridescentCoconutSynth/gcc-arm-none-eabi-10.3-2021.10/bin/../lib/gcc/arm-none-eabi/10.3.1/thumb/v7e-m+dp/hard/crti.o
 .rel.text.quadtimerFrequency
                0x00000000000058e0        0x8 /Users/georgerosar/Documents/GitHub/iridescentCoconutSynth/gcc-arm-none-eabi-10.3-2021.10/bin/../lib/gcc/arm-none-eabi/10.3.1/thumb/v7e-m+dp/hard/crti.o
 .rel.text.analogWrite
                0x00000000000058e8       0x18 /Users/georgerosar/Documents/GitHub/iridescentCoconutSynth/gcc-arm-none-eabi-10.3-2021.10/bin/../lib/gcc/arm-none-eabi/10.3.1/thumb/v7e-m+dp/hard/crti.o
 .rel.text.analogWriteFrequency
                0x0000000000005900        0x8 /Users/georgerosar/Documents/GitHub/iridescentCoconutSynth/gcc-arm-none-eabi-10.3-2021.10/bin/../lib/gcc/arm-none-eabi/10.3.1/thumb/v7e-m+dp/hard/crti.o
 .rel.text.analogWriteRes
                0x0000000000005908        0x8 /Users/georgerosar/Documents/GitHub/iridescentCoconutSynth/gcc-arm-none-eabi-10.3-2021.10/bin/../lib/gcc/arm-none-eabi/10.3.1/thumb/v7e-m+dp/hard/crti.o
 .rel.text.unused_interrupt_vector
                0x0000000000005910        0x8 /Users/georgerosar/Documents/GitHub/iridescentCoconutSynth/gcc-arm-none-eabi-10.3-2021.10/bin/../lib/gcc/arm-none-eabi/10.3.1/thumb/v7e-m+dp/hard/crti.o
 .rel.text._sbrk
                0x0000000000005918       0x10 /Users/georgerosar/Documents/GitHub/iridescentCoconutSynth/gcc-arm-none-eabi-10.3-2021.10/bin/../lib/gcc/arm-none-eabi/10.3.1/thumb/v7e-m+dp/hard/crti.o
 .rel.text.tempmonGetTemp
                0x0000000000005928       0x20 /Users/georgerosar/Documents/GitHub/iridescentCoconutSynth/gcc-arm-none-eabi-10.3-2021.10/bin/../lib/gcc/arm-none-eabi/10.3.1/thumb/v7e-m+dp/hard/crti.o
 .rel.text.endpoint0_receive
                0x0000000000005948       0x20 /Users/georgerosar/Documents/GitHub/iridescentCoconutSynth/gcc-arm-none-eabi-10.3-2021.10/bin/../lib/gcc/arm-none-eabi/10.3.1/thumb/v7e-m+dp/hard/crti.o
 .rel.text.endpoint0_transmit.constprop.0
                0x0000000000005968       0x20 /Users/georgerosar/Documents/GitHub/iridescentCoconutSynth/gcc-arm-none-eabi-10.3-2021.10/bin/../lib/gcc/arm-none-eabi/10.3.1/thumb/v7e-m+dp/hard/crti.o
 .rel.text.usb_start_sof_interrupts
                0x0000000000005988        0x8 /Users/georgerosar/Documents/GitHub/iridescentCoconutSynth/gcc-arm-none-eabi-10.3-2021.10/bin/../lib/gcc/arm-none-eabi/10.3.1/thumb/v7e-m+dp/hard/crti.o
 .rel.text.usb_stop_sof_interrupts
                0x0000000000005990        0x8 /Users/georgerosar/Documents/GitHub/iridescentCoconutSynth/gcc-arm-none-eabi-10.3-2021.10/bin/../lib/gcc/arm-none-eabi/10.3.1/thumb/v7e-m+dp/hard/crti.o
 .rel.text.usb_isr
                0x0000000000005998      0x118 /Users/georgerosar/Documents/GitHub/iridescentCoconutSynth/gcc-arm-none-eabi-10.3-2021.10/bin/../lib/gcc/arm-none-eabi/10.3.1/thumb/v7e-m+dp/hard/crti.o
 .rel.text.usb_config_rx
                0x0000000000005ab0       0x10 /Users/georgerosar/Documents/GitHub/iridescentCoconutSynth/gcc-arm-none-eabi-10.3-2021.10/bin/../lib/gcc/arm-none-eabi/10.3.1/thumb/v7e-m+dp/hard/crti.o
 .rel.text.usb_config_tx
                0x0000000000005ac0       0x10 /Users/georgerosar/Documents/GitHub/iridescentCoconutSynth/gcc-arm-none-eabi-10.3-2021.10/bin/../lib/gcc/arm-none-eabi/10.3.1/thumb/v7e-m+dp/hard/crti.o
 .rel.text.usb_config_rx_iso
                0x0000000000005ad0       0x10 /Users/georgerosar/Documents/GitHub/iridescentCoconutSynth/gcc-arm-none-eabi-10.3-2021.10/bin/../lib/gcc/arm-none-eabi/10.3.1/thumb/v7e-m+dp/hard/crti.o
 .rel.text.usb_config_tx_iso
                0x0000000000005ae0       0x10 /Users/georgerosar/Documents/GitHub/iridescentCoconutSynth/gcc-arm-none-eabi-10.3-2021.10/bin/../lib/gcc/arm-none-eabi/10.3.1/thumb/v7e-m+dp/hard/crti.o
 .rel.text.usb_transmit
                0x0000000000005af0        0x8 /Users/georgerosar/Documents/GitHub/iridescentCoconutSynth/gcc-arm-none-eabi-10.3-2021.10/bin/../lib/gcc/arm-none-eabi/10.3.1/thumb/v7e-m+dp/hard/crti.o
 .rel.text.usb_receive
                0x0000000000005af8        0x8 /Users/georgerosar/Documents/GitHub/iridescentCoconutSynth/gcc-arm-none-eabi-10.3-2021.10/bin/../lib/gcc/arm-none-eabi/10.3.1/thumb/v7e-m+dp/hard/crti.o
 .rel.text.usb_init_serialnumber
                0x0000000000005b00        0x8 /Users/georgerosar/Documents/GitHub/iridescentCoconutSynth/gcc-arm-none-eabi-10.3-2021.10/bin/../lib/gcc/arm-none-eabi/10.3.1/thumb/v7e-m+dp/hard/crti.o
 .rel.text.sysex_byte
                0x0000000000005b08       0x18 /Users/georgerosar/Documents/GitHub/iridescentCoconutSynth/gcc-arm-none-eabi-10.3-2021.10/bin/../lib/gcc/arm-none-eabi/10.3.1/thumb/v7e-m+dp/hard/crti.o
 .rel.text.rx_queue_transfer
                0x0000000000005b20       0x30 /Users/georgerosar/Documents/GitHub/iridescentCoconutSynth/gcc-arm-none-eabi-10.3-2021.10/bin/../lib/gcc/arm-none-eabi/10.3.1/thumb/v7e-m+dp/hard/crti.o
 .rel.text.rx_event
                0x0000000000005b50       0x70 /Users/georgerosar/Documents/GitHub/iridescentCoconutSynth/gcc-arm-none-eabi-10.3-2021.10/bin/../lib/gcc/arm-none-eabi/10.3.1/thumb/v7e-m+dp/hard/crti.o
 .rel.text.usb_midi_write_packed.part.0
                0x0000000000005bc0       0x48 /Users/georgerosar/Documents/GitHub/iridescentCoconutSynth/gcc-arm-none-eabi-10.3-2021.10/bin/../lib/gcc/arm-none-eabi/10.3.1/thumb/v7e-m+dp/hard/crti.o
 .rel.text.usb_midi_configure
                0x0000000000005c08       0x78 /Users/georgerosar/Documents/GitHub/iridescentCoconutSynth/gcc-arm-none-eabi-10.3-2021.10/bin/../lib/gcc/arm-none-eabi/10.3.1/thumb/v7e-m+dp/hard/crti.o
 .rel.text.usb_midi_write_packed
                0x0000000000005c80        0x8 /Users/georgerosar/Documents/GitHub/iridescentCoconutSynth/gcc-arm-none-eabi-10.3-2021.10/bin/../lib/gcc/arm-none-eabi/10.3.1/thumb/v7e-m+dp/hard/crti.o
 .rel.text.usb_midi_flush_output
                0x0000000000005c88       0x30 /Users/georgerosar/Documents/GitHub/iridescentCoconutSynth/gcc-arm-none-eabi-10.3-2021.10/bin/../lib/gcc/arm-none-eabi/10.3.1/thumb/v7e-m+dp/hard/crti.o
 .rel.text.usb_midi_send_sysex_buffer_has_term
                0x0000000000005cb8        0x8 /Users/georgerosar/Documents/GitHub/iridescentCoconutSynth/gcc-arm-none-eabi-10.3-2021.10/bin/../lib/gcc/arm-none-eabi/10.3.1/thumb/v7e-m+dp/hard/crti.o
 .rel.text.usb_midi_send_sysex_add_term_bytes
                0x0000000000005cc0        0x8 /Users/georgerosar/Documents/GitHub/iridescentCoconutSynth/gcc-arm-none-eabi-10.3-2021.10/bin/../lib/gcc/arm-none-eabi/10.3.1/thumb/v7e-m+dp/hard/crti.o
 .rel.text.usb_midi_available
                0x0000000000005cc8        0x8 /Users/georgerosar/Documents/GitHub/iridescentCoconutSynth/gcc-arm-none-eabi-10.3-2021.10/bin/../lib/gcc/arm-none-eabi/10.3.1/thumb/v7e-m+dp/hard/crti.o
 .rel.text.usb_midi_read_message
                0x0000000000005cd0       0x38 /Users/georgerosar/Documents/GitHub/iridescentCoconutSynth/gcc-arm-none-eabi-10.3-2021.10/bin/../lib/gcc/arm-none-eabi/10.3.1/thumb/v7e-m+dp/hard/crti.o
 .rel.text.usb_midi_read
                0x0000000000005d08      0x178 /Users/georgerosar/Documents/GitHub/iridescentCoconutSynth/gcc-arm-none-eabi-10.3-2021.10/bin/../lib/gcc/arm-none-eabi/10.3.1/thumb/v7e-m+dp/hard/crti.o
 .rel.text.usb_serial_flush_callback
                0x0000000000005e80       0x30 /Users/georgerosar/Documents/GitHub/iridescentCoconutSynth/gcc-arm-none-eabi-10.3-2021.10/bin/../lib/gcc/arm-none-eabi/10.3.1/thumb/v7e-m+dp/hard/crti.o
 .rel.text.usb_serial_write.part.0
                0x0000000000005eb0       0x40 /Users/georgerosar/Documents/GitHub/iridescentCoconutSynth/gcc-arm-none-eabi-10.3-2021.10/bin/../lib/gcc/arm-none-eabi/10.3.1/thumb/v7e-m+dp/hard/crti.o
 .rel.text.usb_serial_configure
                0x0000000000005ef0       0x78 /Users/georgerosar/Documents/GitHub/iridescentCoconutSynth/gcc-arm-none-eabi-10.3-2021.10/bin/../lib/gcc/arm-none-eabi/10.3.1/thumb/v7e-m+dp/hard/crti.o
 .rel.text.usb_serial_read
                0x0000000000005f68       0x38 /Users/georgerosar/Documents/GitHub/iridescentCoconutSynth/gcc-arm-none-eabi-10.3-2021.10/bin/../lib/gcc/arm-none-eabi/10.3.1/thumb/v7e-m+dp/hard/crti.o
 .rel.text.usb_serial_peekchar
                0x0000000000005fa0       0x28 /Users/georgerosar/Documents/GitHub/iridescentCoconutSynth/gcc-arm-none-eabi-10.3-2021.10/bin/../lib/gcc/arm-none-eabi/10.3.1/thumb/v7e-m+dp/hard/crti.o
 .rel.text.usb_serial_available
                0x0000000000005fc8        0x8 /Users/georgerosar/Documents/GitHub/iridescentCoconutSynth/gcc-arm-none-eabi-10.3-2021.10/bin/../lib/gcc/arm-none-eabi/10.3.1/thumb/v7e-m+dp/hard/crti.o
 .rel.text.usb_serial_flush_input
                0x0000000000005fd0       0x30 /Users/georgerosar/Documents/GitHub/iridescentCoconutSynth/gcc-arm-none-eabi-10.3-2021.10/bin/../lib/gcc/arm-none-eabi/10.3.1/thumb/v7e-m+dp/hard/crti.o
 .rel.text.usb_serial_putchar
                0x0000000000006000        0x8 /Users/georgerosar/Documents/GitHub/iridescentCoconutSynth/gcc-arm-none-eabi-10.3-2021.10/bin/../lib/gcc/arm-none-eabi/10.3.1/thumb/v7e-m+dp/hard/crti.o
 .rel.text.usb_serial_write
                0x0000000000006008        0x8 /Users/georgerosar/Documents/GitHub/iridescentCoconutSynth/gcc-arm-none-eabi-10.3-2021.10/bin/../lib/gcc/arm-none-eabi/10.3.1/thumb/v7e-m+dp/hard/crti.o
 .rel.text.usb_serial_write_buffer_free
                0x0000000000006010       0x18 /Users/georgerosar/Documents/GitHub/iridescentCoconutSynth/gcc-arm-none-eabi-10.3-2021.10/bin/../lib/gcc/arm-none-eabi/10.3.1/thumb/v7e-m+dp/hard/crti.o
 .rel.text.usb_serial_flush_output
                0x0000000000006028       0x30 /Users/georgerosar/Documents/GitHub/iridescentCoconutSynth/gcc-arm-none-eabi-10.3-2021.10/bin/../lib/gcc/arm-none-eabi/10.3.1/thumb/v7e-m+dp/hard/crti.o
 .rel.text._ZL10sync_eventP15transfer_struct
                0x0000000000006058       0x28 /Users/georgerosar/Documents/GitHub/iridescentCoconutSynth/gcc-arm-none-eabi-10.3-2021.10/bin/../lib/gcc/arm-none-eabi/10.3.1/thumb/v7e-m+dp/hard/crti.o
 .rel.text._ZN13AudioInputUSB6updateEv
                0x0000000000006080       0x30 /Users/georgerosar/Documents/GitHub/iridescentCoconutSynth/gcc-arm-none-eabi-10.3-2021.10/bin/../lib/gcc/arm-none-eabi/10.3.1/thumb/v7e-m+dp/hard/crti.o
 .rel.text._ZN14AudioOutputUSB6updateEv
                0x00000000000060b0       0x30 /Users/georgerosar/Documents/GitHub/iridescentCoconutSynth/gcc-arm-none-eabi-10.3-2021.10/bin/../lib/gcc/arm-none-eabi/10.3.1/thumb/v7e-m+dp/hard/crti.o
 .rel.text._ZN13AudioInputUSB5beginEv
                0x00000000000060e0       0x38 /Users/georgerosar/Documents/GitHub/iridescentCoconutSynth/gcc-arm-none-eabi-10.3-2021.10/bin/../lib/gcc/arm-none-eabi/10.3.1/thumb/v7e-m+dp/hard/crti.o
 .rel.text.usb_audio_receive_callback
                0x0000000000006118       0x40 /Users/georgerosar/Documents/GitHub/iridescentCoconutSynth/gcc-arm-none-eabi-10.3-2021.10/bin/../lib/gcc/arm-none-eabi/10.3.1/thumb/v7e-m+dp/hard/crti.o
 .rel.text._ZL8rx_eventP15transfer_struct
                0x0000000000006158       0x10 /Users/georgerosar/Documents/GitHub/iridescentCoconutSynth/gcc-arm-none-eabi-10.3-2021.10/bin/../lib/gcc/arm-none-eabi/10.3.1/thumb/v7e-m+dp/hard/crti.o
 .rel.text._ZN14AudioOutputUSB5beginEv
                0x0000000000006168       0x18 /Users/georgerosar/Documents/GitHub/iridescentCoconutSynth/gcc-arm-none-eabi-10.3-2021.10/bin/../lib/gcc/arm-none-eabi/10.3.1/thumb/v7e-m+dp/hard/crti.o
 .rel.text.usb_audio_transmit_callback
                0x0000000000006180       0x38 /Users/georgerosar/Documents/GitHub/iridescentCoconutSynth/gcc-arm-none-eabi-10.3-2021.10/bin/../lib/gcc/arm-none-eabi/10.3.1/thumb/v7e-m+dp/hard/crti.o
 .rel.text._ZL8tx_eventP15transfer_struct
                0x00000000000061b8       0x28 /Users/georgerosar/Documents/GitHub/iridescentCoconutSynth/gcc-arm-none-eabi-10.3-2021.10/bin/../lib/gcc/arm-none-eabi/10.3.1/thumb/v7e-m+dp/hard/crti.o
 .rel.text.usb_audio_configure
                0x00000000000061e0       0x68 /Users/georgerosar/Documents/GitHub/iridescentCoconutSynth/gcc-arm-none-eabi-10.3-2021.10/bin/../lib/gcc/arm-none-eabi/10.3.1/thumb/v7e-m+dp/hard/crti.o
 .rel.text.usb_audio_get_feature
                0x0000000000006248        0x8 /Users/georgerosar/Documents/GitHub/iridescentCoconutSynth/gcc-arm-none-eabi-10.3-2021.10/bin/../lib/gcc/arm-none-eabi/10.3.1/thumb/v7e-m+dp/hard/crti.o
 .rel.text.usb_audio_set_feature
                0x0000000000006250        0x8 /Users/georgerosar/Documents/GitHub/iridescentCoconutSynth/gcc-arm-none-eabi-10.3-2021.10/bin/../lib/gcc/arm-none-eabi/10.3.1/thumb/v7e-m+dp/hard/crti.o
 .rel.text.analogRead
                0x0000000000006258       0x10 /Users/georgerosar/Documents/GitHub/iridescentCoconutSynth/gcc-arm-none-eabi-10.3-2021.10/bin/../lib/gcc/arm-none-eabi/10.3.1/thumb/v7e-m+dp/hard/crti.o
 .rel.text.sm_set_default_pool
                0x0000000000006268        0x8 /Users/georgerosar/Documents/GitHub/iridescentCoconutSynth/gcc-arm-none-eabi-10.3-2021.10/bin/../lib/gcc/arm-none-eabi/10.3.1/thumb/v7e-m+dp/hard/crti.o
 .rel.text.sm_release_default_pool
                0x0000000000006270        0x8 /Users/georgerosar/Documents/GitHub/iridescentCoconutSynth/gcc-arm-none-eabi-10.3-2021.10/bin/../lib/gcc/arm-none-eabi/10.3.1/thumb/v7e-m+dp/hard/crti.o
 .rel.text._Z12software_isrv
                0x0000000000006278       0x18 /Users/georgerosar/Documents/GitHub/iridescentCoconutSynth/gcc-arm-none-eabi-10.3-2021.10/bin/../lib/gcc/arm-none-eabi/10.3.1/thumb/v7e-m+dp/hard/crti.o
 .rel.text._ZN11AudioStream8allocateEv
                0x0000000000006290       0x28 /Users/georgerosar/Documents/GitHub/iridescentCoconutSynth/gcc-arm-none-eabi-10.3-2021.10/bin/../lib/gcc/arm-none-eabi/10.3.1/thumb/v7e-m+dp/hard/crti.o
 .rel.text._ZN11AudioStream7releaseEP18audio_block_struct
                0x00000000000062b8       0x18 /Users/georgerosar/Documents/GitHub/iridescentCoconutSynth/gcc-arm-none-eabi-10.3-2021.10/bin/../lib/gcc/arm-none-eabi/10.3.1/thumb/v7e-m+dp/hard/crti.o
 .rel.text._ZN15AudioConnection10disconnectEv.part.0
                0x00000000000062d0        0x8 /Users/georgerosar/Documents/GitHub/iridescentCoconutSynth/gcc-arm-none-eabi-10.3-2021.10/bin/../lib/gcc/arm-none-eabi/10.3.1/thumb/v7e-m+dp/hard/crti.o
 .rel.text._ZN15AudioConnectionD2Ev
                0x00000000000062d8        0x8 /Users/georgerosar/Documents/GitHub/iridescentCoconutSynth/gcc-arm-none-eabi-10.3-2021.10/bin/../lib/gcc/arm-none-eabi/10.3.1/thumb/v7e-m+dp/hard/crti.o
 .rel.text._ZN15AudioConnection7connectEv
                0x00000000000062e0       0x10 /Users/georgerosar/Documents/GitHub/iridescentCoconutSynth/gcc-arm-none-eabi-10.3-2021.10/bin/../lib/gcc/arm-none-eabi/10.3.1/thumb/v7e-m+dp/hard/crti.o
 .rel.text._ZN15AudioConnectionC2ER11AudioStreamhS1_h
                0x00000000000062f0        0x8 /Users/georgerosar/Documents/GitHub/iridescentCoconutSynth/gcc-arm-none-eabi-10.3-2021.10/bin/../lib/gcc/arm-none-eabi/10.3.1/thumb/v7e-m+dp/hard/crti.o
 .rel.text._ZN15AudioConnectionC2ER11AudioStreamS1_
                0x00000000000062f8        0x8 /Users/georgerosar/Documents/GitHub/iridescentCoconutSynth/gcc-arm-none-eabi-10.3-2021.10/bin/../lib/gcc/arm-none-eabi/10.3.1/thumb/v7e-m+dp/hard/crti.o
 .rel.text._ZN11AudioStream12update_setupEv
                0x0000000000006300       0x18 /Users/georgerosar/Documents/GitHub/iridescentCoconutSynth/gcc-arm-none-eabi-10.3-2021.10/bin/../lib/gcc/arm-none-eabi/10.3.1/thumb/v7e-m+dp/hard/crti.o
 .rel.text._ZN11AudioStream11update_stopEv
                0x0000000000006318        0x8 /Users/georgerosar/Documents/GitHub/iridescentCoconutSynth/gcc-arm-none-eabi-10.3-2021.10/bin/../lib/gcc/arm-none-eabi/10.3.1/thumb/v7e-m+dp/hard/crti.o
 .rel.text._ZL7pit_isrv
                0x0000000000006320        0x8 /Users/georgerosar/Documents/GitHub/iridescentCoconutSynth/gcc-arm-none-eabi-10.3-2021.10/bin/../lib/gcc/arm-none-eabi/10.3.1/thumb/v7e-m+dp/hard/crti.o
 .rel.text._ZN13IntervalTimer11beginCyclesEPFvvEm
                0x0000000000006328       0x20 /Users/georgerosar/Documents/GitHub/iridescentCoconutSynth/gcc-arm-none-eabi-10.3-2021.10/bin/../lib/gcc/arm-none-eabi/10.3.1/thumb/v7e-m+dp/hard/crti.o
 .rel.text._ZN13IntervalTimer3endEv
                0x0000000000006348       0x10 /Users/georgerosar/Documents/GitHub/iridescentCoconutSynth/gcc-arm-none-eabi-10.3-2021.10/bin/../lib/gcc/arm-none-eabi/10.3.1/thumb/v7e-m+dp/hard/crti.o
 *(.rel.fini)
 *(.rel.rodata .rel.rodata.* .rel.gnu.linkonce.r.*)
 .rel.rodata._ZTV14HardwareSerial
                0x0000000000006358       0x38 /Users/georgerosar/Documents/GitHub/iridescentCoconutSynth/gcc-arm-none-eabi-10.3-2021.10/bin/../lib/gcc/arm-none-eabi/10.3.1/thumb/v7e-m+dp/hard/crti.o
 .rel.rodata._ZTV5Print
                0x0000000000006390       0x20 /Users/georgerosar/Documents/GitHub/iridescentCoconutSynth/gcc-arm-none-eabi-10.3-2021.10/bin/../lib/gcc/arm-none-eabi/10.3.1/thumb/v7e-m+dp/hard/crti.o
 .rel.rodata.usb_descriptor_list
                0x00000000000063b0       0x40 /Users/georgerosar/Documents/GitHub/iridescentCoconutSynth/gcc-arm-none-eabi-10.3-2021.10/bin/../lib/gcc/arm-none-eabi/10.3.1/thumb/v7e-m+dp/hard/crti.o
 .rel.rodata._ZTV13AudioInputUSB
                0x00000000000063f0        0x8 /Users/georgerosar/Documents/GitHub/iridescentCoconutSynth/gcc-arm-none-eabi-10.3-2021.10/bin/../lib/gcc/arm-none-eabi/10.3.1/thumb/v7e-m+dp/hard/crti.o
 .rel.rodata._ZTV14AudioOutputUSB
                0x00000000000063f8        0x8 /Users/georgerosar/Documents/GitHub/iridescentCoconutSynth/gcc-arm-none-eabi-10.3-2021.10/bin/../lib/gcc/arm-none-eabi/10.3.1/thumb/v7e-m+dp/hard/crti.o
 *(.rel.data.rel.ro .rel.data.rel.ro.* .rel.gnu.linkonce.d.rel.ro.*)
 *(.rel.data .rel.data.* .rel.gnu.linkonce.d.*)
 .rel.data.__brkval
                0x0000000000006400        0x8 /Users/georgerosar/Documents/GitHub/iridescentCoconutSynth/gcc-arm-none-eabi-10.3-2021.10/bin/../lib/gcc/arm-none-eabi/10.3.1/thumb/v7e-m+dp/hard/crti.o
 *(.rel.tdata .rel.tdata.* .rel.gnu.linkonce.td.*)
 *(.rel.tbss .rel.tbss.* .rel.gnu.linkonce.tb.*)
 *(.rel.ctors)
 *(.rel.dtors)
 *(.rel.got)
 .rel.got       0x0000000000006408        0x0 /Users/georgerosar/Documents/GitHub/iridescentCoconutSynth/gcc-arm-none-eabi-10.3-2021.10/bin/../lib/gcc/arm-none-eabi/10.3.1/thumb/v7e-m+dp/hard/crti.o
 *(.rel.bss .rel.bss.* .rel.gnu.linkonce.b.*)
 *(.rel.iplt)
 .rel.iplt      0x0000000000006408        0x0 /Users/georgerosar/Documents/GitHub/iridescentCoconutSynth/gcc-arm-none-eabi-10.3-2021.10/bin/../lib/gcc/arm-none-eabi/10.3.1/thumb/v7e-m+dp/hard/crti.o
 .rel.init_array
                0x0000000000006408        0x8 /Users/georgerosar/Documents/GitHub/iridescentCoconutSynth/gcc-arm-none-eabi-10.3-2021.10/bin/../lib/gcc/arm-none-eabi/10.3.1/thumb/v7e-m+dp/hard/crti.o
 .rel.fini_array
                0x0000000000006410        0x8 /Users/georgerosar/Documents/GitHub/iridescentCoconutSynth/gcc-arm-none-eabi-10.3-2021.10/bin/../lib/gcc/arm-none-eabi/10.3.1/thumb/v7e-m+dp/hard/crti.o
 .rel.flashmem  0x0000000000006418      0x100 /Users/georgerosar/Documents/GitHub/iridescentCoconutSynth/gcc-arm-none-eabi-10.3-2021.10/bin/../lib/gcc/arm-none-eabi/10.3.1/thumb/v7e-m+dp/hard/crti.o
 .rel.startup   0x0000000000006518       0x80 /Users/georgerosar/Documents/GitHub/iridescentCoconutSynth/gcc-arm-none-eabi-10.3-2021.10/bin/../lib/gcc/arm-none-eabi/10.3.1/thumb/v7e-m+dp/hard/crti.o

.rela.dyn
 *(.rela.init)
 *(.rela.text .rela.text.* .rela.gnu.linkonce.t.*)
 *(.rela.fini)
 *(.rela.rodata .rela.rodata.* .rela.gnu.linkonce.r.*)
 *(.rela.data .rela.data.* .rela.gnu.linkonce.d.*)
 *(.rela.tdata .rela.tdata.* .rela.gnu.linkonce.td.*)
 *(.rela.tbss .rela.tbss.* .rela.gnu.linkonce.tb.*)
 *(.rela.ctors)
 *(.rela.dtors)
 *(.rela.got)
 *(.rela.bss .rela.bss.* .rela.gnu.linkonce.b.*)
 *(.rela.iplt)

.rel.plt        0x0000000000006598      0x388
 *(.rel.plt)
 .rel.plt       0x0000000000006598      0x388 /Users/georgerosar/Documents/GitHub/iridescentCoconutSynth/gcc-arm-none-eabi-10.3-2021.10/bin/../lib/gcc/arm-none-eabi/10.3.1/thumb/v7e-m+dp/hard/crti.o

.rela.plt
 *(.rela.plt)

.init           0x0000000000006920        0xc
 *(SORT_NONE(.init))
 .init          0x0000000000006920        0x4 /Users/georgerosar/Documents/GitHub/iridescentCoconutSynth/gcc-arm-none-eabi-10.3-2021.10/bin/../lib/gcc/arm-none-eabi/10.3.1/thumb/v7e-m+dp/hard/crti.o
                0x0000000000006920                _init
 .init          0x0000000000006924        0x8 /Users/georgerosar/Documents/GitHub/iridescentCoconutSynth/gcc-arm-none-eabi-10.3-2021.10/bin/../lib/gcc/arm-none-eabi/10.3.1/thumb/v7e-m+dp/hard/crtn.o

.plt            0x000000000000692c      0x720
 *(.plt)
 .plt           0x000000000000692c      0x720 /Users/georgerosar/Documents/GitHub/iridescentCoconutSynth/gcc-arm-none-eabi-10.3-2021.10/bin/../lib/gcc/arm-none-eabi/10.3.1/thumb/v7e-m+dp/hard/crti.o

.iplt           0x000000000000704c        0x0
 *(.iplt)
 .iplt          0x000000000000704c        0x0 /Users/georgerosar/Documents/GitHub/iridescentCoconutSynth/gcc-arm-none-eabi-10.3-2021.10/bin/../lib/gcc/arm-none-eabi/10.3.1/thumb/v7e-m+dp/hard/crti.o

.text           0x0000000000007050     0x7ae0
 *(.text.unlikely .text.*_unlikely .text.unlikely.*)
 .text.unlikely.abort
                0x0000000000007050        0x4 /Users/georgerosar/Documents/GitHub/iridescentCoconutSynth/gcc-arm-none-eabi-10.3-2021.10/lib/gcc/arm-none-eabi/10.3.1/thumb/v7e-m+dp/hard/libTeensy41Core.a(startup.o)
                0x0000000000007050                abort
 *(.text.exit .text.exit.*)
 *(.text.startup .text.startup.*)
 .text.startup.main
                0x0000000000007054       0x2c /Users/georgerosar/Documents/GitHub/iridescentCoconutSynth/gcc-arm-none-eabi-10.3-2021.10/lib/gcc/arm-none-eabi/10.3.1/thumb/v7e-m+dp/hard/libTeensy41Core.a(main.o)
                0x0000000000007054                main
 *(.text.hot .text.hot.*)
 *(SORT_BY_NAME(.text.sorted.*))
 *(.text .stub .text.* .gnu.linkonce.t.*)
 .text          0x0000000000007080       0x40 /Users/georgerosar/Documents/GitHub/iridescentCoconutSynth/gcc-arm-none-eabi-10.3-2021.10/bin/../lib/gcc/arm-none-eabi/10.3.1/thumb/v7e-m+dp/hard/crtbegin.o
 .text          0x00000000000070c0       0x7c /Users/georgerosar/Documents/GitHub/iridescentCoconutSynth/gcc-arm-none-eabi-10.3-2021.10/bin/../lib/gcc/arm-none-eabi/10.3.1/../../../../arm-none-eabi/lib/thumb/v7e-m+dp/hard/crt0.o
                0x00000000000070c0                _stack_init
                0x00000000000070c8                _mainCRTStartup
                0x00000000000070c8                _start
 .text.memcpy   0x000000000000713c       0x4e /Users/georgerosar/Documents/GitHub/iridescentCoconutSynth/gcc-arm-none-eabi-10.3-2021.10/lib/gcc/arm-none-eabi/10.3.1/thumb/v7e-m+dp/hard/libmicropythonTeensy.a(string0.o)
                0x000000000000713c                memcpy
 .text.__memcpy_chk
                0x000000000000718a        0xc /Users/georgerosar/Documents/GitHub/iridescentCoconutSynth/gcc-arm-none-eabi-10.3-2021.10/lib/gcc/arm-none-eabi/10.3.1/thumb/v7e-m+dp/hard/libmicropythonTeensy.a(string0.o)
                0x000000000000718a                __memcpy_chk
 .text.memmove  0x0000000000007196       0x30 /Users/georgerosar/Documents/GitHub/iridescentCoconutSynth/gcc-arm-none-eabi-10.3-2021.10/lib/gcc/arm-none-eabi/10.3.1/thumb/v7e-m+dp/hard/libmicropythonTeensy.a(string0.o)
                0x0000000000007196                memmove
 .text.memset   0x00000000000071c6       0x44 /Users/georgerosar/Documents/GitHub/iridescentCoconutSynth/gcc-arm-none-eabi-10.3-2021.10/lib/gcc/arm-none-eabi/10.3.1/thumb/v7e-m+dp/hard/libmicropythonTeensy.a(string0.o)
                0x00000000000071c6                memset
 .text.memcmp   0x000000000000720a       0x24 /Users/georgerosar/Documents/GitHub/iridescentCoconutSynth/gcc-arm-none-eabi-10.3-2021.10/lib/gcc/arm-none-eabi/10.3.1/thumb/v7e-m+dp/hard/libmicropythonTeensy.a(string0.o)
                0x000000000000720a                memcmp
 .text.memchr   0x000000000000722e       0x1e /Users/georgerosar/Documents/GitHub/iridescentCoconutSynth/gcc-arm-none-eabi-10.3-2021.10/lib/gcc/arm-none-eabi/10.3.1/thumb/v7e-m+dp/hard/libmicropythonTeensy.a(string0.o)
                0x000000000000722e                memchr
 .text.strlen   0x000000000000724c        0xe /Users/georgerosar/Documents/GitHub/iridescentCoconutSynth/gcc-arm-none-eabi-10.3-2021.10/lib/gcc/arm-none-eabi/10.3.1/thumb/v7e-m+dp/hard/libmicropythonTeensy.a(string0.o)
                0x000000000000724c                strlen
 .text.strcmp   0x000000000000725a       0x2c /Users/georgerosar/Documents/GitHub/iridescentCoconutSynth/gcc-arm-none-eabi-10.3-2021.10/lib/gcc/arm-none-eabi/10.3.1/thumb/v7e-m+dp/hard/libmicropythonTeensy.a(string0.o)
                0x000000000000725a                strcmp
 .text.strncmp  0x0000000000007286       0x40 /Users/georgerosar/Documents/GitHub/iridescentCoconutSynth/gcc-arm-none-eabi-10.3-2021.10/lib/gcc/arm-none-eabi/10.3.1/thumb/v7e-m+dp/hard/libmicropythonTeensy.a(string0.o)
                0x0000000000007286                strncmp
 .text.strcpy   0x00000000000072c6       0x14 /Users/georgerosar/Documents/GitHub/iridescentCoconutSynth/gcc-arm-none-eabi-10.3-2021.10/lib/gcc/arm-none-eabi/10.3.1/thumb/v7e-m+dp/hard/libmicropythonTeensy.a(string0.o)
                0x00000000000072c6                strcpy
 .text.strncpy  0x00000000000072da       0x1e /Users/georgerosar/Documents/GitHub/iridescentCoconutSynth/gcc-arm-none-eabi-10.3-2021.10/lib/gcc/arm-none-eabi/10.3.1/thumb/v7e-m+dp/hard/libmicropythonTeensy.a(string0.o)
                0x00000000000072da                strncpy
 .text.stpcpy   0x00000000000072f8       0x12 /Users/georgerosar/Documents/GitHub/iridescentCoconutSynth/gcc-arm-none-eabi-10.3-2021.10/lib/gcc/arm-none-eabi/10.3.1/thumb/v7e-m+dp/hard/libmicropythonTeensy.a(string0.o)
                0x00000000000072f8                stpcpy
 .text.strcat   0x000000000000730a       0x20 /Users/georgerosar/Documents/GitHub/iridescentCoconutSynth/gcc-arm-none-eabi-10.3-2021.10/lib/gcc/arm-none-eabi/10.3.1/thumb/v7e-m+dp/hard/libmicropythonTeensy.a(string0.o)
                0x000000000000730a                strcat
 .text.strchr   0x000000000000732a       0x1a /Users/georgerosar/Documents/GitHub/iridescentCoconutSynth/gcc-arm-none-eabi-10.3-2021.10/lib/gcc/arm-none-eabi/10.3.1/thumb/v7e-m+dp/hard/libmicropythonTeensy.a(string0.o)
                0x000000000000732a                strchr
 .text.strstr   0x0000000000007344       0x32 /Users/georgerosar/Documents/GitHub/iridescentCoconutSynth/gcc-arm-none-eabi-10.3-2021.10/lib/gcc/arm-none-eabi/10.3.1/thumb/v7e-m+dp/hard/libmicropythonTeensy.a(string0.o)
                0x0000000000007344                strstr
 .text.strspn   0x0000000000007376       0x1e /Users/georgerosar/Documents/GitHub/iridescentCoconutSynth/gcc-arm-none-eabi-10.3-2021.10/lib/gcc/arm-none-eabi/10.3.1/thumb/v7e-m+dp/hard/libmicropythonTeensy.a(string0.o)
                0x0000000000007376                strspn
 .text.strcspn  0x0000000000007394       0x1e /Users/georgerosar/Documents/GitHub/iridescentCoconutSynth/gcc-arm-none-eabi-10.3-2021.10/lib/gcc/arm-none-eabi/10.3.1/thumb/v7e-m+dp/hard/libmicropythonTeensy.a(string0.o)
                0x0000000000007394                strcspn
 *fill*         0x00000000000073b2        0x2 
 .text.delay    0x00000000000073b4       0xac /Users/georgerosar/Documents/GitHub/iridescentCoconutSynth/gcc-arm-none-eabi-10.3-2021.10/lib/gcc/arm-none-eabi/10.3.1/thumb/v7e-m+dp/hard/libTeensy41Core.a(delay.o)
                0x00000000000073b4                delay
 .text.micros   0x0000000000007460       0x54 /Users/georgerosar/Documents/GitHub/iridescentCoconutSynth/gcc-arm-none-eabi-10.3-2021.10/lib/gcc/arm-none-eabi/10.3.1/thumb/v7e-m+dp/hard/libTeensy41Core.a(delay.o)
                0x0000000000007460                micros
 .text.digitalWrite.part.0
                0x00000000000074b4       0x50 /Users/georgerosar/Documents/GitHub/iridescentCoconutSynth/gcc-arm-none-eabi-10.3-2021.10/lib/gcc/arm-none-eabi/10.3.1/thumb/v7e-m+dp/hard/libTeensy41Core.a(digital.o)
 .text.digitalWrite
                0x0000000000007504       0x54 /Users/georgerosar/Documents/GitHub/iridescentCoconutSynth/gcc-arm-none-eabi-10.3-2021.10/lib/gcc/arm-none-eabi/10.3.1/thumb/v7e-m+dp/hard/libTeensy41Core.a(digital.o)
                0x0000000000007504                digitalWrite
 .text.digitalToggle
                0x0000000000007558       0x1c /Users/georgerosar/Documents/GitHub/iridescentCoconutSynth/gcc-arm-none-eabi-10.3-2021.10/lib/gcc/arm-none-eabi/10.3.1/thumb/v7e-m+dp/hard/libTeensy41Core.a(digital.o)
                0x0000000000007558                digitalToggle
 .text.digitalRead
                0x0000000000007574       0x24 /Users/georgerosar/Documents/GitHub/iridescentCoconutSynth/gcc-arm-none-eabi-10.3-2021.10/lib/gcc/arm-none-eabi/10.3.1/thumb/v7e-m+dp/hard/libTeensy41Core.a(digital.o)
                0x0000000000007574                digitalRead
 .text.pinMode  0x0000000000007598       0x70 /Users/georgerosar/Documents/GitHub/iridescentCoconutSynth/gcc-arm-none-eabi-10.3-2021.10/lib/gcc/arm-none-eabi/10.3.1/thumb/v7e-m+dp/hard/libTeensy41Core.a(digital.o)
                0x0000000000007598                pinMode
 .text.shiftOut_lsbFirst
                0x0000000000007608      0x15c /Users/georgerosar/Documents/GitHub/iridescentCoconutSynth/gcc-arm-none-eabi-10.3-2021.10/lib/gcc/arm-none-eabi/10.3.1/thumb/v7e-m+dp/hard/libTeensy41Core.a(digital.o)
                0x0000000000007608                shiftOut_lsbFirst
 .text.shiftOut_msbFirst
                0x0000000000007764        0xc /Users/georgerosar/Documents/GitHub/iridescentCoconutSynth/gcc-arm-none-eabi-10.3-2021.10/lib/gcc/arm-none-eabi/10.3.1/thumb/v7e-m+dp/hard/libTeensy41Core.a(digital.o)
                0x0000000000007764                shiftOut_msbFirst
 .text._shiftOut
                0x0000000000007770       0x10 /Users/georgerosar/Documents/GitHub/iridescentCoconutSynth/gcc-arm-none-eabi-10.3-2021.10/lib/gcc/arm-none-eabi/10.3.1/thumb/v7e-m+dp/hard/libTeensy41Core.a(digital.o)
                0x0000000000007770                _shiftOut
 .text.shiftIn_lsbFirst
                0x0000000000007780       0xac /Users/georgerosar/Documents/GitHub/iridescentCoconutSynth/gcc-arm-none-eabi-10.3-2021.10/lib/gcc/arm-none-eabi/10.3.1/thumb/v7e-m+dp/hard/libTeensy41Core.a(digital.o)
                0x0000000000007780                shiftIn_lsbFirst
 .text.shiftIn_msbFirst
                0x000000000000782c       0xa8 /Users/georgerosar/Documents/GitHub/iridescentCoconutSynth/gcc-arm-none-eabi-10.3-2021.10/lib/gcc/arm-none-eabi/10.3.1/thumb/v7e-m+dp/hard/libTeensy41Core.a(digital.o)
                0x000000000000782c                shiftIn_msbFirst
 .text._shiftIn
                0x00000000000078d4        0xc /Users/georgerosar/Documents/GitHub/iridescentCoconutSynth/gcc-arm-none-eabi-10.3-2021.10/lib/gcc/arm-none-eabi/10.3.1/thumb/v7e-m+dp/hard/libTeensy41Core.a(digital.o)
                0x00000000000078d4                _shiftIn
 .text.pulseIn_high
                0x00000000000078e0       0x70 /Users/georgerosar/Documents/GitHub/iridescentCoconutSynth/gcc-arm-none-eabi-10.3-2021.10/lib/gcc/arm-none-eabi/10.3.1/thumb/v7e-m+dp/hard/libTeensy41Core.a(digital.o)
                0x00000000000078e0                pulseIn_high
 .text.pulseIn_low
                0x0000000000007950       0x70 /Users/georgerosar/Documents/GitHub/iridescentCoconutSynth/gcc-arm-none-eabi-10.3-2021.10/lib/gcc/arm-none-eabi/10.3.1/thumb/v7e-m+dp/hard/libTeensy41Core.a(digital.o)
                0x0000000000007950                pulseIn_low
 .text.pulseIn  0x00000000000079c0       0x18 /Users/georgerosar/Documents/GitHub/iridescentCoconutSynth/gcc-arm-none-eabi-10.3-2021.10/lib/gcc/arm-none-eabi/10.3.1/thumb/v7e-m+dp/hard/libTeensy41Core.a(digital.o)
                0x00000000000079c0                pulseIn
 .text.yield    0x00000000000079d8       0xc0 /Users/georgerosar/Documents/GitHub/iridescentCoconutSynth/gcc-arm-none-eabi-10.3-2021.10/lib/gcc/arm-none-eabi/10.3.1/thumb/v7e-m+dp/hard/libTeensy41Core.a(yield.o)
                0x00000000000079d8                yield
 .text.set_arm_clock
                0x0000000000007a98      0x2d8 /Users/georgerosar/Documents/GitHub/iridescentCoconutSynth/gcc-arm-none-eabi-10.3-2021.10/lib/gcc/arm-none-eabi/10.3.1/thumb/v7e-m+dp/hard/libTeensy41Core.a(clockspeed.o)
                0x0000000000007a98                set_arm_clock
 .text._ZN14EventResponder24triggerEventNotImmediateEv
                0x0000000000007d70       0x88 /Users/georgerosar/Documents/GitHub/iridescentCoconutSynth/gcc-arm-none-eabi-10.3-2021.10/lib/gcc/arm-none-eabi/10.3.1/thumb/v7e-m+dp/hard/libTeensy41Core.a(EventResponder.o)
                0x0000000000007d70                EventResponder::triggerEventNotImmediate()
 .text._ZN14EventResponder12triggerEventEiPv
                0x0000000000007df8       0x18 /Users/georgerosar/Documents/GitHub/iridescentCoconutSynth/gcc-arm-none-eabi-10.3-2021.10/lib/gcc/arm-none-eabi/10.3.1/thumb/v7e-m+dp/hard/libTeensy41Core.a(EventResponder.o)
                0x0000000000007df8                EventResponder::triggerEvent(int, void*)
 .text._ZN14EventResponder16runFromInterruptEv
                0x0000000000007e10       0x44 /Users/georgerosar/Documents/GitHub/iridescentCoconutSynth/gcc-arm-none-eabi-10.3-2021.10/lib/gcc/arm-none-eabi/10.3.1/thumb/v7e-m+dp/hard/libTeensy41Core.a(EventResponder.o)
                0x0000000000007e10                EventResponder::runFromInterrupt()
 .text.pendablesrvreq_isr
                0x0000000000007e54        0x4 /Users/georgerosar/Documents/GitHub/iridescentCoconutSynth/gcc-arm-none-eabi-10.3-2021.10/lib/gcc/arm-none-eabi/10.3.1/thumb/v7e-m+dp/hard/libTeensy41Core.a(EventResponder.o)
                0x0000000000007e54                pendablesrvreq_isr
 .text._ZN14EventResponder10clearEventEv
                0x0000000000007e58       0x74 /Users/georgerosar/Documents/GitHub/iridescentCoconutSynth/gcc-arm-none-eabi-10.3-2021.10/lib/gcc/arm-none-eabi/10.3.1/thumb/v7e-m+dp/hard/libTeensy41Core.a(EventResponder.o)
                0x0000000000007e58                EventResponder::clearEvent()
 .text._ZN14EventResponder18detachNoInterruptsEv
                0x0000000000007ecc       0x64 /Users/georgerosar/Documents/GitHub/iridescentCoconutSynth/gcc-arm-none-eabi-10.3-2021.10/lib/gcc/arm-none-eabi/10.3.1/thumb/v7e-m+dp/hard/libTeensy41Core.a(EventResponder.o)
                0x0000000000007ecc                EventResponder::detachNoInterrupts()
 .text._ZN11MillisTimer16addToWaitingListEv
                0x0000000000007f30       0x24 /Users/georgerosar/Documents/GitHub/iridescentCoconutSynth/gcc-arm-none-eabi-10.3-2021.10/lib/gcc/arm-none-eabi/10.3.1/thumb/v7e-m+dp/hard/libTeensy41Core.a(EventResponder.o)
                0x0000000000007f30                MillisTimer::addToWaitingList()
 .text._ZN11MillisTimer15addToActiveListEv
                0x0000000000007f54       0x74 /Users/georgerosar/Documents/GitHub/iridescentCoconutSynth/gcc-arm-none-eabi-10.3-2021.10/lib/gcc/arm-none-eabi/10.3.1/thumb/v7e-m+dp/hard/libTeensy41Core.a(EventResponder.o)
                0x0000000000007f54                MillisTimer::addToActiveList()
 .text._ZN11MillisTimer3endEv
                0x0000000000007fc8       0x84 /Users/georgerosar/Documents/GitHub/iridescentCoconutSynth/gcc-arm-none-eabi-10.3-2021.10/lib/gcc/arm-none-eabi/10.3.1/thumb/v7e-m+dp/hard/libTeensy41Core.a(EventResponder.o)
                0x0000000000007fc8                MillisTimer::end()
 .text._ZN11MillisTimer5beginEmR14EventResponder
                0x000000000000804c       0x4c /Users/georgerosar/Documents/GitHub/iridescentCoconutSynth/gcc-arm-none-eabi-10.3-2021.10/lib/gcc/arm-none-eabi/10.3.1/thumb/v7e-m+dp/hard/libTeensy41Core.a(EventResponder.o)
                0x000000000000804c                MillisTimer::begin(unsigned long, EventResponder&)
 .text._ZN11MillisTimer14beginRepeatingEmR14EventResponder
                0x0000000000008098       0x50 /Users/georgerosar/Documents/GitHub/iridescentCoconutSynth/gcc-arm-none-eabi-10.3-2021.10/lib/gcc/arm-none-eabi/10.3.1/thumb/v7e-m+dp/hard/libTeensy41Core.a(EventResponder.o)
                0x0000000000008098                MillisTimer::beginRepeating(unsigned long, EventResponder&)
 .text._ZN11MillisTimer12runFromTimerEv
                0x00000000000080e8       0x94 /Users/georgerosar/Documents/GitHub/iridescentCoconutSynth/gcc-arm-none-eabi-10.3-2021.10/lib/gcc/arm-none-eabi/10.3.1/thumb/v7e-m+dp/hard/libTeensy41Core.a(EventResponder.o)
                0x00000000000080e8                MillisTimer::runFromTimer()
 .text.systick_isr
                0x000000000000817c       0x20 /Users/georgerosar/Documents/GitHub/iridescentCoconutSynth/gcc-arm-none-eabi-10.3-2021.10/lib/gcc/arm-none-eabi/10.3.1/thumb/v7e-m+dp/hard/libTeensy41Core.a(EventResponder.o)
                0x000000000000817c                systick_isr
 .text.systick_isr_with_timer_events
                0x000000000000819c       0x20 /Users/georgerosar/Documents/GitHub/iridescentCoconutSynth/gcc-arm-none-eabi-10.3-2021.10/lib/gcc/arm-none-eabi/10.3.1/thumb/v7e-m+dp/hard/libTeensy41Core.a(EventResponder.o)
                0x000000000000819c                systick_isr_with_timer_events
 .text._ZN14HardwareSerial17availableForWriteEv
                0x00000000000081bc       0x20 /Users/georgerosar/Documents/GitHub/iridescentCoconutSynth/gcc-arm-none-eabi-10.3-2021.10/lib/gcc/arm-none-eabi/10.3.1/thumb/v7e-m+dp/hard/libTeensy41Core.a(HardwareSerial.o)
                0x00000000000081bc                HardwareSerial::availableForWrite()
 .text._ZN14HardwareSerial9availableEv
                0x00000000000081dc       0x28 /Users/georgerosar/Documents/GitHub/iridescentCoconutSynth/gcc-arm-none-eabi-10.3-2021.10/lib/gcc/arm-none-eabi/10.3.1/thumb/v7e-m+dp/hard/libTeensy41Core.a(HardwareSerial.o)
                0x00000000000081dc                HardwareSerial::available()
 .text._ZN14HardwareSerial4peekEv
                0x0000000000008204       0x74 /Users/georgerosar/Documents/GitHub/iridescentCoconutSynth/gcc-arm-none-eabi-10.3-2021.10/lib/gcc/arm-none-eabi/10.3.1/thumb/v7e-m+dp/hard/libTeensy41Core.a(HardwareSerial.o)
                0x0000000000008204                HardwareSerial::peek()
 .text._ZN14HardwareSerial4readEv
                0x0000000000008278       0x90 /Users/georgerosar/Documents/GitHub/iridescentCoconutSynth/gcc-arm-none-eabi-10.3-2021.10/lib/gcc/arm-none-eabi/10.3.1/thumb/v7e-m+dp/hard/libTeensy41Core.a(HardwareSerial.o)
                0x0000000000008278                HardwareSerial::read()
 .text._ZN14HardwareSerial5flushEv
                0x0000000000008308       0x1c /Users/georgerosar/Documents/GitHub/iridescentCoconutSynth/gcc-arm-none-eabi-10.3-2021.10/lib/gcc/arm-none-eabi/10.3.1/thumb/v7e-m+dp/hard/libTeensy41Core.a(HardwareSerial.o)
                0x0000000000008308                HardwareSerial::flush()
 .text._Z23nvic_execution_priorityv
                0x0000000000008324       0x40 /Users/georgerosar/Documents/GitHub/iridescentCoconutSynth/gcc-arm-none-eabi-10.3-2021.10/lib/gcc/arm-none-eabi/10.3.1/thumb/v7e-m+dp/hard/libTeensy41Core.a(HardwareSerial.o)
                0x0000000000008324                nvic_execution_priority()
 .text._ZN14HardwareSerial5beginEmt
                0x0000000000008364      0x29c /Users/georgerosar/Documents/GitHub/iridescentCoconutSynth/gcc-arm-none-eabi-10.3-2021.10/lib/gcc/arm-none-eabi/10.3.1/thumb/v7e-m+dp/hard/libTeensy41Core.a(HardwareSerial.o)
                0x0000000000008364                HardwareSerial::begin(unsigned long, unsigned short)
 .text._ZN14HardwareSerial3endEv
                0x0000000000008600       0x6c /Users/georgerosar/Documents/GitHub/iridescentCoconutSynth/gcc-arm-none-eabi-10.3-2021.10/lib/gcc/arm-none-eabi/10.3.1/thumb/v7e-m+dp/hard/libTeensy41Core.a(HardwareSerial.o)
                0x0000000000008600                HardwareSerial::end()
 .text._ZN14HardwareSerial17transmitterEnableEh
                0x000000000000866c       0x30 /Users/georgerosar/Documents/GitHub/iridescentCoconutSynth/gcc-arm-none-eabi-10.3-2021.10/lib/gcc/arm-none-eabi/10.3.1/thumb/v7e-m+dp/hard/libTeensy41Core.a(HardwareSerial.o)
                0x000000000000866c                HardwareSerial::transmitterEnable(unsigned char)
 .text._ZN14HardwareSerial5setRXEh
                0x000000000000869c       0xcc /Users/georgerosar/Documents/GitHub/iridescentCoconutSynth/gcc-arm-none-eabi-10.3-2021.10/lib/gcc/arm-none-eabi/10.3.1/thumb/v7e-m+dp/hard/libTeensy41Core.a(HardwareSerial.o)
                0x000000000000869c                HardwareSerial::setRX(unsigned char)
 .text._ZN14HardwareSerial5setTXEhb
                0x0000000000008768       0x88 /Users/georgerosar/Documents/GitHub/iridescentCoconutSynth/gcc-arm-none-eabi-10.3-2021.10/lib/gcc/arm-none-eabi/10.3.1/thumb/v7e-m+dp/hard/libTeensy41Core.a(HardwareSerial.o)
                0x0000000000008768                HardwareSerial::setTX(unsigned char, bool)
 .text._ZN14HardwareSerial9attachRtsEh
                0x00000000000087f0       0x4c /Users/georgerosar/Documents/GitHub/iridescentCoconutSynth/gcc-arm-none-eabi-10.3-2021.10/lib/gcc/arm-none-eabi/10.3.1/thumb/v7e-m+dp/hard/libTeensy41Core.a(HardwareSerial.o)
                0x00000000000087f0                HardwareSerial::attachRts(unsigned char)
 .text._ZN14HardwareSerial9attachCtsEh
                0x000000000000883c       0xb8 /Users/georgerosar/Documents/GitHub/iridescentCoconutSynth/gcc-arm-none-eabi-10.3-2021.10/lib/gcc/arm-none-eabi/10.3.1/thumb/v7e-m+dp/hard/libTeensy41Core.a(HardwareSerial.o)
                0x000000000000883c                HardwareSerial::attachCts(unsigned char)
 .text._ZN14HardwareSerial5clearEv
                0x00000000000088f4       0x18 /Users/georgerosar/Documents/GitHub/iridescentCoconutSynth/gcc-arm-none-eabi-10.3-2021.10/lib/gcc/arm-none-eabi/10.3.1/thumb/v7e-m+dp/hard/libTeensy41Core.a(HardwareSerial.o)
                0x00000000000088f4                HardwareSerial::clear()
 .text._ZN14HardwareSerial16addMemoryForReadEPvj
                0x000000000000890c       0x34 /Users/georgerosar/Documents/GitHub/iridescentCoconutSynth/gcc-arm-none-eabi-10.3-2021.10/lib/gcc/arm-none-eabi/10.3.1/thumb/v7e-m+dp/hard/libTeensy41Core.a(HardwareSerial.o)
                0x000000000000890c                HardwareSerial::addMemoryForRead(void*, unsigned int)
 .text._ZN14HardwareSerial17addMemoryForWriteEPvj
                0x0000000000008940       0x1c /Users/georgerosar/Documents/GitHub/iridescentCoconutSynth/gcc-arm-none-eabi-10.3-2021.10/lib/gcc/arm-none-eabi/10.3.1/thumb/v7e-m+dp/hard/libTeensy41Core.a(HardwareSerial.o)
                0x0000000000008940                HardwareSerial::addMemoryForWrite(void*, unsigned int)
 .text._ZN14HardwareSerial9write9bitEm
                0x000000000000895c       0xd8 /Users/georgerosar/Documents/GitHub/iridescentCoconutSynth/gcc-arm-none-eabi-10.3-2021.10/lib/gcc/arm-none-eabi/10.3.1/thumb/v7e-m+dp/hard/libTeensy41Core.a(HardwareSerial.o)
                0x000000000000895c                HardwareSerial::write9bit(unsigned long)
 .text._ZN14HardwareSerial5writeEh
                0x0000000000008a34        0x4 /Users/georgerosar/Documents/GitHub/iridescentCoconutSynth/gcc-arm-none-eabi-10.3-2021.10/lib/gcc/arm-none-eabi/10.3.1/thumb/v7e-m+dp/hard/libTeensy41Core.a(HardwareSerial.o)
                0x0000000000008a34                HardwareSerial::write(unsigned char)
 .text._ZN14HardwareSerial10IRQHandlerEv
                0x0000000000008a38      0x164 /Users/georgerosar/Documents/GitHub/iridescentCoconutSynth/gcc-arm-none-eabi-10.3-2021.10/lib/gcc/arm-none-eabi/10.3.1/thumb/v7e-m+dp/hard/libTeensy41Core.a(HardwareSerial.o)
                0x0000000000008a38                HardwareSerial::IRQHandler()
 .text._ZN14HardwareSerial21addToSerialEventsListEv
                0x0000000000008b9c       0x50 /Users/georgerosar/Documents/GitHub/iridescentCoconutSynth/gcc-arm-none-eabi-10.3-2021.10/lib/gcc/arm-none-eabi/10.3.1/thumb/v7e-m+dp/hard/libTeensy41Core.a(HardwareSerial.o)
                0x0000000000008b9c                HardwareSerial::addToSerialEventsList()
 .text._ZN5Print17availableForWriteEv
                0x0000000000008bec        0x4 /Users/georgerosar/Documents/GitHub/iridescentCoconutSynth/gcc-arm-none-eabi-10.3-2021.10/lib/gcc/arm-none-eabi/10.3.1/thumb/v7e-m+dp/hard/libTeensy41Core.a(Print.o)
                0x0000000000008bec                Print::availableForWrite()
 .text._ZN5Print5flushEv
                0x0000000000008bf0        0x4 /Users/georgerosar/Documents/GitHub/iridescentCoconutSynth/gcc-arm-none-eabi-10.3-2021.10/lib/gcc/arm-none-eabi/10.3.1/thumb/v7e-m+dp/hard/libTeensy41Core.a(Print.o)
                0x0000000000008bf0                Print::flush()
 .text._ZN16usb_serial_class5writeEh
                0x0000000000008bf4        0x8 /Users/georgerosar/Documents/GitHub/iridescentCoconutSynth/gcc-arm-none-eabi-10.3-2021.10/lib/gcc/arm-none-eabi/10.3.1/thumb/v7e-m+dp/hard/libTeensy41Core.a(Print.o)
                0x0000000000008bf4                usb_serial_class::write(unsigned char)
 .text._ZN5Print11printNumberEmhh.part.0
                0x0000000000008bfc       0x80 /Users/georgerosar/Documents/GitHub/iridescentCoconutSynth/gcc-arm-none-eabi-10.3-2021.10/lib/gcc/arm-none-eabi/10.3.1/thumb/v7e-m+dp/hard/libTeensy41Core.a(Print.o)
 .text._ZN5Print5writeEPKhj
                0x0000000000008c7c       0x50 /Users/georgerosar/Documents/GitHub/iridescentCoconutSynth/gcc-arm-none-eabi-10.3-2021.10/lib/gcc/arm-none-eabi/10.3.1/thumb/v7e-m+dp/hard/libTeensy41Core.a(Print.o)
                0x0000000000008c7c                Print::write(unsigned char const*, unsigned int)
 .text._ZN5Print5printERK6String
                0x0000000000008ccc       0x4c /Users/georgerosar/Documents/GitHub/iridescentCoconutSynth/gcc-arm-none-eabi-10.3-2021.10/lib/gcc/arm-none-eabi/10.3.1/thumb/v7e-m+dp/hard/libTeensy41Core.a(Print.o)
                0x0000000000008ccc                Print::print(String const&)
 .text._ZN5Print5printEl
                0x0000000000008d18       0x18 /Users/georgerosar/Documents/GitHub/iridescentCoconutSynth/gcc-arm-none-eabi-10.3-2021.10/lib/gcc/arm-none-eabi/10.3.1/thumb/v7e-m+dp/hard/libTeensy41Core.a(Print.o)
                0x0000000000008d18                Print::print(long)
 .text._ZN5Print7printlnEv
                0x0000000000008d30       0x1c /Users/georgerosar/Documents/GitHub/iridescentCoconutSynth/gcc-arm-none-eabi-10.3-2021.10/lib/gcc/arm-none-eabi/10.3.1/thumb/v7e-m+dp/hard/libTeensy41Core.a(Print.o)
                0x0000000000008d30                Print::println()
 .text._write   0x0000000000008d4c       0x10 /Users/georgerosar/Documents/GitHub/iridescentCoconutSynth/gcc-arm-none-eabi-10.3-2021.10/lib/gcc/arm-none-eabi/10.3.1/thumb/v7e-m+dp/hard/libTeensy41Core.a(Print.o)
                0x0000000000008d4c                _write
 .text._ZN5Print6printfEPKcz
                0x0000000000008d5c       0x1c /Users/georgerosar/Documents/GitHub/iridescentCoconutSynth/gcc-arm-none-eabi-10.3-2021.10/lib/gcc/arm-none-eabi/10.3.1/thumb/v7e-m+dp/hard/libTeensy41Core.a(Print.o)
                0x0000000000008d5c                Print::printf(char const*, ...)
 .text._ZN5Print6printfEPK19__FlashStringHelperz
                0x0000000000008d78       0x1c /Users/georgerosar/Documents/GitHub/iridescentCoconutSynth/gcc-arm-none-eabi-10.3-2021.10/lib/gcc/arm-none-eabi/10.3.1/thumb/v7e-m+dp/hard/libTeensy41Core.a(Print.o)
                0x0000000000008d78                Print::printf(__FlashStringHelper const*, ...)
 .text._ZN5Print11printNumberEmhh
                0x0000000000008d94       0x28 /Users/georgerosar/Documents/GitHub/iridescentCoconutSynth/gcc-arm-none-eabi-10.3-2021.10/lib/gcc/arm-none-eabi/10.3.1/thumb/v7e-m+dp/hard/libTeensy41Core.a(Print.o)
                0x0000000000008d94                Print::printNumber(unsigned long, unsigned char, unsigned char)
 .text._ZN5Print13printNumber64Eyhh
                0x0000000000008dbc       0xa4 /Users/georgerosar/Documents/GitHub/iridescentCoconutSynth/gcc-arm-none-eabi-10.3-2021.10/lib/gcc/arm-none-eabi/10.3.1/thumb/v7e-m+dp/hard/libTeensy41Core.a(Print.o)
                0x0000000000008dbc                Print::printNumber64(unsigned long long, unsigned char, unsigned char)
 .text._ZN5Print5printEx
                0x0000000000008e60       0x34 /Users/georgerosar/Documents/GitHub/iridescentCoconutSynth/gcc-arm-none-eabi-10.3-2021.10/lib/gcc/arm-none-eabi/10.3.1/thumb/v7e-m+dp/hard/libTeensy41Core.a(Print.o)
                0x0000000000008e60                Print::print(long long)
 *fill*         0x0000000000008e94        0x4 
 .text._ZN5Print10printFloatEdh
                0x0000000000008e98      0x15c /Users/georgerosar/Documents/GitHub/iridescentCoconutSynth/gcc-arm-none-eabi-10.3-2021.10/lib/gcc/arm-none-eabi/10.3.1/thumb/v7e-m+dp/hard/libTeensy41Core.a(Print.o)
                0x0000000000008e98                Print::printFloat(double, unsigned char)
 .text._ZN6StringC2EPK19__FlashStringHelper
                0x0000000000008ff4       0x3c /Users/georgerosar/Documents/GitHub/iridescentCoconutSynth/gcc-arm-none-eabi-10.3-2021.10/lib/gcc/arm-none-eabi/10.3.1/thumb/v7e-m+dp/hard/libTeensy41Core.a(WString.o)
                0x0000000000008ff4                String::String(__FlashStringHelper const*)
                0x0000000000008ff4                String::String(__FlashStringHelper const*)
 .text._ZN6StringC2ERKS_
                0x0000000000009030       0x44 /Users/georgerosar/Documents/GitHub/iridescentCoconutSynth/gcc-arm-none-eabi-10.3-2021.10/lib/gcc/arm-none-eabi/10.3.1/thumb/v7e-m+dp/hard/libTeensy41Core.a(WString.o)
                0x0000000000009030                String::String(String const&)
                0x0000000000009030                String::String(String const&)
 .text._ZN6StringC2EOS_
                0x0000000000009074       0x2c /Users/georgerosar/Documents/GitHub/iridescentCoconutSynth/gcc-arm-none-eabi-10.3-2021.10/lib/gcc/arm-none-eabi/10.3.1/thumb/v7e-m+dp/hard/libTeensy41Core.a(WString.o)
                0x0000000000009074                String::String(String&&)
                0x0000000000009074                String::String(String&&)
 .text._ZN6StringC2EO15StringSumHelper
                0x00000000000090a0       0x2c /Users/georgerosar/Documents/GitHub/iridescentCoconutSynth/gcc-arm-none-eabi-10.3-2021.10/lib/gcc/arm-none-eabi/10.3.1/thumb/v7e-m+dp/hard/libTeensy41Core.a(WString.o)
                0x00000000000090a0                String::String(StringSumHelper&&)
                0x00000000000090a0                String::String(StringSumHelper&&)
 .text._ZN6StringC2Ec
                0x00000000000090cc       0x3c /Users/georgerosar/Documents/GitHub/iridescentCoconutSynth/gcc-arm-none-eabi-10.3-2021.10/lib/gcc/arm-none-eabi/10.3.1/thumb/v7e-m+dp/hard/libTeensy41Core.a(WString.o)
                0x00000000000090cc                String::String(char)
                0x00000000000090cc                String::String(char)
 .text._ZN6StringD2Ev
                0x0000000000009108       0x10 /Users/georgerosar/Documents/GitHub/iridescentCoconutSynth/gcc-arm-none-eabi-10.3-2021.10/lib/gcc/arm-none-eabi/10.3.1/thumb/v7e-m+dp/hard/libTeensy41Core.a(WString.o)
                0x0000000000009108                String::~String()
                0x0000000000009108                String::~String()
 .text._ZN6String7reserveEj
                0x0000000000009118       0x30 /Users/georgerosar/Documents/GitHub/iridescentCoconutSynth/gcc-arm-none-eabi-10.3-2021.10/lib/gcc/arm-none-eabi/10.3.1/thumb/v7e-m+dp/hard/libTeensy41Core.a(WString.o)
                0x0000000000009118                String::reserve(unsigned int)
 .text._ZN6String12changeBufferEj
                0x0000000000009148       0x1c /Users/georgerosar/Documents/GitHub/iridescentCoconutSynth/gcc-arm-none-eabi-10.3-2021.10/lib/gcc/arm-none-eabi/10.3.1/thumb/v7e-m+dp/hard/libTeensy41Core.a(WString.o)
                0x0000000000009148                String::changeBuffer(unsigned int)
 .text._ZN6String4copyEPKcj
                0x0000000000009164       0x68 /Users/georgerosar/Documents/GitHub/iridescentCoconutSynth/gcc-arm-none-eabi-10.3-2021.10/lib/gcc/arm-none-eabi/10.3.1/thumb/v7e-m+dp/hard/libTeensy41Core.a(WString.o)
                0x0000000000009164                String::copy(char const*, unsigned int)
 .text._ZN6StringC2EPKc
                0x00000000000091cc       0x28 /Users/georgerosar/Documents/GitHub/iridescentCoconutSynth/gcc-arm-none-eabi-10.3-2021.10/lib/gcc/arm-none-eabi/10.3.1/thumb/v7e-m+dp/hard/libTeensy41Core.a(WString.o)
                0x00000000000091cc                String::String(char const*)
                0x00000000000091cc                String::String(char const*)
 .text._ZN6StringC2Emh
                0x00000000000091f4       0x30 /Users/georgerosar/Documents/GitHub/iridescentCoconutSynth/gcc-arm-none-eabi-10.3-2021.10/lib/gcc/arm-none-eabi/10.3.1/thumb/v7e-m+dp/hard/libTeensy41Core.a(WString.o)
                0x00000000000091f4                String::String(unsigned long, unsigned char)
                0x00000000000091f4                String::String(unsigned long, unsigned char)
 .text._ZN6StringC2Eh
                0x0000000000009224       0x30 /Users/georgerosar/Documents/GitHub/iridescentCoconutSynth/gcc-arm-none-eabi-10.3-2021.10/lib/gcc/arm-none-eabi/10.3.1/thumb/v7e-m+dp/hard/libTeensy41Core.a(WString.o)
                0x0000000000009224                String::String(unsigned char)
                0x0000000000009224                String::String(unsigned char)
 .text._ZN6StringC2Eih
                0x0000000000009254       0x30 /Users/georgerosar/Documents/GitHub/iridescentCoconutSynth/gcc-arm-none-eabi-10.3-2021.10/lib/gcc/arm-none-eabi/10.3.1/thumb/v7e-m+dp/hard/libTeensy41Core.a(WString.o)
                0x0000000000009254                String::String(int, unsigned char)
                0x0000000000009254                String::String(int, unsigned char)
 .text._ZN6StringC2Ejh
                0x0000000000009284       0x30 /Users/georgerosar/Documents/GitHub/iridescentCoconutSynth/gcc-arm-none-eabi-10.3-2021.10/lib/gcc/arm-none-eabi/10.3.1/thumb/v7e-m+dp/hard/libTeensy41Core.a(WString.o)
                0x0000000000009284                String::String(unsigned int, unsigned char)
                0x0000000000009284                String::String(unsigned int, unsigned char)
 .text._ZN6StringC2Elh
                0x00000000000092b4       0x30 /Users/georgerosar/Documents/GitHub/iridescentCoconutSynth/gcc-arm-none-eabi-10.3-2021.10/lib/gcc/arm-none-eabi/10.3.1/thumb/v7e-m+dp/hard/libTeensy41Core.a(WString.o)
                0x00000000000092b4                String::String(long, unsigned char)
                0x00000000000092b4                String::String(long, unsigned char)
 .text._ZN6StringC2Efh
                0x00000000000092e4       0x38 /Users/georgerosar/Documents/GitHub/iridescentCoconutSynth/gcc-arm-none-eabi-10.3-2021.10/lib/gcc/arm-none-eabi/10.3.1/thumb/v7e-m+dp/hard/libTeensy41Core.a(WString.o)
                0x00000000000092e4                String::String(float, unsigned char)
                0x00000000000092e4                String::String(float, unsigned char)
 .text._ZN6String4moveERS_
                0x000000000000931c       0x2c /Users/georgerosar/Documents/GitHub/iridescentCoconutSynth/gcc-arm-none-eabi-10.3-2021.10/lib/gcc/arm-none-eabi/10.3.1/thumb/v7e-m+dp/hard/libTeensy41Core.a(WString.o)
                0x000000000000931c                String::move(String&)
 .text._ZN6StringaSERKS_
                0x0000000000009348       0x10 /Users/georgerosar/Documents/GitHub/iridescentCoconutSynth/gcc-arm-none-eabi-10.3-2021.10/lib/gcc/arm-none-eabi/10.3.1/thumb/v7e-m+dp/hard/libTeensy41Core.a(WString.o)
                0x0000000000009348                String::operator=(String const&)
 .text._ZN6StringaSEOS_
                0x0000000000009358       0x2c /Users/georgerosar/Documents/GitHub/iridescentCoconutSynth/gcc-arm-none-eabi-10.3-2021.10/lib/gcc/arm-none-eabi/10.3.1/thumb/v7e-m+dp/hard/libTeensy41Core.a(WString.o)
                0x0000000000009358                String::operator=(String&&)
 .text._ZN6StringaSEO15StringSumHelper
                0x0000000000009384       0x2c /Users/georgerosar/Documents/GitHub/iridescentCoconutSynth/gcc-arm-none-eabi-10.3-2021.10/lib/gcc/arm-none-eabi/10.3.1/thumb/v7e-m+dp/hard/libTeensy41Core.a(WString.o)
                0x0000000000009384                String::operator=(StringSumHelper&&)
 .text._ZN6StringaSEPKc
                0x00000000000093b0       0x24 /Users/georgerosar/Documents/GitHub/iridescentCoconutSynth/gcc-arm-none-eabi-10.3-2021.10/lib/gcc/arm-none-eabi/10.3.1/thumb/v7e-m+dp/hard/libTeensy41Core.a(WString.o)
                0x00000000000093b0                String::operator=(char const*)
 .text._ZN6StringaSEPK19__FlashStringHelper
                0x00000000000093d4       0x20 /Users/georgerosar/Documents/GitHub/iridescentCoconutSynth/gcc-arm-none-eabi-10.3-2021.10/lib/gcc/arm-none-eabi/10.3.1/thumb/v7e-m+dp/hard/libTeensy41Core.a(WString.o)
                0x00000000000093d4                String::operator=(__FlashStringHelper const*)
 .text._ZN6StringaSEc
                0x00000000000093f4       0x5c /Users/georgerosar/Documents/GitHub/iridescentCoconutSynth/gcc-arm-none-eabi-10.3-2021.10/lib/gcc/arm-none-eabi/10.3.1/thumb/v7e-m+dp/hard/libTeensy41Core.a(WString.o)
                0x00000000000093f4                String::operator=(char)
 .text._ZN6String6appendEPKcj
                0x0000000000009450       0x7c /Users/georgerosar/Documents/GitHub/iridescentCoconutSynth/gcc-arm-none-eabi-10.3-2021.10/lib/gcc/arm-none-eabi/10.3.1/thumb/v7e-m+dp/hard/libTeensy41Core.a(WString.o)
                0x0000000000009450                String::append(char const*, unsigned int)
 .text._ZN6String6appendERKS_
                0x00000000000094cc        0x8 /Users/georgerosar/Documents/GitHub/iridescentCoconutSynth/gcc-arm-none-eabi-10.3-2021.10/lib/gcc/arm-none-eabi/10.3.1/thumb/v7e-m+dp/hard/libTeensy41Core.a(WString.o)
                0x00000000000094cc                String::append(String const&)
 .text._ZN6String6appendEPKc
                0x00000000000094d4       0x1c /Users/georgerosar/Documents/GitHub/iridescentCoconutSynth/gcc-arm-none-eabi-10.3-2021.10/lib/gcc/arm-none-eabi/10.3.1/thumb/v7e-m+dp/hard/libTeensy41Core.a(WString.o)
                0x00000000000094d4                String::append(char const*)
 .text._ZN6String6appendEc
                0x00000000000094f0       0x20 /Users/georgerosar/Documents/GitHub/iridescentCoconutSynth/gcc-arm-none-eabi-10.3-2021.10/lib/gcc/arm-none-eabi/10.3.1/thumb/v7e-m+dp/hard/libTeensy41Core.a(WString.o)
                0x00000000000094f0                String::append(char)
 .text._ZN6String6appendEi
                0x0000000000009510       0x28 /Users/georgerosar/Documents/GitHub/iridescentCoconutSynth/gcc-arm-none-eabi-10.3-2021.10/lib/gcc/arm-none-eabi/10.3.1/thumb/v7e-m+dp/hard/libTeensy41Core.a(WString.o)
                0x0000000000009510                String::append(int)
 .text._ZN6String6appendEj
                0x0000000000009538       0x28 /Users/georgerosar/Documents/GitHub/iridescentCoconutSynth/gcc-arm-none-eabi-10.3-2021.10/lib/gcc/arm-none-eabi/10.3.1/thumb/v7e-m+dp/hard/libTeensy41Core.a(WString.o)
                0x0000000000009538                String::append(unsigned int)
 .text._ZN6String6appendEl
                0x0000000000009560       0x28 /Users/georgerosar/Documents/GitHub/iridescentCoconutSynth/gcc-arm-none-eabi-10.3-2021.10/lib/gcc/arm-none-eabi/10.3.1/thumb/v7e-m+dp/hard/libTeensy41Core.a(WString.o)
                0x0000000000009560                String::append(long)
 .text._ZN6String6appendEm
                0x0000000000009588       0x28 /Users/georgerosar/Documents/GitHub/iridescentCoconutSynth/gcc-arm-none-eabi-10.3-2021.10/lib/gcc/arm-none-eabi/10.3.1/thumb/v7e-m+dp/hard/libTeensy41Core.a(WString.o)
                0x0000000000009588                String::append(unsigned long)
 .text._ZN6String6appendEf
                0x00000000000095b0       0x28 /Users/georgerosar/Documents/GitHub/iridescentCoconutSynth/gcc-arm-none-eabi-10.3-2021.10/lib/gcc/arm-none-eabi/10.3.1/thumb/v7e-m+dp/hard/libTeensy41Core.a(WString.o)
                0x00000000000095b0                String::append(float)
 .text._ZplRK15StringSumHelperRK6String
                0x00000000000095d8       0x10 /Users/georgerosar/Documents/GitHub/iridescentCoconutSynth/gcc-arm-none-eabi-10.3-2021.10/lib/gcc/arm-none-eabi/10.3.1/thumb/v7e-m+dp/hard/libTeensy41Core.a(WString.o)
                0x00000000000095d8                operator+(StringSumHelper const&, String const&)
 .text._ZplRK15StringSumHelperPKc
                0x00000000000095e8       0x1c /Users/georgerosar/Documents/GitHub/iridescentCoconutSynth/gcc-arm-none-eabi-10.3-2021.10/lib/gcc/arm-none-eabi/10.3.1/thumb/v7e-m+dp/hard/libTeensy41Core.a(WString.o)
                0x00000000000095e8                operator+(StringSumHelper const&, char const*)
 .text._ZplRK15StringSumHelperPK19__FlashStringHelper
                0x0000000000009604       0x20 /Users/georgerosar/Documents/GitHub/iridescentCoconutSynth/gcc-arm-none-eabi-10.3-2021.10/lib/gcc/arm-none-eabi/10.3.1/thumb/v7e-m+dp/hard/libTeensy41Core.a(WString.o)
                0x0000000000009604                operator+(StringSumHelper const&, __FlashStringHelper const*)
 .text._ZplRK15StringSumHelperc
                0x0000000000009624       0x20 /Users/georgerosar/Documents/GitHub/iridescentCoconutSynth/gcc-arm-none-eabi-10.3-2021.10/lib/gcc/arm-none-eabi/10.3.1/thumb/v7e-m+dp/hard/libTeensy41Core.a(WString.o)
                0x0000000000009624                operator+(StringSumHelper const&, char)
 .text._ZplRK15StringSumHelperh
                0x0000000000009644       0x28 /Users/georgerosar/Documents/GitHub/iridescentCoconutSynth/gcc-arm-none-eabi-10.3-2021.10/lib/gcc/arm-none-eabi/10.3.1/thumb/v7e-m+dp/hard/libTeensy41Core.a(WString.o)
                0x0000000000009644                operator+(StringSumHelper const&, unsigned char)
 .text._ZplRK15StringSumHelperi
                0x000000000000966c       0x28 /Users/georgerosar/Documents/GitHub/iridescentCoconutSynth/gcc-arm-none-eabi-10.3-2021.10/lib/gcc/arm-none-eabi/10.3.1/thumb/v7e-m+dp/hard/libTeensy41Core.a(WString.o)
                0x000000000000966c                operator+(StringSumHelper const&, int)
 .text._ZplRK15StringSumHelperj
                0x0000000000009694       0x28 /Users/georgerosar/Documents/GitHub/iridescentCoconutSynth/gcc-arm-none-eabi-10.3-2021.10/lib/gcc/arm-none-eabi/10.3.1/thumb/v7e-m+dp/hard/libTeensy41Core.a(WString.o)
                0x0000000000009694                operator+(StringSumHelper const&, unsigned int)
 .text._ZplRK15StringSumHelperl
                0x00000000000096bc       0x28 /Users/georgerosar/Documents/GitHub/iridescentCoconutSynth/gcc-arm-none-eabi-10.3-2021.10/lib/gcc/arm-none-eabi/10.3.1/thumb/v7e-m+dp/hard/libTeensy41Core.a(WString.o)
                0x00000000000096bc                operator+(StringSumHelper const&, long)
 .text._ZplRK15StringSumHelperm
                0x00000000000096e4       0x28 /Users/georgerosar/Documents/GitHub/iridescentCoconutSynth/gcc-arm-none-eabi-10.3-2021.10/lib/gcc/arm-none-eabi/10.3.1/thumb/v7e-m+dp/hard/libTeensy41Core.a(WString.o)
                0x00000000000096e4                operator+(StringSumHelper const&, unsigned long)
 .text._ZplRK15StringSumHelperf
                0x000000000000970c       0x28 /Users/georgerosar/Documents/GitHub/iridescentCoconutSynth/gcc-arm-none-eabi-10.3-2021.10/lib/gcc/arm-none-eabi/10.3.1/thumb/v7e-m+dp/hard/libTeensy41Core.a(WString.o)
                0x000000000000970c                operator+(StringSumHelper const&, float)
 .text._ZplRK15StringSumHelperd
                0x0000000000009734       0x2c /Users/georgerosar/Documents/GitHub/iridescentCoconutSynth/gcc-arm-none-eabi-10.3-2021.10/lib/gcc/arm-none-eabi/10.3.1/thumb/v7e-m+dp/hard/libTeensy41Core.a(WString.o)
                0x0000000000009734                operator+(StringSumHelper const&, double)
 .text._ZNK6String9compareToERKS_
                0x0000000000009760       0x2c /Users/georgerosar/Documents/GitHub/iridescentCoconutSynth/gcc-arm-none-eabi-10.3-2021.10/lib/gcc/arm-none-eabi/10.3.1/thumb/v7e-m+dp/hard/libTeensy41Core.a(WString.o)
                0x0000000000009760                String::compareTo(String const&) const
 .text._ZNK6String6equalsERKS_
                0x000000000000978c       0x38 /Users/georgerosar/Documents/GitHub/iridescentCoconutSynth/gcc-arm-none-eabi-10.3-2021.10/lib/gcc/arm-none-eabi/10.3.1/thumb/v7e-m+dp/hard/libTeensy41Core.a(WString.o)
                0x000000000000978c                String::equals(String const&) const
 .text._ZNK6String6equalsEPKc
                0x00000000000097c4       0x2c /Users/georgerosar/Documents/GitHub/iridescentCoconutSynth/gcc-arm-none-eabi-10.3-2021.10/lib/gcc/arm-none-eabi/10.3.1/thumb/v7e-m+dp/hard/libTeensy41Core.a(WString.o)
                0x00000000000097c4                String::equals(char const*) const
 .text._ZNK6StringltERKS_
                0x00000000000097f0       0x2c /Users/georgerosar/Documents/GitHub/iridescentCoconutSynth/gcc-arm-none-eabi-10.3-2021.10/lib/gcc/arm-none-eabi/10.3.1/thumb/v7e-m+dp/hard/libTeensy41Core.a(WString.o)
                0x00000000000097f0                String::operator<(String const&) const
 .text._ZNK6StringgtERKS_
                0x000000000000981c       0x30 /Users/georgerosar/Documents/GitHub/iridescentCoconutSynth/gcc-arm-none-eabi-10.3-2021.10/lib/gcc/arm-none-eabi/10.3.1/thumb/v7e-m+dp/hard/libTeensy41Core.a(WString.o)
                0x000000000000981c                String::operator>(String const&) const
 .text._ZNK6StringleERKS_
                0x000000000000984c       0x2c /Users/georgerosar/Documents/GitHub/iridescentCoconutSynth/gcc-arm-none-eabi-10.3-2021.10/lib/gcc/arm-none-eabi/10.3.1/thumb/v7e-m+dp/hard/libTeensy41Core.a(WString.o)
                0x000000000000984c                String::operator<=(String const&) const
 .text._ZNK6StringgeERKS_
                0x0000000000009878       0x30 /Users/georgerosar/Documents/GitHub/iridescentCoconutSynth/gcc-arm-none-eabi-10.3-2021.10/lib/gcc/arm-none-eabi/10.3.1/thumb/v7e-m+dp/hard/libTeensy41Core.a(WString.o)
                0x0000000000009878                String::operator>=(String const&) const
 .text._ZNK6String16equalsIgnoreCaseERKS_
                0x00000000000098a8       0x44 /Users/georgerosar/Documents/GitHub/iridescentCoconutSynth/gcc-arm-none-eabi-10.3-2021.10/lib/gcc/arm-none-eabi/10.3.1/thumb/v7e-m+dp/hard/libTeensy41Core.a(WString.o)
                0x00000000000098a8                String::equalsIgnoreCase(String const&) const
 .text._ZNK6String10startsWithERKS_
                0x00000000000098ec       0x28 /Users/georgerosar/Documents/GitHub/iridescentCoconutSynth/gcc-arm-none-eabi-10.3-2021.10/lib/gcc/arm-none-eabi/10.3.1/thumb/v7e-m+dp/hard/libTeensy41Core.a(WString.o)
                0x00000000000098ec                String::startsWith(String const&) const
 .text._ZNK6String10startsWithERKS_j
                0x0000000000009914       0x30 /Users/georgerosar/Documents/GitHub/iridescentCoconutSynth/gcc-arm-none-eabi-10.3-2021.10/lib/gcc/arm-none-eabi/10.3.1/thumb/v7e-m+dp/hard/libTeensy41Core.a(WString.o)
                0x0000000000009914                String::startsWith(String const&, unsigned int) const
 .text._ZNK6String8endsWithERKS_
                0x0000000000009944       0x2c /Users/georgerosar/Documents/GitHub/iridescentCoconutSynth/gcc-arm-none-eabi-10.3-2021.10/lib/gcc/arm-none-eabi/10.3.1/thumb/v7e-m+dp/hard/libTeensy41Core.a(WString.o)
                0x0000000000009944                String::endsWith(String const&) const
 .text._ZNK6String6charAtEj
                0x0000000000009970       0x14 /Users/georgerosar/Documents/GitHub/iridescentCoconutSynth/gcc-arm-none-eabi-10.3-2021.10/lib/gcc/arm-none-eabi/10.3.1/thumb/v7e-m+dp/hard/libTeensy41Core.a(WString.o)
                0x0000000000009970                String::charAt(unsigned int) const
 .text._ZN6String9setCharAtEjc
                0x0000000000009984        0xc /Users/georgerosar/Documents/GitHub/iridescentCoconutSynth/gcc-arm-none-eabi-10.3-2021.10/lib/gcc/arm-none-eabi/10.3.1/thumb/v7e-m+dp/hard/libTeensy41Core.a(WString.o)
                0x0000000000009984                String::setCharAt(unsigned int, char)
 .text._ZN6StringixEj
                0x0000000000009990       0x1c /Users/georgerosar/Documents/GitHub/iridescentCoconutSynth/gcc-arm-none-eabi-10.3-2021.10/lib/gcc/arm-none-eabi/10.3.1/thumb/v7e-m+dp/hard/libTeensy41Core.a(WString.o)
                0x0000000000009990                String::operator[](unsigned int)
 .text._ZNK6StringixEj
                0x00000000000099ac       0x14 /Users/georgerosar/Documents/GitHub/iridescentCoconutSynth/gcc-arm-none-eabi-10.3-2021.10/lib/gcc/arm-none-eabi/10.3.1/thumb/v7e-m+dp/hard/libTeensy41Core.a(WString.o)
                0x00000000000099ac                String::operator[](unsigned int) const
 .text._ZNK6String8getBytesEPhjj
                0x00000000000099c0       0x34 /Users/georgerosar/Documents/GitHub/iridescentCoconutSynth/gcc-arm-none-eabi-10.3-2021.10/lib/gcc/arm-none-eabi/10.3.1/thumb/v7e-m+dp/hard/libTeensy41Core.a(WString.o)
                0x00000000000099c0                String::getBytes(unsigned char*, unsigned int, unsigned int) const
 .text._ZNK6String7indexOfEc
                0x00000000000099f4       0x20 /Users/georgerosar/Documents/GitHub/iridescentCoconutSynth/gcc-arm-none-eabi-10.3-2021.10/lib/gcc/arm-none-eabi/10.3.1/thumb/v7e-m+dp/hard/libTeensy41Core.a(WString.o)
                0x00000000000099f4                String::indexOf(char) const
 .text._ZNK6String7indexOfEcj
                0x0000000000009a14       0x24 /Users/georgerosar/Documents/GitHub/iridescentCoconutSynth/gcc-arm-none-eabi-10.3-2021.10/lib/gcc/arm-none-eabi/10.3.1/thumb/v7e-m+dp/hard/libTeensy41Core.a(WString.o)
                0x0000000000009a14                String::indexOf(char, unsigned int) const
 .text._ZNK6String7indexOfERKS_
                0x0000000000009a38       0x24 /Users/georgerosar/Documents/GitHub/iridescentCoconutSynth/gcc-arm-none-eabi-10.3-2021.10/lib/gcc/arm-none-eabi/10.3.1/thumb/v7e-m+dp/hard/libTeensy41Core.a(WString.o)
                0x0000000000009a38                String::indexOf(String const&) const
 .text._ZNK6String7indexOfERKS_j
                0x0000000000009a5c       0x24 /Users/georgerosar/Documents/GitHub/iridescentCoconutSynth/gcc-arm-none-eabi-10.3-2021.10/lib/gcc/arm-none-eabi/10.3.1/thumb/v7e-m+dp/hard/libTeensy41Core.a(WString.o)
                0x0000000000009a5c                String::indexOf(String const&, unsigned int) const
 .text._ZNK6String11lastIndexOfEc
                0x0000000000009a80       0x28 /Users/georgerosar/Documents/GitHub/iridescentCoconutSynth/gcc-arm-none-eabi-10.3-2021.10/lib/gcc/arm-none-eabi/10.3.1/thumb/v7e-m+dp/hard/libTeensy41Core.a(WString.o)
                0x0000000000009a80                String::lastIndexOf(char) const
 .text._ZNK6String11lastIndexOfEcj
                0x0000000000009aa8       0x2c /Users/georgerosar/Documents/GitHub/iridescentCoconutSynth/gcc-arm-none-eabi-10.3-2021.10/lib/gcc/arm-none-eabi/10.3.1/thumb/v7e-m+dp/hard/libTeensy41Core.a(WString.o)
                0x0000000000009aa8                String::lastIndexOf(char, unsigned int) const
 .text._ZNK6String11lastIndexOfERKS_j
                0x0000000000009ad4       0x50 /Users/georgerosar/Documents/GitHub/iridescentCoconutSynth/gcc-arm-none-eabi-10.3-2021.10/lib/gcc/arm-none-eabi/10.3.1/thumb/v7e-m+dp/hard/libTeensy41Core.a(WString.o)
                0x0000000000009ad4                String::lastIndexOf(String const&, unsigned int) const
 .text._ZNK6String11lastIndexOfERKS_
                0x0000000000009b24        0xc /Users/georgerosar/Documents/GitHub/iridescentCoconutSynth/gcc-arm-none-eabi-10.3-2021.10/lib/gcc/arm-none-eabi/10.3.1/thumb/v7e-m+dp/hard/libTeensy41Core.a(WString.o)
                0x0000000000009b24                String::lastIndexOf(String const&) const
 .text._ZNK6String9substringEj
                0x0000000000009b30       0x58 /Users/georgerosar/Documents/GitHub/iridescentCoconutSynth/gcc-arm-none-eabi-10.3-2021.10/lib/gcc/arm-none-eabi/10.3.1/thumb/v7e-m+dp/hard/libTeensy41Core.a(WString.o)
                0x0000000000009b30                String::substring(unsigned int) const
 .text._ZNK6String9substringEjj
                0x0000000000009b88       0x58 /Users/georgerosar/Documents/GitHub/iridescentCoconutSynth/gcc-arm-none-eabi-10.3-2021.10/lib/gcc/arm-none-eabi/10.3.1/thumb/v7e-m+dp/hard/libTeensy41Core.a(WString.o)
                0x0000000000009b88                String::substring(unsigned int, unsigned int) const
 .text._ZN6String7replaceEcc
                0x0000000000009be0       0x20 /Users/georgerosar/Documents/GitHub/iridescentCoconutSynth/gcc-arm-none-eabi-10.3-2021.10/lib/gcc/arm-none-eabi/10.3.1/thumb/v7e-m+dp/hard/libTeensy41Core.a(WString.o)
                0x0000000000009be0                String::replace(char, char)
 .text._ZN6String7replaceERKS_S1_
                0x0000000000009c00      0x11c /Users/georgerosar/Documents/GitHub/iridescentCoconutSynth/gcc-arm-none-eabi-10.3-2021.10/lib/gcc/arm-none-eabi/10.3.1/thumb/v7e-m+dp/hard/libTeensy41Core.a(WString.o)
                0x0000000000009c00                String::replace(String const&, String const&)
 .text._ZN6String6removeEj
                0x0000000000009d1c       0x10 /Users/georgerosar/Documents/GitHub/iridescentCoconutSynth/gcc-arm-none-eabi-10.3-2021.10/lib/gcc/arm-none-eabi/10.3.1/thumb/v7e-m+dp/hard/libTeensy41Core.a(WString.o)
                0x0000000000009d1c                String::remove(unsigned int)
 .text._ZN6String6removeEjj
                0x0000000000009d2c       0x38 /Users/georgerosar/Documents/GitHub/iridescentCoconutSynth/gcc-arm-none-eabi-10.3-2021.10/lib/gcc/arm-none-eabi/10.3.1/thumb/v7e-m+dp/hard/libTeensy41Core.a(WString.o)
                0x0000000000009d2c                String::remove(unsigned int, unsigned int)
 .text._ZN6String11toLowerCaseEv
                0x0000000000009d64       0x20 /Users/georgerosar/Documents/GitHub/iridescentCoconutSynth/gcc-arm-none-eabi-10.3-2021.10/lib/gcc/arm-none-eabi/10.3.1/thumb/v7e-m+dp/hard/libTeensy41Core.a(WString.o)
                0x0000000000009d64                String::toLowerCase()
 .text._ZN6String11toUpperCaseEv
                0x0000000000009d84       0x20 /Users/georgerosar/Documents/GitHub/iridescentCoconutSynth/gcc-arm-none-eabi-10.3-2021.10/lib/gcc/arm-none-eabi/10.3.1/thumb/v7e-m+dp/hard/libTeensy41Core.a(WString.o)
                0x0000000000009d84                String::toUpperCase()
 .text._ZN6String4trimEv
                0x0000000000009da4       0x58 /Users/georgerosar/Documents/GitHub/iridescentCoconutSynth/gcc-arm-none-eabi-10.3-2021.10/lib/gcc/arm-none-eabi/10.3.1/thumb/v7e-m+dp/hard/libTeensy41Core.a(WString.o)
                0x0000000000009da4                String::trim()
 .text._ZNK6String5toIntEv
                0x0000000000009dfc        0xc /Users/georgerosar/Documents/GitHub/iridescentCoconutSynth/gcc-arm-none-eabi-10.3-2021.10/lib/gcc/arm-none-eabi/10.3.1/thumb/v7e-m+dp/hard/libTeensy41Core.a(WString.o)
                0x0000000000009dfc                String::toInt() const
 .text._ZNK6String7toFloatEv
                0x0000000000009e08       0x14 /Users/georgerosar/Documents/GitHub/iridescentCoconutSynth/gcc-arm-none-eabi-10.3-2021.10/lib/gcc/arm-none-eabi/10.3.1/thumb/v7e-m+dp/hard/libTeensy41Core.a(WString.o)
                0x0000000000009e08                String::toFloat() const
 .text.ultoa    0x0000000000009e1c       0x64 /Users/georgerosar/Documents/GitHub/iridescentCoconutSynth/gcc-arm-none-eabi-10.3-2021.10/lib/gcc/arm-none-eabi/10.3.1/thumb/v7e-m+dp/hard/libTeensy41Core.a(nonstd.o)
                0x0000000000009e1c                ultoa
 .text.ltoa     0x0000000000009e80       0x20 /Users/georgerosar/Documents/GitHub/iridescentCoconutSynth/gcc-arm-none-eabi-10.3-2021.10/lib/gcc/arm-none-eabi/10.3.1/thumb/v7e-m+dp/hard/libTeensy41Core.a(nonstd.o)
                0x0000000000009e80                ltoa
 .text.dtostrf  0x0000000000009ea0      0x350 /Users/georgerosar/Documents/GitHub/iridescentCoconutSynth/gcc-arm-none-eabi-10.3-2021.10/lib/gcc/arm-none-eabi/10.3.1/thumb/v7e-m+dp/hard/libTeensy41Core.a(nonstd.o)
                0x0000000000009ea0                dtostrf
 .text.flexpwmWrite
                0x000000000000a1f0       0xb0 /Users/georgerosar/Documents/GitHub/iridescentCoconutSynth/gcc-arm-none-eabi-10.3-2021.10/lib/gcc/arm-none-eabi/10.3.1/thumb/v7e-m+dp/hard/libTeensy41Core.a(pwm.o)
                0x000000000000a1f0                flexpwmWrite
 .text.flexpwmFrequency
                0x000000000000a2a0       0xdc /Users/georgerosar/Documents/GitHub/iridescentCoconutSynth/gcc-arm-none-eabi-10.3-2021.10/lib/gcc/arm-none-eabi/10.3.1/thumb/v7e-m+dp/hard/libTeensy41Core.a(pwm.o)
                0x000000000000a2a0                flexpwmFrequency
 .text.quadtimerWrite
                0x000000000000a37c       0x50 /Users/georgerosar/Documents/GitHub/iridescentCoconutSynth/gcc-arm-none-eabi-10.3-2021.10/lib/gcc/arm-none-eabi/10.3.1/thumb/v7e-m+dp/hard/libTeensy41Core.a(pwm.o)
                0x000000000000a37c                quadtimerWrite
 .text.quadtimerFrequency
                0x000000000000a3cc       0x98 /Users/georgerosar/Documents/GitHub/iridescentCoconutSynth/gcc-arm-none-eabi-10.3-2021.10/lib/gcc/arm-none-eabi/10.3.1/thumb/v7e-m+dp/hard/libTeensy41Core.a(pwm.o)
                0x000000000000a3cc                quadtimerFrequency
 .text.analogWrite
                0x000000000000a464       0xcc /Users/georgerosar/Documents/GitHub/iridescentCoconutSynth/gcc-arm-none-eabi-10.3-2021.10/lib/gcc/arm-none-eabi/10.3.1/thumb/v7e-m+dp/hard/libTeensy41Core.a(pwm.o)
                0x000000000000a464                analogWrite
 .text.analogWriteFrequency
                0x000000000000a530       0x70 /Users/georgerosar/Documents/GitHub/iridescentCoconutSynth/gcc-arm-none-eabi-10.3-2021.10/lib/gcc/arm-none-eabi/10.3.1/thumb/v7e-m+dp/hard/libTeensy41Core.a(pwm.o)
                0x000000000000a530                analogWriteFrequency
 .text.flexpwm_init
                0x000000000000a5a0       0x7c /Users/georgerosar/Documents/GitHub/iridescentCoconutSynth/gcc-arm-none-eabi-10.3-2021.10/lib/gcc/arm-none-eabi/10.3.1/thumb/v7e-m+dp/hard/libTeensy41Core.a(pwm.o)
                0x000000000000a5a0                flexpwm_init
 .text.quadtimer_init
                0x000000000000a61c       0x38 /Users/georgerosar/Documents/GitHub/iridescentCoconutSynth/gcc-arm-none-eabi-10.3-2021.10/lib/gcc/arm-none-eabi/10.3.1/thumb/v7e-m+dp/hard/libTeensy41Core.a(pwm.o)
                0x000000000000a61c                quadtimer_init
 .text.pwm_init